05-22 02:12:10.597 28610 28610 E hefeng  : runnable running
05-22 02:12:11.600 28610 28610 E hefeng  : runnable running
05-22 02:12:12.603 28610 28610 E hefeng  : runnable running
05-22 02:12:12.778  1183  1261 E mtk_storageproxyd: ipc-trustonic: ipc_trustonic_connect: Unable to resolve family name (-12)
05-22 02:12:13.607 28610 28610 E hefeng  : runnable running
05-22 02:12:13.781  1183  1261 E mtk_storageproxyd: ipc-trustonic: ipc_trustonic_connect: retry left 9
05-22 02:12:13.783  1183  1261 E mtk_storageproxyd: ipc-trustonic: ipc_trustonic_connect: Unable to resolve family name (-12)
05-22 02:12:14.611 28610 28610 E hefeng  : runnable running
05-22 02:12:14.786  1183  1261 E mtk_storageproxyd: ipc-trustonic: ipc_trustonic_connect: retry left 8
05-22 02:12:14.788  1183  1261 E mtk_storageproxyd: ipc-trustonic: ipc_trustonic_connect: Unable to resolve family name (-12)
05-22 02:12:15.613 28610 28610 E hefeng  : runnable running
05-22 02:12:15.790  1183  1261 E mtk_storageproxyd: ipc-trustonic: ipc_trustonic_connect: retry left 7
05-22 02:12:15.791  1183  1261 E mtk_storageproxyd: ipc-trustonic: ipc_trustonic_connect: Unable to resolve family name (-12)
05-22 02:12:16.616 28610 28610 E hefeng  : runnable running
05-22 02:12:16.794  1183  1261 E mtk_storageproxyd: ipc-trustonic: ipc_trustonic_connect: retry left 6
05-22 02:12:16.796  1183  1261 E mtk_storageproxyd: ipc-trustonic: ipc_trustonic_connect: Unable to resolve family name (-12)
05-22 02:12:17.620 28610 28610 E hefeng  : runnable running
05-22 02:12:17.800  1183  1261 E mtk_storageproxyd: ipc-trustonic: ipc_trustonic_connect: retry left 5
05-22 02:12:17.802  1183  1261 E mtk_storageproxyd: ipc-trustonic: ipc_trustonic_connect: Unable to resolve family name (-12)
05-22 02:12:18.622 28610 28610 E hefeng  : runnable running
05-22 02:12:18.805  1183  1261 E mtk_storageproxyd: ipc-trustonic: ipc_trustonic_connect: retry left 4
05-22 02:12:18.807  1183  1261 E mtk_storageproxyd: ipc-trustonic: ipc_trustonic_connect: Unable to resolve family name (-12)
05-22 02:12:19.625 28610 28610 E hefeng  : runnable running
05-22 02:12:19.810  1183  1261 E mtk_storageproxyd: ipc-trustonic: ipc_trustonic_connect: retry left 3
05-22 02:12:19.812  1183  1261 E mtk_storageproxyd: ipc-trustonic: ipc_trustonic_connect: Unable to resolve family name (-12)
05-22 02:12:20.629 28610 28610 E hefeng  : runnable running
05-22 02:12:20.815  1183  1261 E mtk_storageproxyd: ipc-trustonic: ipc_trustonic_connect: retry left 2
05-22 02:12:20.817  1183  1261 E mtk_storageproxyd: ipc-trustonic: ipc_trustonic_connect: Unable to resolve family name (-12)
05-22 02:12:21.631 28610 28610 E hefeng  : runnable running
05-22 02:12:21.818  1183  1261 E mtk_storageproxyd: ipc-trustonic: ipc_trustonic_connect: retry left 1
05-22 02:12:21.820  1183  1261 E mtk_storageproxyd: ipc-trustonic: ipc_trustonic_connect: Unable to resolve family name (-12)
05-22 02:12:22.633 28610 28610 E hefeng  : runnable running
05-22 02:12:22.823  1183  1261 E mtk_storageproxyd: ipc-trustonic: ipc_trustonic_connect: retry left 0
05-22 02:12:22.824  1183  1261 E mtk_storageproxyd: mtk.ufs.trustonic.ta: ipc connect failed (-12)
05-22 02:12:23.636 28610 28610 E hefeng  : runnable running
05-22 02:12:24.638 28610 28610 E hefeng  : runnable running
05-22 02:12:25.640 28610 28610 E hefeng  : runnable running
05-22 02:12:25.828  1183  1261 E mtk_storageproxyd: ipc-trustonic: ipc_trustonic_connect: Unable to resolve family name (-12)
05-22 02:12:26.642 28610 28610 E hefeng  : runnable running
05-22 02:12:26.831  1183  1261 E mtk_storageproxyd: ipc-trustonic: ipc_trustonic_connect: retry left 9
05-22 02:12:26.833  1183  1261 E mtk_storageproxyd: ipc-trustonic: ipc_trustonic_connect: Unable to resolve family name (-12)
05-22 02:12:27.644 28610 28610 E hefeng  : runnable running
05-22 02:12:27.834  1183  1261 E mtk_storageproxyd: ipc-trustonic: ipc_trustonic_connect: retry left 8
05-22 02:12:27.836  1183  1261 E mtk_storageproxyd: ipc-trustonic: ipc_trustonic_connect: Unable to resolve family name (-12)
05-22 02:12:28.645 28610 28610 E hefeng  : runnable running
05-22 02:12:28.839  1183  1261 E mtk_storageproxyd: ipc-trustonic: ipc_trustonic_connect: retry left 7
05-22 02:12:28.841  1183  1261 E mtk_storageproxyd: ipc-trustonic: ipc_trustonic_connect: Unable to resolve family name (-12)
05-22 02:12:29.649 28610 28610 E hefeng  : runnable running
05-22 02:12:29.844  1183  1261 E mtk_storageproxyd: ipc-trustonic: ipc_trustonic_connect: retry left 6
05-22 02:12:29.846  1183  1261 E mtk_storageproxyd: ipc-trustonic: ipc_trustonic_connect: Unable to resolve family name (-12)
05-22 02:12:30.299  1101  1142 E md_thermal: interval=40 temp: 35300 34100 33900 33800
05-22 02:12:30.653 28610 28610 E hefeng  : runnable running
05-22 02:12:30.849  1183  1261 E mtk_storageproxyd: ipc-trustonic: ipc_trustonic_connect: retry left 5
05-22 02:12:30.851  1183  1261 E mtk_storageproxyd: ipc-trustonic: ipc_trustonic_connect: Unable to resolve family name (-12)
05-22 02:12:31.655 28610 28610 E hefeng  : runnable running
05-22 02:12:31.853  1183  1261 E mtk_storageproxyd: ipc-trustonic: ipc_trustonic_connect: retry left 4
05-22 02:12:31.855  1183  1261 E mtk_storageproxyd: ipc-trustonic: ipc_trustonic_connect: Unable to resolve family name (-12)
05-22 02:12:32.658 28610 28610 E hefeng  : runnable running
05-22 02:12:32.859  1183  1261 E mtk_storageproxyd: ipc-trustonic: ipc_trustonic_connect: retry left 3
05-22 02:12:32.861  1183  1261 E mtk_storageproxyd: ipc-trustonic: ipc_trustonic_connect: Unable to resolve family name (-12)
05-22 02:12:33.305  1466  1499 E ApplicationHelper: Fail to get PackageManager
05-22 02:12:33.319  1466  1499 E ApplicationHelper: Fail to get PackageManager
05-22 02:12:33.660 28610 28610 E hefeng  : runnable running
05-22 02:12:33.862  1183  1261 E mtk_storageproxyd: ipc-trustonic: ipc_trustonic_connect: retry left 2
05-22 02:12:33.864  1183  1261 E mtk_storageproxyd: ipc-trustonic: ipc_trustonic_connect: Unable to resolve family name (-12)
05-22 02:12:34.662 28610 28610 E hefeng  : runnable running
05-22 02:12:34.867  1183  1261 E mtk_storageproxyd: ipc-trustonic: ipc_trustonic_connect: retry left 1
05-22 02:12:34.869  1183  1261 E mtk_storageproxyd: ipc-trustonic: ipc_trustonic_connect: Unable to resolve family name (-12)
05-22 02:12:35.665 28610 28610 E hefeng  : runnable running
05-22 02:12:35.872  1183  1261 E mtk_storageproxyd: ipc-trustonic: ipc_trustonic_connect: retry left 0
05-22 02:12:35.873  1183  1261 E mtk_storageproxyd: mtk.ufs.trustonic.ta: ipc connect failed (-12)
05-22 02:12:36.669 28610 28610 E hefeng  : runnable running
05-22 02:12:37.673 28610 28610 E hefeng  : runnable running
05-22 02:12:38.676 28610 28610 E hefeng  : runnable running
05-22 02:12:38.877  1183  1261 E mtk_storageproxyd: ipc-trustonic: ipc_trustonic_connect: Unable to resolve family name (-12)
05-22 02:12:39.681 28610 28610 E hefeng  : runnable running
05-22 02:12:39.880  1183  1261 E mtk_storageproxyd: ipc-trustonic: ipc_trustonic_connect: retry left 9
05-22 02:12:39.883  1183  1261 E mtk_storageproxyd: ipc-trustonic: ipc_trustonic_connect: Unable to resolve family name (-12)
05-22 02:12:40.685 28610 28610 E hefeng  : runnable running
05-22 02:12:40.885  1183  1261 E mtk_storageproxyd: ipc-trustonic: ipc_trustonic_connect: retry left 8
05-22 02:12:40.887  1183  1261 E mtk_storageproxyd: ipc-trustonic: ipc_trustonic_connect: Unable to resolve family name (-12)
05-22 02:12:41.687 28610 28610 E hefeng  : runnable running
05-22 02:12:41.890  1183  1261 E mtk_storageproxyd: ipc-trustonic: ipc_trustonic_connect: retry left 7
05-22 02:12:41.893  1183  1261 E mtk_storageproxyd: ipc-trustonic: ipc_trustonic_connect: Unable to resolve family name (-12)
05-22 02:12:42.690 28610 28610 E hefeng  : runnable running
05-22 02:12:42.896  1183  1261 E mtk_storageproxyd: ipc-trustonic: ipc_trustonic_connect: retry left 6
05-22 02:12:42.898  1183  1261 E mtk_storageproxyd: ipc-trustonic: ipc_trustonic_connect: Unable to resolve family name (-12)
05-22 02:12:43.694 28610 28610 E hefeng  : runnable running
05-22 02:12:43.899  1183  1261 E mtk_storageproxyd: ipc-trustonic: ipc_trustonic_connect: retry left 5
05-22 02:12:43.900  1183  1261 E mtk_storageproxyd: ipc-trustonic: ipc_trustonic_connect: Unable to resolve family name (-12)
05-22 02:12:44.696 28610 28610 E hefeng  : runnable running
05-22 02:12:44.902  1183  1261 E mtk_storageproxyd: ipc-trustonic: ipc_trustonic_connect: retry left 4
05-22 02:12:44.904  1183  1261 E mtk_storageproxyd: ipc-trustonic: ipc_trustonic_connect: Unable to resolve family name (-12)
05-22 02:12:45.698 28610 28610 E hefeng  : runnable running
05-22 02:12:45.905  1183  1261 E mtk_storageproxyd: ipc-trustonic: ipc_trustonic_connect: retry left 3
05-22 02:12:45.907  1183  1261 E mtk_storageproxyd: ipc-trustonic: ipc_trustonic_connect: Unable to resolve family name (-12)
05-22 02:12:46.702 28610 28610 E hefeng  : runnable running
05-22 02:12:46.910  1183  1261 E mtk_storageproxyd: ipc-trustonic: ipc_trustonic_connect: retry left 2
05-22 02:12:46.912  1183  1261 E mtk_storageproxyd: ipc-trustonic: ipc_trustonic_connect: Unable to resolve family name (-12)
05-22 02:12:47.705 28610 28610 E hefeng  : runnable running
05-22 02:12:47.915  1183  1261 E mtk_storageproxyd: ipc-trustonic: ipc_trustonic_connect: retry left 1
05-22 02:12:47.917  1183  1261 E mtk_storageproxyd: ipc-trustonic: ipc_trustonic_connect: Unable to resolve family name (-12)
05-22 02:12:48.709 28610 28610 E hefeng  : runnable running
05-22 02:12:48.918  1183  1261 E mtk_storageproxyd: ipc-trustonic: ipc_trustonic_connect: retry left 0
05-22 02:12:48.918  1183  1261 E mtk_storageproxyd: mtk.ufs.trustonic.ta: ipc connect failed (-12)
05-22 02:12:49.711 28610 28610 E hefeng  : runnable running
05-22 02:12:50.715 28610 28610 E hefeng  : runnable running
05-22 02:12:51.719 28610 28610 E hefeng  : runnable running
05-22 02:12:51.920  1183  1261 E mtk_storageproxyd: ipc-trustonic: ipc_trustonic_connect: Unable to resolve family name (-12)
05-22 02:12:52.722 28610 28610 E hefeng  : runnable running
05-22 02:12:52.923  1183  1261 E mtk_storageproxyd: ipc-trustonic: ipc_trustonic_connect: retry left 9
05-22 02:12:52.926  1183  1261 E mtk_storageproxyd: ipc-trustonic: ipc_trustonic_connect: Unable to resolve family name (-12)
05-22 02:12:53.726 28610 28610 E hefeng  : runnable running
05-22 02:12:53.929  1183  1261 E mtk_storageproxyd: ipc-trustonic: ipc_trustonic_connect: retry left 8
05-22 02:12:53.931  1183  1261 E mtk_storageproxyd: ipc-trustonic: ipc_trustonic_connect: Unable to resolve family name (-12)
05-22 02:12:54.728 28610 28610 E hefeng  : runnable running
05-22 02:12:54.932  1183  1261 E mtk_storageproxyd: ipc-trustonic: ipc_trustonic_connect: retry left 7
05-22 02:12:54.935  1183  1261 E mtk_storageproxyd: ipc-trustonic: ipc_trustonic_connect: Unable to resolve family name (-12)
05-22 02:12:55.732 28610 28610 E hefeng  : runnable running
05-22 02:12:55.937  1183  1261 E mtk_storageproxyd: ipc-trustonic: ipc_trustonic_connect: retry left 6
05-22 02:12:55.940  1183  1261 E mtk_storageproxyd: ipc-trustonic: ipc_trustonic_connect: Unable to resolve family name (-12)
05-22 02:12:56.734 28610 28610 E hefeng  : runnable running
05-22 02:12:56.943  1183  1261 E mtk_storageproxyd: ipc-trustonic: ipc_trustonic_connect: retry left 5
05-22 02:12:56.945  1183  1261 E mtk_storageproxyd: ipc-trustonic: ipc_trustonic_connect: Unable to resolve family name (-12)
05-22 02:12:57.736 28610 28610 E hefeng  : runnable running
05-22 02:12:57.948  1183  1261 E mtk_storageproxyd: ipc-trustonic: ipc_trustonic_connect: retry left 4
05-22 02:12:57.951  1183  1261 E mtk_storageproxyd: ipc-trustonic: ipc_trustonic_connect: Unable to resolve family name (-12)
05-22 02:12:58.740 28610 28610 E hefeng  : runnable running
05-22 02:12:58.953  1183  1261 E mtk_storageproxyd: ipc-trustonic: ipc_trustonic_connect: retry left 3
05-22 02:12:58.956  1183  1261 E mtk_storageproxyd: ipc-trustonic: ipc_trustonic_connect: Unable to resolve family name (-12)
05-22 02:12:59.744 28610 28610 E hefeng  : runnable running
05-22 02:12:59.958  1183  1261 E mtk_storageproxyd: ipc-trustonic: ipc_trustonic_connect: retry left 2
05-22 02:12:59.961  1183  1261 E mtk_storageproxyd: ipc-trustonic: ipc_trustonic_connect: Unable to resolve family name (-12)
05-22 02:13:00.745 28610 28610 E hefeng  : runnable running
05-22 02:13:00.963  1183  1261 E mtk_storageproxyd: ipc-trustonic: ipc_trustonic_connect: retry left 1
05-22 02:13:00.965  1183  1261 E mtk_storageproxyd: ipc-trustonic: ipc_trustonic_connect: Unable to resolve family name (-12)
05-22 02:13:01.749 28610 28610 E hefeng  : runnable running
05-22 02:13:01.966  1183  1261 E mtk_storageproxyd: ipc-trustonic: ipc_trustonic_connect: retry left 0
05-22 02:13:01.967  1183  1261 E mtk_storageproxyd: mtk.ufs.trustonic.ta: ipc connect failed (-12)
05-22 02:13:02.753 28610 28610 E hefeng  : runnable running
05-22 02:13:03.757 28610 28610 E hefeng  : runnable running
05-22 02:13:04.759 28610 28610 E hefeng  : runnable running
05-22 02:13:04.971  1183  1261 E mtk_storageproxyd: ipc-trustonic: ipc_trustonic_connect: Unable to resolve family name (-12)
05-22 02:13:05.763 28610 28610 E hefeng  : runnable running
05-22 02:13:05.974  1183  1261 E mtk_storageproxyd: ipc-trustonic: ipc_trustonic_connect: retry left 9
05-22 02:13:05.976  1183  1261 E mtk_storageproxyd: ipc-trustonic: ipc_trustonic_connect: Unable to resolve family name (-12)
05-22 02:13:06.766 28610 28610 E hefeng  : runnable running
05-22 02:13:06.979  1183  1261 E mtk_storageproxyd: ipc-trustonic: ipc_trustonic_connect: retry left 8
05-22 02:13:06.981  1183  1261 E mtk_storageproxyd: ipc-trustonic: ipc_trustonic_connect: Unable to resolve family name (-12)
05-22 02:13:07.112  1466  1499 E ApplicationHelper: Fail to get PackageManager
05-22 02:13:07.770 28610 28610 E hefeng  : runnable running
05-22 02:13:07.984  1183  1261 E mtk_storageproxyd: ipc-trustonic: ipc_trustonic_connect: retry left 7
05-22 02:13:07.986  1183  1261 E mtk_storageproxyd: ipc-trustonic: ipc_trustonic_connect: Unable to resolve family name (-12)
05-22 02:13:08.775 28610 28610 E hefeng  : runnable running
05-22 02:13:08.989  1183  1261 E mtk_storageproxyd: ipc-trustonic: ipc_trustonic_connect: retry left 6
05-22 02:13:08.992  1183  1261 E mtk_storageproxyd: ipc-trustonic: ipc_trustonic_connect: Unable to resolve family name (-12)
05-22 02:13:09.779 28610 28610 E hefeng  : runnable running
05-22 02:13:09.994  1183  1261 E mtk_storageproxyd: ipc-trustonic: ipc_trustonic_connect: retry left 5
05-22 02:13:09.997  1183  1261 E mtk_storageproxyd: ipc-trustonic: ipc_trustonic_connect: Unable to resolve family name (-12)
05-22 02:13:10.308  1101  1142 E md_thermal: interval=40 temp: 35200 34000 33800 33700
05-22 02:13:10.779 28610 28610 E hefeng  : runnable running
05-22 02:13:10.999  1183  1261 E mtk_storageproxyd: ipc-trustonic: ipc_trustonic_connect: retry left 4
05-22 02:13:11.002  1183  1261 E mtk_storageproxyd: ipc-trustonic: ipc_trustonic_connect: Unable to resolve family name (-12)
05-22 02:13:11.781 28610 28610 E hefeng  : runnable running
05-22 02:13:12.004  1183  1261 E mtk_storageproxyd: ipc-trustonic: ipc_trustonic_connect: retry left 3
05-22 02:13:12.007  1183  1261 E mtk_storageproxyd: ipc-trustonic: ipc_trustonic_connect: Unable to resolve family name (-12)
05-22 02:13:12.785 28610 28610 E hefeng  : runnable running
05-22 02:13:13.010  1183  1261 E mtk_storageproxyd: ipc-trustonic: ipc_trustonic_connect: retry left 2
05-22 02:13:13.012  1183  1261 E mtk_storageproxyd: ipc-trustonic: ipc_trustonic_connect: Unable to resolve family name (-12)
05-22 02:13:13.132  1466  1499 E ApplicationHelper: Fail to get PackageManager
05-22 02:13:13.789 28610 28610 E hefeng  : runnable running
05-22 02:13:14.015  1183  1261 E mtk_storageproxyd: ipc-trustonic: ipc_trustonic_connect: retry left 1
05-22 02:13:14.017  1183  1261 E mtk_storageproxyd: ipc-trustonic: ipc_trustonic_connect: Unable to resolve family name (-12)
05-22 02:13:14.790 28610 28610 E hefeng  : runnable running
05-22 02:13:15.020  1183  1261 E mtk_storageproxyd: ipc-trustonic: ipc_trustonic_connect: retry left 0
05-22 02:13:15.020  1183  1261 E mtk_storageproxyd: mtk.ufs.trustonic.ta: ipc connect failed (-12)
05-22 02:13:15.793 28610 28610 E hefeng  : runnable running
05-22 02:13:16.797 28610 28610 E hefeng  : runnable running
05-22 02:13:17.801 28610 28610 E hefeng  : runnable running
05-22 02:13:18.024  1183  1261 E mtk_storageproxyd: ipc-trustonic: ipc_trustonic_connect: Unable to resolve family name (-12)
05-22 02:13:18.805 28610 28610 E hefeng  : runnable running
05-22 02:13:19.028  1183  1261 E mtk_storageproxyd: ipc-trustonic: ipc_trustonic_connect: retry left 9
05-22 02:13:19.030  1183  1261 E mtk_storageproxyd: ipc-trustonic: ipc_trustonic_connect: Unable to resolve family name (-12)
05-22 02:13:19.809 28610 28610 E hefeng  : runnable running
05-22 02:13:20.033  1183  1261 E mtk_storageproxyd: ipc-trustonic: ipc_trustonic_connect: retry left 8
05-22 02:13:20.035  1183  1261 E mtk_storageproxyd: ipc-trustonic: ipc_trustonic_connect: Unable to resolve family name (-12)
05-22 02:13:20.813 28610 28610 E hefeng  : runnable running
05-22 02:13:21.038  1183  1261 E mtk_storageproxyd: ipc-trustonic: ipc_trustonic_connect: retry left 7
05-22 02:13:21.040  1183  1261 E mtk_storageproxyd: ipc-trustonic: ipc_trustonic_connect: Unable to resolve family name (-12)
05-22 02:13:21.817 28610 28610 E hefeng  : runnable running
05-22 02:13:22.044  1183  1261 E mtk_storageproxyd: ipc-trustonic: ipc_trustonic_connect: retry left 6
05-22 02:13:22.046  1183  1261 E mtk_storageproxyd: ipc-trustonic: ipc_trustonic_connect: Unable to resolve family name (-12)
05-22 02:13:22.819 28610 28610 E hefeng  : runnable running
05-22 02:13:23.047  1183  1261 E mtk_storageproxyd: ipc-trustonic: ipc_trustonic_connect: retry left 5
05-22 02:13:23.049  1183  1261 E mtk_storageproxyd: ipc-trustonic: ipc_trustonic_connect: Unable to resolve family name (-12)
05-22 02:13:23.821 28610 28610 E hefeng  : runnable running
05-22 02:13:24.052  1183  1261 E mtk_storageproxyd: ipc-trustonic: ipc_trustonic_connect: retry left 4
05-22 02:13:24.054  1183  1261 E mtk_storageproxyd: ipc-trustonic: ipc_trustonic_connect: Unable to resolve family name (-12)
05-22 02:13:24.821 28610 28610 E hefeng  : runnable running
05-22 02:13:25.057  1183  1261 E mtk_storageproxyd: ipc-trustonic: ipc_trustonic_connect: retry left 3
05-22 02:13:25.060  1183  1261 E mtk_storageproxyd: ipc-trustonic: ipc_trustonic_connect: Unable to resolve family name (-12)
05-22 02:13:25.327  1466  1499 E ApplicationHelper: Fail to get PackageManager
05-22 02:13:25.825 28610 28610 E hefeng  : runnable running
05-22 02:13:26.062  1183  1261 E mtk_storageproxyd: ipc-trustonic: ipc_trustonic_connect: retry left 2
05-22 02:13:26.064  1183  1261 E mtk_storageproxyd: ipc-trustonic: ipc_trustonic_connect: Unable to resolve family name (-12)
05-22 02:13:26.829 28610 28610 E hefeng  : runnable running
05-22 02:13:27.067  1183  1261 E mtk_storageproxyd: ipc-trustonic: ipc_trustonic_connect: retry left 1
05-22 02:13:27.070  1183  1261 E mtk_storageproxyd: ipc-trustonic: ipc_trustonic_connect: Unable to resolve family name (-12)
05-22 02:13:27.833 28610 28610 E hefeng  : runnable running
05-22 02:13:28.072  1183  1261 E mtk_storageproxyd: ipc-trustonic: ipc_trustonic_connect: retry left 0
05-22 02:13:28.073  1183  1261 E mtk_storageproxyd: mtk.ufs.trustonic.ta: ipc connect failed (-12)
05-22 02:13:28.837 28610 28610 E hefeng  : runnable running
05-22 02:13:29.437  1466  1708 E InputDispatcher: zpa: if no input channel continue
05-22 02:13:29.437  1466  1708 E InputDispatcher: zpa: if no input channel continue
05-22 02:13:29.437  1466  1708 E InputDispatcher: zpa: if no input channel continue
05-22 02:13:29.538  1466  1501 E tag_autofresh: auto refresh min: 120; peak: 120
05-22 02:13:29.542   956   956 E SurfaceFlinger: MtkDuration override mode is disabled
05-22 02:13:29.550   939   959 E libPowerHal: [getHintRscSize] hint_id 56 cannot be found in PowerScnTbl
05-22 02:13:29.566  1466  1486 E ActivityTaskManager: callerProcess.processName :  com.android.launcher3
05-22 02:13:29.586  1466  1466 E MBrainLocalService: notifyAppSwitch failed
05-22 02:13:29.590  1466  1499 E ApplicationHelper: Fail to get PackageManager
05-22 02:13:29.610  1466  1499 E ApplicationHelper: Fail to get PackageManager
05-22 02:13:29.610  1466  1499 E ApplicationHelper: Fail to get PackageManager
05-22 02:13:29.610  1466  1499 E ApplicationHelper: Fail to get PackageManager
05-22 02:13:29.610  1466  1499 E ApplicationHelper: Fail to get PackageManager
05-22 02:13:29.610  1466  1499 E ApplicationHelper: Fail to get PackageManager
05-22 02:13:29.610  1466  1499 E ApplicationHelper: Fail to get PackageManager
05-22 02:13:29.610  1466  1499 E ApplicationHelper: Fail to get PackageManager
05-22 02:13:29.610  1466  1499 E ApplicationHelper: Fail to get PackageManager
05-22 02:13:29.610  1466  1499 E ApplicationHelper: Fail to get PackageManager
05-22 02:13:29.610  1466  1499 E ApplicationHelper: Fail to get PackageManager
05-22 02:13:29.610  1466  1499 E ApplicationHelper: Fail to get PackageManager
05-22 02:13:29.610  1466  1499 E ApplicationHelper: Fail to get PackageManager
05-22 02:13:29.610  1466  1499 E ApplicationHelper: Fail to get PackageManager
05-22 02:13:29.610  1466  1499 E ApplicationHelper: Fail to get PackageManager
05-22 02:13:29.634  1466  1499 E ApplicationHelper: Fail to get PackageManager
05-22 02:13:29.680  1466  1499 E ApplicationHelper: Fail to get PackageManager
05-22 02:13:29.710  1466  1466 E MBrainLocalService: notifyAppSwitch failed
05-22 02:13:29.723 29947 29984 E QT      : [QT]file does not exist
05-22 02:13:29.725 29947 29984 E QT      : [QT]file does not exist
05-22 02:13:29.779 29947 29947 E FBI     : Can't load library: dlopen failed: library "libmagtsync.so" not found
05-22 02:13:29.833  1466  1499 E ApplicationHelper: Fail to get PackageManager
05-22 02:13:29.833  1466  1499 E ApplicationHelper: Fail to get PackageManager
05-22 02:13:29.839 28610 28610 E hefeng  : runnable running
05-22 02:13:30.004  1466  1499 E ApplicationHelper: Fail to get PackageManager
05-22 02:13:30.031  1466  1499 E ApplicationHelper: Fail to get PackageManager
05-22 02:13:30.037  1466  1499 E ApplicationHelper: Fail to get PackageManager
05-22 02:13:30.037  1466  1499 E ApplicationHelper: Fail to get PackageManager
05-22 02:13:30.145  1466  1499 E ApplicationHelper: Fail to get PackageManager
05-22 02:13:30.145  1466  1499 E ApplicationHelper: Fail to get PackageManager
05-22 02:13:30.145  1466  1499 E ApplicationHelper: Fail to get PackageManager
05-22 02:13:30.145  1466  1499 E ApplicationHelper: Fail to get PackageManager
05-22 02:13:30.145  1466  1499 E ApplicationHelper: Fail to get PackageManager
05-22 02:13:30.145  1466  1499 E ApplicationHelper: Fail to get PackageManager
05-22 02:13:30.145  1466  1499 E ApplicationHelper: Fail to get PackageManager
05-22 02:13:30.145  1466  1499 E ApplicationHelper: Fail to get PackageManager
05-22 02:13:30.162  1466  1499 E ApplicationHelper: Fail to get PackageManager
05-22 02:13:30.171  1466  1499 E ApplicationHelper: Fail to get PackageManager
05-22 02:13:30.181  1466  1499 E ApplicationHelper: Fail to get PackageManager
05-22 02:13:30.240  1466  1499 E ApplicationHelper: Fail to get PackageManager
05-22 02:13:30.241  1466  1499 E ApplicationHelper: Fail to get PackageManager
05-22 02:13:30.242  1466  1499 E ApplicationHelper: Fail to get PackageManager
05-22 02:13:30.243  1466  1499 E ApplicationHelper: Fail to get PackageManager
05-22 02:13:30.254  1466  1499 E ApplicationHelper: Fail to get PackageManager
05-22 02:13:30.753 29958 30028 E QT      : [QT]file does not exist
05-22 02:13:30.754 29958 30028 E QT      : [QT]file does not exist
05-22 02:13:30.759 29958 30028 E FBI     : Can't load library: dlopen failed: library "libmagtsync.so" not found
05-22 02:13:30.775 29958 29958 E YT.mlplayer: setDefaultLoudnessTargetPreferenceState
05-22 02:13:30.776 29958 29958 E YT.mlplayer: setAudioDrc(enabled=1)
05-22 02:13:30.810  1466  1499 E ApplicationHelper: Fail to get PackageManager
05-22 02:13:30.811  1466  1499 E ApplicationHelper: Fail to get PackageManager
05-22 02:13:30.839 28610 28610 E hefeng  : runnable running