05-19 11:15:19.631 19527 19541 V WindowManagerShell: Transition requested (#43042): android.os.BinderProxy@4a91062 TransitionRequestInfo { type = OPEN, triggerTask = TaskInfo{userId=0 taskId=5165 displayId=0 isRunning=true baseIntent=Intent { act=android.intent.action.MAIN cat=[android.intent.category.LAUNCHER] flg=0x10200000 cmp=com.activitypointsnative/.MainActivity } baseActivity=ComponentInfo{com.activitypointsnative/com.activitypointsnative.MainActivity} topActivity=ComponentInfo{com.activitypointsnative/com.activitypointsnative.MainActivity} origActivity=null realActivity=ComponentInfo{com.activitypointsnative/com.activitypointsnative.MainActivity} numActivities=1 lastActiveTime=2603403873 supportsMultiWindow=true resizeMode=1 isResizeable=true minWidth=-1 minHeight=-1 defaultMinSize=220 token=WCT{android.window.IWindowContainerToken$Stub$Proxy@cc605f3} topActivityType=1 pictureInPictureParams=null shouldDockBigOverlays=false launchIntoPipHostTaskId=-1 lastParentTaskIdBeforePip=-1 displayCutoutSafeInsets=Rect(0, 104 - 0, 0) topActivityInfo=ActivityInfo{312c2b0 com.activitypointsnative.MainActivity} launchCookies=[android.os.BinderProxy@a6eb529] positionInParent=Point(0, 0) parentTaskId=-1 isFocused=false isVisible=false isVisibleRequested=false isSleeping=false locusId=null displayAreaFeatureId=1 isTopActivityTransparent=false appCompatTaskInfo=AppCompatTaskInfo { topActivityInSizeCompat=false topActivityEligibleForLetterboxEducation= falseisLetterboxEducationEnabled= false isLetterboxDoubleTapEnabled= false topActivityEligibleForUserAspectRatioButton= false topActivityBoundsLetterboxed= false isFromLetterboxDoubleTap= false topActivityLetterboxVerticalPosition= -1 topActivityLetterboxHorizontalPosition= -1 topActivityLetterboxWidth=1080 topActivityLetterboxHeight=2400 isUserFullscreenOverrideEnabled=false isSystemFullscreenOverrideEnabled=false cameraCompatTaskInfo=CameraCompatTaskInfo { cameraCompatControlState=hidden freeformCameraCompatMode=inactive}}}, pipTask = null, remoteTransition = RemoteTransition { remoteTransition = android.window.IRemoteTransition$Stub$Proxy@30bd0ae, appThread = android.app.IApplicationThread$Stub$Proxy@a310e4f, debugName = QuickstepLaunch }, displayChange = null, flags = 0, debugId = 43042 }
05-19 11:15:19.631 19527 19541 V WindowManagerShell: RemoteTransition directly requested for (#43042) android.os.BinderProxy@4a91062: RemoteTransition { remoteTransition = android.window.IRemoteTransition$Stub$Proxy@30bd0ae, appThread = android.app.IApplicationThread$Stub$Proxy@a310e4f, debugName = QuickstepLaunch }
05-19 11:15:19.632  1466  1499 E ApplicationHelper: Fail to get PackageManager
05-19 11:15:19.633 19527 19541 D WindowManagerShell: setLauncherKeepClearAreaHeight: visible=false, height=367
05-19 11:15:19.638  1466  1662 D XRVrDisp: onAppStartFromPrimaryDisplay com.activitypointsnative
05-19 11:15:19.639  1466  1662 W WindowManager: Changing focus from Window{1145f21 u0 com.android.launcher3/com.android.searchlauncher.SearchLauncher} to null displayId=0 Callers=com.android.server.wm.RootWindowContainer.updateFocusedWindowLocked:469 com.android.server.wm.WindowManagerService.updateFocusedWindowLocked:6611 com.android.server.wm.ActivityTaskManagerService.setLastResumedActivityUncheckLocked:5085 com.android.server.wm.ActivityTaskSupervisor.updateTopResumedActivityIfNeeded:2341 
05-19 11:15:19.641  1466  1499 E ApplicationHelper: Fail to get PackageManager
05-19 11:15:19.644  1466  1466 E MBrainLocalService: notifyAppSwitch failed
05-19 11:15:19.647  1466  2157 D CoreBackPreview: Window{8440db6 u0 Splash Screen com.activitypointsnative}: Setting back callback OnBackInvokedCallbackInfo{mCallback=android.window.IOnBackInvokedCallback$Stub$Proxy@121a989, mPriority=0, mIsAnimationCallback=false}
05-19 11:15:19.649 19527 19541 V WindowManagerShell: Transition animation finished (aborted=false), notifying core (#43041) android.os.BinderProxy@f57f014@0
05-19 11:15:19.649  1466  3172 D CoreBackPreview: Window{1145f21 u0 com.android.launcher3/com.android.searchlauncher.SearchLauncher}: Setting back callback OnBackInvokedCallbackInfo{mCallback=android.window.IOnBackInvokedCallback$Stub$Proxy@5f31d8e, mPriority=-1, mIsAnimationCallback=false}
05-19 11:15:19.650  1466  1499 E ApplicationHelper: Fail to get PackageManager
05-19 11:15:19.651  1466  1498 V WindowManager: Finish Transition (#43041): created at 05-19 11:15:18.979 collect-started=0.04ms request-sent=4.459ms started=8.722ms ready=25.897ms sent=67.9ms finished=670.683ms
05-19 11:15:19.651  1466  1499 E ApplicationHelper: Fail to get PackageManager
05-19 11:15:19.651  1466  1499 E ApplicationHelper: Fail to get PackageManager
05-19 11:15:19.651 19527 19541 V WindowManagerShell: Track 0 became idle
05-19 11:15:19.652  1466  3176 W UserManagerService: Requested status bar icon for non-badged user 0
05-19 11:15:19.654  1466  3176 W UserManagerService: Requested status bar icon for non-badged user 0
05-19 11:15:19.664 19527 19536 V WindowManagerShell: onTransitionReady(transaction=6296425468525)
05-19 11:15:19.664 19527 19541 V WindowManagerShell: onTransitionReady (#43042) android.os.BinderProxy@4a91062: {id=43042 t=OPEN f=0x0 trk=1 r=[0@Point(0, 0)] c=[{WCT{android.window.IWindowContainerToken$Stub$Proxy@8ba5612} m=OPEN f=NONE leash=Surface(name=Task=5165)/@0x41a7847 sb=Rect(0, 0 - 1080, 2400) eb=Rect(0, 0 - 1080, 2400) d=0 taskParent=-1},{WCT{android.window.IWindowContainerToken$Stub$Proxy@17c51e3} m=TO_BACK f=SHOW_WALLPAPER leash=Surface(name=Task=1)/@0xdd50874 sb=Rect(0, 0 - 1080, 2400) eb=Rect(0, 0 - 1080, 2400) d=0 taskParent=-1}]}
05-19 11:15:19.665 19527 19541 V WindowManagerShell: Playing animation for (#43042) android.os.BinderProxy@4a91062@1
05-19 11:15:19.665 19527 19541 V WindowManagerShell:  try firstHandler com.android.wm.shell.transition.DefaultMixedHandler@4b370ff
05-19 11:15:19.665 19527 19541 V WindowManagerShell: Mixed transition for opening an intent with a remote transition and PIP #43042
05-19 11:15:19.665 19527 19541 V WindowManagerShell:  Delegate animation for (#43042) to RemoteTransition { remoteTransition = android.window.IRemoteTransition$Stub$Proxy@30bd0ae, appThread = android.app.IApplicationThread$Stub$Proxy@a310e4f, debugName = QuickstepLaunch }
05-19 11:15:19.665  1466  1498 V WindowManager: Sent Transition (#43042) createdAt=05-19 11:15:19.619 via request=TransitionRequestInfo { type = OPEN, triggerTask = TaskInfo{userId=0 taskId=5165 displayId=0 isRunning=true baseIntent=Intent { act=android.intent.action.MAIN cat=[android.intent.category.LAUNCHER] flg=0x10200000 cmp=com.activitypointsnative/.MainActivity } baseActivity=ComponentInfo{com.activitypointsnative/com.activitypointsnative.MainActivity} topActivity=ComponentInfo{com.activitypointsnative/com.activitypointsnative.MainActivity} origActivity=null realActivity=ComponentInfo{com.activitypointsnative/com.activitypointsnative.MainActivity} numActivities=1 lastActiveTime=2603403873 supportsMultiWindow=true resizeMode=1 isResizeable=true minWidth=-1 minHeight=-1 defaultMinSize=220 token=WCT{RemoteToken{76800c1 Task{65a0cea #5165 type=standard A=10442:com.activitypointsnative}}} topActivityType=1 pictureInPictureParams=null shouldDockBigOverlays=false launchIntoPipHostTaskId=-1 lastParentTaskIdBeforePip=-1 displayCutoutSafeInsets=Rect(0, 104 - 0, 0) topActivityInfo=ActivityInfo{2a6c0de com.activitypointsnative.MainActivity} launchCookies=[android.os.BinderProxy@dc95066] positionInParent=Point(0, 0) parentTaskId=-1 isFocused=false isVisible=false isVisibleRequested=false isSleeping=false locusId=null displayAreaFeatureId=1 isTopActivityTransparent=false appCompatTaskInfo=AppCompatTaskInfo { topActivityInSizeCompat=false topActivityEligibleForLetterboxEducation= falseisLetterboxEducationEnabled= false isLetterboxDoubleTapEnabled= false topActivityEligibleForUserAspectRatioButton= false topActivityBoundsLetterboxed= false isFromLetterboxDoubleTap= false topActivityLetterboxVerticalPosition= -1 topActivityLetterboxHorizontalPosition= -1 topActivityLetterboxWidth=1080 topActivityLetterboxHeight=2400 isUserFullscreenOverrideEnabled=false isSystemFullscreenOverrideEnabled=false cameraCompatTaskInfo=CameraCompatTaskInfo { cameraCompatControlState=hidden freeformCameraCompatMode=inactive}}}, pipTask = null, remoteTransition = RemoteTransition { remoteTransition = android.window.IRemoteTransition$Stub$Proxy@a1a7fa7, appThread = android.app.IApplicationThread$Stub$Proxy@2576c54, debugName = QuickstepLaunch }, displayChange = null, flags = 0, debugId = 43042 }
05-19 11:15:19.665  1466  1498 V WindowManager:     startWCT=WindowContainerTransaction { changes = {} hops = [] errorCallbackToken=null taskFragmentOrganizer=null }
05-19 11:15:19.665  1466  1498 V WindowManager:     info={id=43042 t=OPEN f=0x0 trk=1 r=[0@Point(0, 0)] c=[
05-19 11:15:19.665  1466  1498 V WindowManager:         {WCT{RemoteToken{76800c1 Task{65a0cea #5165 type=standard A=10442:com.activitypointsnative}}} m=OPEN f=NONE leash=Surface(name=Task=5165)/@0x93691cb sb=Rect(0, 0 - 1080, 2400) eb=Rect(0, 0 - 1080, 2400) d=0 taskParent=-1},
05-19 11:15:19.665  1466  1498 V WindowManager:         {WCT{RemoteToken{902fd0b Task{a16782b #1 type=home}}} m=TO_BACK f=SHOW_WALLPAPER leash=Surface(name=Task=1)/@0x1562eb3 sb=Rect(0, 0 - 1080, 2400) eb=Rect(0, 0 - 1080, 2400) d=0 taskParent=-1}
05-19 11:15:19.665  1466  1498 V WindowManager:     ]}
05-19 11:15:19.666 19527 19541 V WindowManagerShell:  animated by firstHandler
05-19 11:15:19.672  1466  1662 W UserManagerService: Requested status bar icon for non-badged user 0
05-19 11:15:19.699  1466  3176 W WindowManager: Changing focus from null to Window{9a484a u0 com.activitypointsnative/com.activitypointsnative.MainActivity} displayId=0 Callers=com.android.server.wm.RootWindowContainer.updateFocusedWindowLocked:469 com.android.server.wm.WindowManagerService.updateFocusedWindowLocked:6611 com.android.server.wm.WindowManagerService.relayoutWindowInner:2701 com.android.server.wm.WindowManagerService.relayoutWindow:2371 
05-19 11:15:19.700  1466  3176 I WindowManager: Relayout Window{9a484a u0 com.activitypointsnative/com.activitypointsnative.MainActivity}: oldVis=4 newVis=0 focusMayChange = true requestedWidth = 1080 requestedHeight = 2400 outFrames = ClientWindowFrames{frame=[0,0][1080,2400] display=[0,0][1080,2400] parentFrame=[0,0][0,0]} outSurfaceControl = Surface(name=com.activitypointsnative/com.activitypointsnative.MainActivity)/@0xc72ca6d
05-19 11:15:19.701  1466  1662 D CoreBackPreview: Window{9a484a u0 com.activitypointsnative/com.activitypointsnative.MainActivity}: Setting back callback OnBackInvokedCallbackInfo{mCallback=android.window.IOnBackInvokedCallback$Stub$Proxy@3db96a2, mPriority=0, mIsAnimationCallback=false}
05-19 11:15:19.752  1466  1466 E MBrainLocalService: notifyAppSwitch failed
05-19 11:15:19.755  1466  1499 E ApplicationHelper: Fail to get PackageManager
05-19 11:15:19.756  1466  3172 D CoreBackPreview: Window{fda93c u0 com.android.chrome/org.chromium.chrome.browser.webapps.SameTaskWebApkActivity}: Setting back callback OnBackInvokedCallbackInfo{mCallback=android.window.IOnBackInvokedCallback$Stub$Proxy@fea069, mPriority=-1, mIsAnimationCallback=false}
05-19 11:15:19.756  1466  1499 E ApplicationHelper: Fail to get PackageManager
05-19 11:15:19.756  1466  1499 E ApplicationHelper: Fail to get PackageManager
05-19 11:15:19.756  1466  1499 E ApplicationHelper: Fail to get PackageManager
05-19 11:15:19.785  1466  3172 W PackageConfigPersister: App-specific configuration not found for packageName: com.activitypointsnative and userId: 0
05-19 11:15:19.802  1466  1499 E ApplicationHelper: Fail to get PackageManager
05-19 11:15:19.804 18194 18253 V ResourcesManager: The following library key has been added: ResourcesKey{ mHash=d4e0359e mResDir=null mSplitDirs=[] mOverlayDirs=[/product/overlay/NavigationBarMode3Button/NavigationBarMode3ButtonOverlay.apk,/data/resource-cache/com.android.systemui-neutral-dwbJ.frro,/data/resource-cache/com.android.systemui-accent-Wx5K.frro,/data/resource-cache/com.android.systemui-dynamic-pIlc.frro] mLibDirs=[/data/app/~~wKqgvss5Su7jcp4WpzYd1g==/com.google.android.webview-wt28UAf9PGPd5cS1NsGvCQ==/base.apk,/system/framework/android.test.base.jar,/system_ext/framework/androidx.window.extensions.jar] mDisplayId=0 mOverrideConfig=v35 mCompatInfo={480dpi always-compat} mLoaders=[]}
05-19 11:15:19.809  1466  1484 D WindowManager: setParent old=ActivityRecord{8f38cd5 u0 com.activitypointsnative/.MainActivity t5165},new=null,this window=Window{8440db6 u0 Splash Screen com.activitypointsnative},callers=com.android.server.wm.WindowContainer.removeChild:833 com.android.server.wm.ActivityRecord.removeChild:4697 com.android.server.wm.ActivityRecord.removeChild:429 com.android.server.wm.WindowContainer.removeImmediately:891 com.android.server.wm.WindowState.removeImmediately:2394 com.android.server.wm.WindowState.removeIfPossible:2554 
05-19 11:15:19.812  1466  1662 W WindowManager: Failed looking up window session=Session{456c039 19527:u0a10143} callers=com.android.server.wm.WindowManagerService.windowForClientLocked:6496 com.android.server.wm.Session.setOnBackInvokedCallbackInfo:1020 android.view.IWindowSession$Stub.onTransact:1207 
05-19 11:15:19.812  1466  1662 I WindowManager: setOnBackInvokedCallback(): No window state for package:com.android.systemui
05-19 11:15:19.819  1466  1499 E ApplicationHelper: Fail to get PackageManager
05-19 11:15:19.829  1466  1499 E ApplicationHelper: Fail to get PackageManager
05-19 11:15:19.829  1466  1499 E ApplicationHelper: Fail to get PackageManager
05-19 11:15:19.829  1466  1499 E ApplicationHelper: Fail to get PackageManager
05-19 11:15:19.829  1466  1499 E ApplicationHelper: Fail to get PackageManager
05-19 11:15:19.829  1466  1499 E ApplicationHelper: Fail to get PackageManager
05-19 11:15:19.829  1466  1499 E ApplicationHelper: Fail to get PackageManager
05-19 11:15:19.829  1466  1499 E ApplicationHelper: Fail to get PackageManager
05-19 11:15:19.829  1466  1499 E ApplicationHelper: Fail to get PackageManager
05-19 11:15:19.829  1466  1499 E ApplicationHelper: Fail to get PackageManager
05-19 11:15:19.829  1466  1499 E ApplicationHelper: Fail to get PackageManager
05-19 11:15:19.829  1466  1499 E ApplicationHelper: Fail to get PackageManager
05-19 11:15:19.834  1466  1499 E ApplicationHelper: Fail to get PackageManager
05-19 11:15:19.835  1466  1499 E ApplicationHelper: Fail to get PackageManager
05-19 11:15:19.835  1466  1499 E ApplicationHelper: Fail to get PackageManager
05-19 11:15:19.835  1466  1499 E ApplicationHelper: Fail to get PackageManager
05-19 11:15:19.835  1466  1499 E ApplicationHelper: Fail to get PackageManager
05-19 11:15:19.843  1466  1499 E ApplicationHelper: Fail to get PackageManager
05-19 11:15:19.843  1466  1499 E ApplicationHelper: Fail to get PackageManager
05-19 11:15:19.843  1466  1499 E ApplicationHelper: Fail to get PackageManager
05-19 11:15:19.843  1466  1499 E ApplicationHelper: Fail to get PackageManager
05-19 11:15:19.843  1466  1499 E ApplicationHelper: Fail to get PackageManager
05-19 11:15:20.180  1466  1499 E ApplicationHelper: Fail to get PackageManager
05-19 11:15:20.197 19527 19541 V WindowManagerShell: Transition animation finished (aborted=false), notifying core (#43042) android.os.BinderProxy@4a91062@1
05-19 11:15:20.199  1466  1498 V WindowManager: Finish Transition (#43042): created at 05-19 11:15:19.619 collect-started=0.018ms request-sent=7.132ms started=12.301ms ready=24.173ms sent=44.125ms finished=578.92ms
05-19 11:15:20.200 19527 19541 V WindowManagerShell: Track 1 became idle
05-19 11:15:20.200 19527 19541 V WindowManagerShell: All active transition animations finished
05-19 11:15:20.202  1466  1499 E ApplicationHelper: Fail to get PackageManager
05-19 11:15:20.202  1466  1466 E MBrainLocalService: notifyAppSwitch failed
05-19 11:15:20.202  1466  1499 E ApplicationHelper: Fail to get PackageManager
05-19 11:15:20.205  1466  3096 W UserManagerService: Requested status bar icon for non-badged user 0
05-19 11:15:20.206  1466  2157 W UserManagerService: Requested status bar icon for non-badged user 0
05-19 11:15:20.216  1466  1499 E ApplicationHelper: Fail to get PackageManager
05-19 11:15:20.226  1466  1499 E ApplicationHelper: Fail to get PackageManager
05-19 11:15:20.994  1466  2157 D ActivityTaskManager: fingerprintlock DWExchange caller :android.app.IApplicationThread$Stub$Proxy@214f05, resultTo:Token{b42fbdb ActivityRecord{8f38cd5 u0 com.activitypointsnative/.MainActivity t5165}}, resultWho:@android:requestPermissions:, requestCode:11111, callingPid:-1, callingUid:-1, callingPackage:com.activitypointsnative, realCallingPid:18194, realCallingUid:10442, inTask:null
05-19 11:15:20.995  1466  2157 D ActivityTaskManager: fingerprintlock DWExchange srcintent:Intent { act=android.content.pm.action.REQUEST_PERMISSIONS pkg=com.google.android.permissioncontroller cmp=com.google.android.permissioncontroller/com.android.permissioncontroller.permission.ui.GrantPermissionsActivity (has extras) }, flag:0, aInfo:ActivityInfo{7205b5a com.android.permissioncontroller.permission.ui.GrantPermissionsActivity}, rInfo:ResolveInfo{638818b com.google.android.permissioncontroller/com.android.permissioncontroller.permission.ui.GrantPermissionsActivity p=1 m=0x108000 userHandle=UserHandle{0}}, reason:startActivityAsUser
05-19 11:15:20.995  1466  2157 D ActivityTaskManager: fingerprintlock DWExchange bindercallingpid:-1 mRequest.realCallingPid : 18194
05-19 11:15:20.995  1466  2157 D ActivityTaskManager: fingerprintlock DWExchange isblockapp(db) : false
05-19 11:15:20.995  1466  2157 E ActivityTaskManager: callerProcess.processName :  com.activitypointsnative
05-19 11:15:20.995  1466  2157 D ActivityTaskManager: fingerprintlock DWExchange2 caller :android.app.IApplicationThread$Stub$Proxy@214f05, fromsource:0, isblockapp:false, intent=Intent { act=android.content.pm.action.REQUEST_PERMISSIONS pkg=com.google.android.permissioncontroller cmp=com.google.android.permissioncontroller/com.android.permissioncontroller.permission.ui.GrantPermissionsActivity (has extras) }, resultTo=Token{b42fbdb ActivityRecord{8f38cd5 u0 com.activitypointsnative/.MainActivity t5165}}
05-19 11:15:20.995  1466  2157 W OptProp : Cannot read opt property android.window.PROPERTY_COMPAT_ALLOW_ORIENTATION_OVERRIDE
05-19 11:15:20.996  1466  2157 W OptProp : Cannot read opt property android.window.PROPERTY_COMPAT_ALLOW_MIN_ASPECT_RATIO_OVERRIDE
05-19 11:15:20.996  1466  2157 W OptProp : Cannot read opt property android.window.PROPERTY_COMPAT_ALLOW_RESIZEABLE_ACTIVITY_OVERRIDES
05-19 11:15:21.000  1466  1466 E MBrainLocalService: notifyAppSwitch failed
05-19 11:15:21.000  1466  2157 I ActivityTaskManager: START u0 {act=android.content.pm.action.REQUEST_PERMISSIONS pkg=com.google.android.permissioncontroller cmp=com.google.android.permissioncontroller/com.android.permissioncontroller.permission.ui.GrantPermissionsActivity (has extras)} with LAUNCH_MULTIPLE from uid 10442 (BAL_ALLOW_VISIBLE_WINDOW) result code=0
05-19 11:15:21.003 19527 19541 V WindowManagerShell: Transition requested (#43043): android.os.BinderProxy@e51ac0d TransitionRequestInfo { type = OPEN, triggerTask = TaskInfo{userId=0 taskId=5165 displayId=0 isRunning=true baseIntent=Intent { act=android.intent.action.MAIN cat=[android.intent.category.LAUNCHER] flg=0x10200000 cmp=com.activitypointsnative/.MainActivity } baseActivity=ComponentInfo{com.activitypointsnative/com.activitypointsnative.MainActivity} topActivity=ComponentInfo{com.google.android.permissioncontroller/com.android.permissioncontroller.permission.ui.GrantPermissionsActivity} origActivity=null realActivity=ComponentInfo{com.activitypointsnative/com.activitypointsnative.MainActivity} numActivities=2 lastActiveTime=2603405245 supportsMultiWindow=true resizeMode=1 isResizeable=true minWidth=-1 minHeight=-1 defaultMinSize=220 token=WCT{android.window.IWindowContainerToken$Stub$Proxy@a4067c2} topActivityType=1 pictureInPictureParams=null shouldDockBigOverlays=false launchIntoPipHostTaskId=-1 lastParentTaskIdBeforePip=-1 displayCutoutSafeInsets=null topActivityInfo=ActivityInfo{f1579d3 com.android.permissioncontroller.permission.ui.GrantPermissionsActivity} launchCookies=[android.os.BinderProxy@a6eb529] positionInParent=Point(0, 0) parentTaskId=-1 isFocused=true isVisible=true isVisibleRequested=true isSleeping=false locusId=null displayAreaFeatureId=1 isTopActivityTransparent=true appCompatTaskInfo=AppCompatTaskInfo { topActivityInSizeCompat=false topActivityEligibleForLetterboxEducation= falseisLetterboxEducationEnabled= false isLetterboxDoubleTapEnabled= false topActivityEligibleForUserAspectRatioButton= false topActivityBoundsLetterboxed= false isFromLetterboxDoubleTap= false topActivityLetterboxVerticalPosition= -1 topActivityLetterboxHorizontalPosition= -1 topActivityLetterboxWidth=1080 topActivityLetterboxHeight=2400 isUserFullscreenOverrideEnabled=false isSystemFullscreenOverrideEnabled=false cameraCompatTaskInfo=CameraCompatTaskInfo { cameraCompatControlState=hidden freeformCameraCompatMode=inactive}}}, pipTask = null, remoteTransition = null, displayChange = null, flags = 0, debugId = 43043 }
05-19 11:15:21.022  1466  1662 D XRVrDisp: onAppStartFromPrimaryDisplay com.google.android.permissioncontroller
05-19 11:15:21.022  1466  1662 W WindowManager: Changing focus from Window{9a484a u0 com.activitypointsnative/com.activitypointsnative.MainActivity} to null displayId=0 Callers=com.android.server.wm.RootWindowContainer.updateFocusedWindowLocked:469 com.android.server.wm.WindowManagerService.updateFocusedWindowLocked:6611 com.android.server.wm.ActivityTaskManagerService.setLastResumedActivityUncheckLocked:5085 com.android.server.wm.ActivityTaskSupervisor.updateTopResumedActivityIfNeeded:2341 
05-19 11:15:21.024  1466  1466 E MBrainLocalService: notifyAppSwitch failed
05-19 11:15:21.026  1466  1499 E ApplicationHelper: Fail to get PackageManager
05-19 11:15:21.049  1466  1466 E MBrainLocalService: notifyAppSwitch failed
05-19 11:15:21.051  1466  1662 D XRVrDisp: onAppStartFromPrimaryDisplay com.activitypointsnative
05-19 11:15:21.051  1466  1662 W WindowManager: Changing focus from null to Window{9a484a u0 com.activitypointsnative/com.activitypointsnative.MainActivity} displayId=0 Callers=com.android.server.wm.RootWindowContainer.updateFocusedWindowLocked:469 com.android.server.wm.WindowManagerService.updateFocusedWindowLocked:6611 com.android.server.wm.ActivityTaskManagerService.setLastResumedActivityUncheckLocked:5085 com.android.server.wm.ActivityTaskSupervisor.updateTopResumedActivityIfNeeded:2341 
05-19 11:15:21.054  1466  1466 E MBrainLocalService: notifyAppSwitch failed
05-19 11:15:21.056  1466  1499 E ApplicationHelper: Fail to get PackageManager
05-19 11:15:21.056  1466  1498 V WindowManager: Sent Transition (#43043) createdAt=05-19 11:15:20.996 via request=TransitionRequestInfo { type = OPEN, triggerTask = TaskInfo{userId=0 taskId=5165 displayId=0 isRunning=true baseIntent=Intent { act=android.intent.action.MAIN cat=[android.intent.category.LAUNCHER] flg=0x10200000 cmp=com.activitypointsnative/.MainActivity } baseActivity=ComponentInfo{com.activitypointsnative/com.activitypointsnative.MainActivity} topActivity=ComponentInfo{com.google.android.permissioncontroller/com.android.permissioncontroller.permission.ui.GrantPermissionsActivity} origActivity=null realActivity=ComponentInfo{com.activitypointsnative/com.activitypointsnative.MainActivity} numActivities=2 lastActiveTime=2603405245 supportsMultiWindow=true resizeMode=1 isResizeable=true minWidth=-1 minHeight=-1 defaultMinSize=220 token=WCT{RemoteToken{76800c1 Task{65a0cea #5165 type=standard A=10442:com.activitypointsnative}}} topActivityType=1 pictureInPictureParams=null shouldDockBigOverlays=false launchIntoPipHostTaskId=-1 lastParentTaskIdBeforePip=-1 displayCutoutSafeInsets=null topActivityInfo=ActivityInfo{7205b5a com.android.permissioncontroller.permission.ui.GrantPermissionsActivity} launchCookies=[android.os.BinderProxy@dc95066] positionInParent=Point(0, 0) parentTaskId=-1 isFocused=true isVisible=true isVisibleRequested=true isSleeping=false locusId=null displayAreaFeatureId=1 isTopActivityTransparent=true appCompatTaskInfo=AppCompatTaskInfo { topActivityInSizeCompat=false topActivityEligibleForLetterboxEducation= falseisLetterboxEducationEnabled= false isLetterboxDoubleTapEnabled= false topActivityEligibleForUserAspectRatioButton= false topActivityBoundsLetterboxed= false isFromLetterboxDoubleTap= false topActivityLetterboxVerticalPosition= -1 topActivityLetterboxHorizontalPosition= -1 topActivityLetterboxWidth=1080 topActivityLetterboxHeight=2400 isUserFullscreenOverrideEnabled=false isSystemFullscreenOverrideEnabled=false cameraCompatTaskInfo=CameraCompatTaskInfo { cameraCompatControlState=hidden freeformCameraCompatMode=inactive}}}, pipTask = null, remoteTransition = null, displayChange = null, flags = 0, debugId = 43043 }
05-19 11:15:21.056  1466  1498 V WindowManager:     startWCT=WindowContainerTransaction { changes = {} hops = [] errorCallbackToken=null taskFragmentOrganizer=null }
05-19 11:15:21.056  1466  1498 V WindowManager:     info={id=43043 t=OPEN f=0x0 trk=0 r=[] c=[]}
05-19 11:15:21.056 19527 19572 V WindowManagerShell: onTransitionReady(transaction=6296425468606)
05-19 11:15:21.056 19527 19541 V WindowManagerShell: onTransitionReady (#43043) android.os.BinderProxy@e51ac0d: {id=43043 t=OPEN f=0x0 trk=0 r=[] c=[]}
05-19 11:15:21.057 19527 19541 V WindowManagerShell: No transition roots in (#43043) android.os.BinderProxy@e51ac0d@0 so abort
05-19 11:15:21.057 19527 19541 V WindowManagerShell: Transition animation finished (aborted=true), notifying core (#43043) android.os.BinderProxy@e51ac0d@0
05-19 11:15:21.072 19527 19541 V WindowManagerShell: Track 0 became idle
05-19 11:15:21.072 19527 19541 V WindowManagerShell: All active transition animations finished
05-19 11:15:21.074  1466  1499 E ApplicationHelper: Fail to get PackageManager
05-19 11:15:21.074  1466  1662 D WindowManager: setParent old=Task{65a0cea #5165 type=standard A=10442:com.activitypointsnative},new=null,this window=ActivityRecord{cf8d326 u0 com.google.android.permissioncontroller/com.android.permissioncontroller.permission.ui.GrantPermissionsActivity t5165 f}},callers=com.android.server.wm.WindowContainer.removeChild:833 com.android.server.wm.TaskFragment.removeChild:3015 com.android.server.wm.Task.removeChild:1534 com.android.server.wm.Task.removeChild:1517 com.android.server.wm.WindowContainer.removeImmediately:891 com.android.server.wm.WindowToken.removeImmediately:359 
05-19 11:15:21.075  1466  1498 V WindowManager: Finish Transition (#43043): created at 05-19 11:15:20.996 collect-started=0.011ms request-sent=4.624ms started=7.752ms ready=58.568ms sent=59.121ms finished=75.395ms
05-19 11:15:21.076  1466  3176 W UserManagerService: Requested status bar icon for non-badged user 0
05-19 11:15:21.077  1466  3096 W UserManagerService: Requested status bar icon for non-badged user 0
05-19 11:15:21.078  1466  2157 W PackageConfigPersister: App-specific configuration not found for packageName: com.activitypointsnative and userId: 0
05-19 11:15:21.086  1466  1499 E ApplicationHelper: Fail to get PackageManager
05-19 11:15:22.835  1466  1499 E ApplicationHelper: Fail to get PackageManager
05-19 11:15:22.838  1466  1499 E ApplicationHelper: Fail to get PackageManager
05-19 11:15:22.838  1466  1499 E ApplicationHelper: Fail to get PackageManager
05-19 11:15:22.838  1466  1499 E ApplicationHelper: Fail to get PackageManager
05-19 11:15:22.838  1466  1499 E ApplicationHelper: Fail to get PackageManager
05-19 11:15:22.843  1466  1499 E ApplicationHelper: Fail to get PackageManager
05-19 11:15:22.843  1466  1499 E ApplicationHelper: Fail to get PackageManager
05-19 11:15:22.843  1466  1499 E ApplicationHelper: Fail to get PackageManager
05-19 11:15:22.843  1466  1499 E ApplicationHelper: Fail to get PackageManager
05-19 11:15:23.047  1466  1499 E ApplicationHelper: Fail to get PackageManager
05-19 11:15:23.048  1466  1499 E ApplicationHelper: Fail to get PackageManager
05-19 11:15:23.048  1466  1499 E ApplicationHelper: Fail to get PackageManager
05-19 11:15:23.048  1466  1499 E ApplicationHelper: Fail to get PackageManager
05-19 11:15:23.048  1466  1499 E ApplicationHelper: Fail to get PackageManager
05-19 11:15:23.064  1466  1499 E ApplicationHelper: Fail to get PackageManager
05-19 11:15:23.066  1466  1499 E ApplicationHelper: Fail to get PackageManager
05-19 11:15:23.066  1466  1499 E ApplicationHelper: Fail to get PackageManager
05-19 11:15:23.066  1466  1499 E ApplicationHelper: Fail to get PackageManager
05-19 11:15:23.066  1466  1499 E ApplicationHelper: Fail to get PackageManager
05-19 11:15:23.397  1466  1499 E ApplicationHelper: Fail to get PackageManager
05-19 11:15:24.630  1466  1501 I DisplayDeviceRepository: Display device changed render timings: "Built-in Screen", renderFrameRate=60.0, presentationDeadlineNanos=16600000, appVsyncOffsetNanos=1133334
05-19 11:15:25.562  1466  1499 E ApplicationHelper: Fail to get PackageManager
05-19 11:15:26.191  1466  1499 E ApplicationHelper: Fail to get PackageManager
05-19 11:15:29.009  1466  1499 E ApplicationHelper: Fail to get PackageManager
05-19 11:15:29.009  1466  1499 E ApplicationHelper: Fail to get PackageManager
05-19 11:15:29.009  1466  1499 E ApplicationHelper: Fail to get PackageManager
05-19 11:15:29.009  1466  1499 E ApplicationHelper: Fail to get PackageManager
05-19 11:15:29.009  1466  1499 E ApplicationHelper: Fail to get PackageManager
05-19 11:15:29.009  1466  1499 E ApplicationHelper: Fail to get PackageManager
05-19 11:15:29.009  1466  1499 E ApplicationHelper: Fail to get PackageManager
05-19 11:15:29.009  1466  1499 E ApplicationHelper: Fail to get PackageManager
05-19 11:15:30.049  1466  1499 E ApplicationHelper: Fail to get PackageManager
05-19 11:15:30.049  1466  1499 E ApplicationHelper: Fail to get PackageManager
05-19 11:15:30.051  1466  1499 E ApplicationHelper: Fail to get PackageManager
05-19 11:15:30.051  1466  1499 E ApplicationHelper: Fail to get PackageManager
05-19 11:15:34.882  1466  1499 E ApplicationHelper: Fail to get PackageManager
05-19 11:15:34.890  1466  1499 E ApplicationHelper: Fail to get PackageManager
05-19 11:15:37.712  1466  1499 E ApplicationHelper: Fail to get PackageManager
05-19 11:15:43.724  1466  1499 E ApplicationHelper: Fail to get PackageManager
05-19 11:15:43.776  1466  1499 E ApplicationHelper: Fail to get PackageManager
05-19 11:15:47.211  1466  1499 E ApplicationHelper: Fail to get PackageManager
05-19 11:15:49.792  1466  1499 E ApplicationHelper: Fail to get PackageManager
05-19 11:15:54.985  1466  1499 E ApplicationHelper: Fail to get PackageManager
05-19 11:16:01.778  1466  1499 E ApplicationHelper: Fail to get PackageManager
05-19 11:16:04.401  1466  1484 I BatteryService: shutdownIfOverTempLocked, batteryTemperature : 340mHealthInfo.maxChargingVoltageMicrovolts =:5000000mHealthInfo.batteryVoltageMillivolts =:4421
05-19 11:16:04.405  1466  1484 I BatteryService: shutdownIfOverTempLocked, batteryTemperature : 340mHealthInfo.maxChargingVoltageMicrovolts =:5000000mHealthInfo.batteryVoltageMillivolts =:4421
05-19 11:16:19.028  1466  1499 E ApplicationHelper: Fail to get PackageManager
05-19 11:16:19.756  1466  1499 E ApplicationHelper: Fail to get PackageManager
05-19 11:16:19.756  1466  1499 E ApplicationHelper: Fail to get PackageManager
05-19 11:16:19.757  1466  1499 E ApplicationHelper: Fail to get PackageManager
05-19 11:16:47.237  1466  1499 E ApplicationHelper: Fail to get PackageManager
05-19 11:16:48.175  1466  1499 E ApplicationHelper: Fail to get PackageManager
05-19 11:16:58.193  1466  1499 E ApplicationHelper: Fail to get PackageManager
05-19 11:17:04.205  1466  1499 E ApplicationHelper: Fail to get PackageManager
05-19 11:17:04.400  1466  2157 I BatteryService: shutdownIfOverTempLocked, batteryTemperature : 340mHealthInfo.maxChargingVoltageMicrovolts =:5000000mHealthInfo.batteryVoltageMillivolts =:4421
05-19 11:17:04.404  1466  2157 I BatteryService: shutdownIfOverTempLocked, batteryTemperature : 340mHealthInfo.maxChargingVoltageMicrovolts =:5000000mHealthInfo.batteryVoltageMillivolts =:4421
05-19 11:17:15.945  1466  1499 E ApplicationHelper: Fail to get PackageManager
05-19 11:17:27.538  1466  1499 E ApplicationHelper: Fail to get PackageManager
05-19 11:17:30.048  1466  1499 E ApplicationHelper: Fail to get PackageManager
05-19 11:17:36.066  1466  1499 E ApplicationHelper: Fail to get PackageManager
05-19 11:17:39.294  1466  1499 E ApplicationHelper: Fail to get PackageManager
05-19 11:17:39.294  1466  1499 E ApplicationHelper: Fail to get PackageManager
05-19 11:17:39.295  1466  1499 E ApplicationHelper: Fail to get PackageManager
05-19 11:17:45.309  1466  1499 E ApplicationHelper: Fail to get PackageManager
05-19 11:17:45.929  1466  1499 E ApplicationHelper: Fail to get PackageManager
05-19 11:17:51.943  1466  1499 E ApplicationHelper: Fail to get PackageManager
05-19 11:17:58.631  1466  1499 E ApplicationHelper: Fail to get PackageManager
05-19 11:18:04.401  1466  6854 I BatteryService: shutdownIfOverTempLocked, batteryTemperature : 340mHealthInfo.maxChargingVoltageMicrovolts =:5000000mHealthInfo.batteryVoltageMillivolts =:4422
05-19 11:18:04.406  1466  6854 I BatteryService: shutdownIfOverTempLocked, batteryTemperature : 340mHealthInfo.maxChargingVoltageMicrovolts =:5000000mHealthInfo.batteryVoltageMillivolts =:4422
05-19 11:18:04.650  1466  1499 E ApplicationHelper: Fail to get PackageManager
05-19 11:18:09.501  1466  1499 E ApplicationHelper: Fail to get PackageManager
05-19 11:18:15.517  1466  1499 E ApplicationHelper: Fail to get PackageManager
05-19 11:18:15.852  1466  1499 E ApplicationHelper: Fail to get PackageManager
05-19 11:18:17.456  1466  1991 E hefenggg: vibrateInternal device = 0, opPkg = android, effect = Mono{mEffect=Composed{segments=[Prebaked{effect=CLICK, strength=MEDIUM, fallback=true}], repeat=-1}}, reason = Virtual Key - Press, isVirbation = false, mIsCallingOrDisconnected = true
05-19 11:18:17.511  1466  1466 E MBrainLocalService: notifyAppSwitch failed
05-19 11:18:17.517  1466  1662 W WindowManager: Changing focus from Window{9a484a u0 com.activitypointsnative/com.activitypointsnative.MainActivity} to null displayId=0 Callers=com.android.server.wm.RootWindowContainer.updateFocusedWindowLocked:469 com.android.server.wm.WindowManagerService.updateFocusedWindowLocked:6611 com.android.server.wm.ActivityTaskManagerService.setLastResumedActivityUncheckLocked:5085 com.android.server.wm.ActivityTaskSupervisor.updateTopResumedActivityIfNeeded:2341 
05-19 11:18:17.520  1466  1466 E MBrainLocalService: notifyAppSwitch failed
05-19 11:18:17.524  1466  1499 E ApplicationHelper: Fail to get PackageManager
05-19 11:18:17.525  1466  1499 E ApplicationHelper: Fail to get PackageManager
05-19 11:18:17.525  1466  1499 E ApplicationHelper: Fail to get PackageManager
05-19 11:18:17.525  1466  1499 E ApplicationHelper: Fail to get PackageManager
05-19 11:18:17.526  1466  1499 E ApplicationHelper: Fail to get PackageManager
05-19 11:18:17.526  1466  1499 E ApplicationHelper: Fail to get PackageManager
05-19 11:18:17.526  1466  1499 E ApplicationHelper: Fail to get PackageManager
05-19 11:18:17.526  1466  1499 E ApplicationHelper: Fail to get PackageManager
05-19 11:18:17.526  1466  1499 E ApplicationHelper: Fail to get PackageManager
05-19 11:18:17.526  1466  1499 E ApplicationHelper: Fail to get PackageManager
05-19 11:18:17.526  1466  1499 E ApplicationHelper: Fail to get PackageManager
05-19 11:18:17.526  1466  1499 E ApplicationHelper: Fail to get PackageManager
05-19 11:18:17.526  1466  1499 E ApplicationHelper: Fail to get PackageManager
05-19 11:18:17.526  1466  1499 E ApplicationHelper: Fail to get PackageManager
05-19 11:18:17.526  1466  1499 E ApplicationHelper: Fail to get PackageManager
05-19 11:18:17.526  1466  1499 E ApplicationHelper: Fail to get PackageManager
05-19 11:18:17.530  1466  1499 E ApplicationHelper: Fail to get PackageManager
05-19 11:18:17.530  1466  1499 E ApplicationHelper: Fail to get PackageManager
05-19 11:18:17.540  1466  1512 I ActivityManager: Start proc 18301:com.google.android.apps.youtube.music/u0a133 for service {com.google.android.apps.youtube.music/androidx.work.impl.background.systemjob.SystemJobService}
05-19 11:18:17.542  1466  1991 W WindowManager: Changing focus from null to Window{1145f21 u0 com.android.launcher3/com.android.searchlauncher.SearchLauncher} displayId=0 Callers=com.android.server.wm.RootWindowContainer.updateFocusedWindowLocked:469 com.android.server.wm.WindowManagerService.updateFocusedWindowLocked:6611 com.android.server.wm.WindowManagerService.relayoutWindowInner:2701 com.android.server.wm.WindowManagerService.relayoutWindow:2371 
05-19 11:18:17.543  1466  1991 I WindowManager: Relayout Window{1145f21 u0 com.android.launcher3/com.android.searchlauncher.SearchLauncher}: oldVis=8 newVis=0 focusMayChange = true requestedWidth = 1080 requestedHeight = 2400 outFrames = ClientWindowFrames{frame=[0,0][1080,2400] display=[0,0][1080,2400] parentFrame=[0,0][0,0]} outSurfaceControl = Surface(name=com.android.launcher3/com.android.searchlauncher.SearchLauncher)/@0x954bf90
05-19 11:18:17.554  1466  1512 I ActivityManager: Start proc 18303:com.google.android.partnersetup/u0a95 for service {com.google.android.partnersetup/com.google.android.partnersetup.InstalledAppJobService}
05-19 11:18:17.585  1466  1499 E ApplicationHelper: Fail to get PackageManager
05-19 11:18:17.591  1466  1499 E ApplicationHelper: Fail to get PackageManager
05-19 11:18:17.592  1466  3176 W UserManagerService: Requested status bar icon for non-badged user 0
05-19 11:18:17.595  1466  1969 W PackageConfigPersister: App-specific configuration not found for packageName: com.android.launcher3 and userId: 0
05-19 11:18:17.596  1466  1501 I DisplayDeviceRepository: Display device changed render timings: "Built-in Screen", renderFrameRate=120.00001, presentationDeadlineNanos=13300000, appVsyncOffsetNanos=1099999
05-19 11:18:17.699  1466  1499 E ApplicationHelper: Fail to get PackageManager
05-19 11:18:17.702  1466  1499 E ApplicationHelper: Fail to get PackageManager
05-19 11:18:17.767  1466  1662 W JobScheduler: Job didn't exist in JobStore: 5070242 #u0a95/4096 com.google.android.partnersetup/.InstalledAppJobService
05-19 11:18:17.768  1466  1499 E ApplicationHelper: Fail to get PackageManager
05-19 11:18:17.768  1466  1499 E ApplicationHelper: Fail to get PackageManager
05-19 11:18:17.775  1466  3737 I ActivityManager: Killing 16761:com.android.providers.calendar/u0a49 (adj 985): empty #17
05-19 11:18:17.776  1466  1499 E ApplicationHelper: Fail to get PackageManager
05-19 11:18:17.776  1466  1499 E ApplicationHelper: Fail to get PackageManager
05-19 11:18:17.778  1466  1512 I ActivityManager: Start proc 18338:com.google.android.apps.turbo:aab/u0a105 for service {com.google.android.apps.turbo/com.google.android.libraries.smartbattery.appusage.library.InferAppBucketsJob}
05-19 11:18:17.789   440   458 W vold    : Cannot find dev sysfs path
05-19 11:18:17.789  1466 18337 W StorageManagerService: Failed to get storage lifetime
05-19 11:18:17.790  1466 18337 I StorageManagerService: Turn off gc_urgent based on checking lifetime and charge status
05-19 11:18:17.790  1466 18337 I StorageManagerService: Set smart idle maintenance: latest write amount: 423, average write amount: 0, min segment threshold: 512, dirty reclaim rate: 0.5, segment reclaim weight: 2.0, period(min): 60, min gc sleep time(ms): 5000, target dirty ratio: 100
05-19 11:18:17.791   440   458 I vold    : Enough free segments: 19991
05-19 11:18:17.793  1466 18337 I SmartStorageMaintIdler: Got smart storage maintenance service completion callback
05-19 11:18:17.806  1466  1499 E ApplicationHelper: Fail to get PackageManager
05-19 11:18:17.806  1466  1499 E ApplicationHelper: Fail to get PackageManager
05-19 11:18:17.815  1466  1499 E ApplicationHelper: Fail to get PackageManager
05-19 11:18:17.817  1466  1499 E ApplicationHelper: Fail to get PackageManager
05-19 11:18:17.817  1466  1499 E ApplicationHelper: Fail to get PackageManager
05-19 11:18:17.827  1466  1499 E ApplicationHelper: Fail to get PackageManager
05-19 11:18:17.867  1466  1499 E ApplicationHelper: Fail to get PackageManager
05-19 11:18:17.870  1466  1499 E ApplicationHelper: Fail to get PackageManager
05-19 11:18:17.872  1466  1662 E hefenggg: performHapticFeedbackInternal device = 0, opPkg = com.android.systemui, always = false, constant = 1, reason = View#performHapticFeedback, fromIme = false
05-19 11:18:17.872  1466  1662 E hefenggg: vibrateInternal device = 0, opPkg = com.android.systemui, effect = Mono{mEffect=Composed{segments=[Prebaked{effect=CLICK, strength=MEDIUM, fallback=true}], repeat=-1}}, reason = performHapticFeedback(constant=1): View#performHapticFeedback, isVirbation = false, mIsCallingOrDisconnected = true
05-19 11:18:17.890  1466  1499 E ApplicationHelper: Fail to get PackageManager
05-19 11:18:17.893  1466  1499 E ApplicationHelper: Fail to get PackageManager
05-19 11:18:17.932  1466  1499 E ApplicationHelper: Fail to get PackageManager
05-19 11:18:17.956  1466  1499 E ApplicationHelper: Fail to get PackageManager
05-19 11:18:17.960  1466  1484 W UserManagerService: Requested status bar icon for non-badged user 0
05-19 11:18:17.962  1466  1499 E ApplicationHelper: Fail to get PackageManager
05-19 11:18:17.962  1466  1499 E ApplicationHelper: Fail to get PackageManager
05-19 11:18:17.963  1466  3176 W UserManagerService: Requested status bar icon for non-badged user 0
05-19 11:18:17.977  1466  1499 E ApplicationHelper: Fail to get PackageManager
05-19 11:18:18.008  1466  1499 E ApplicationHelper: Fail to get PackageManager
05-19 11:18:18.008  1466  1499 E ApplicationHelper: Fail to get PackageManager
05-19 11:18:18.019  1466  1499 E ApplicationHelper: Fail to get PackageManager
05-19 11:18:18.019  1466  1499 E ApplicationHelper: Fail to get PackageManager
05-19 11:18:18.023  1466  1499 E ApplicationHelper: Fail to get PackageManager
05-19 11:18:18.023  1466  1499 E ApplicationHelper: Fail to get PackageManager
05-19 11:18:18.064  1466  1499 E ApplicationHelper: Fail to get PackageManager
05-19 11:18:18.064  1466  1499 E ApplicationHelper: Fail to get PackageManager
05-19 11:18:18.073  1466  1499 E ApplicationHelper: Fail to get PackageManager
05-19 11:18:18.073  1466  1499 E ApplicationHelper: Fail to get PackageManager
05-19 11:18:18.166  1466  1499 E ApplicationHelper: Fail to get PackageManager
05-19 11:18:18.166  1466  1499 E ApplicationHelper: Fail to get PackageManager
05-19 11:18:18.167  1466  1499 E ApplicationHelper: Fail to get PackageManager
05-19 11:18:18.167  1466  1499 E ApplicationHelper: Fail to get PackageManager
05-19 11:18:18.173  1466  1484 W JobScheduler: Job didn't exist in JobStore: c847e1e {androidx.work.systemjobscheduler} #u0a133/2429 @androidx.work.systemjobscheduler@com.google.android.apps.youtube.music/androidx.work.impl.background.systemjob.SystemJobService
05-19 11:18:18.202  1466  1499 E ApplicationHelper: Fail to get PackageManager
05-19 11:18:18.202  1466  1499 E ApplicationHelper: Fail to get PackageManager
05-19 11:18:18.203  1466  1499 E ApplicationHelper: Fail to get PackageManager
05-19 11:18:18.204  1466  1499 E ApplicationHelper: Fail to get PackageManager
05-19 11:18:18.208  1466  1499 E ApplicationHelper: Fail to get PackageManager
05-19 11:18:18.314  1466  3737 E hefenggg: vibrateInternal device = 0, opPkg = com.android.launcher3, effect = Mono{mEffect=Composed{segments=[Prebaked{effect=TEXTURE_TICK, strength=MEDIUM, fallback=true}], repeat=-1}}, reason = null, isVirbation = false, mIsCallingOrDisconnected = true
05-19 11:18:18.464  1466  1499 E ApplicationHelper: Fail to get PackageManager
05-19 11:18:18.464  1466  1499 E ApplicationHelper: Fail to get PackageManager
05-19 11:18:18.473  1466  1499 E ApplicationHelper: Fail to get PackageManager
05-19 11:18:18.473  1466  1499 E ApplicationHelper: Fail to get PackageManager
05-19 11:18:18.506  1466  1499 E ApplicationHelper: Fail to get PackageManager
05-19 11:18:18.507  1466  1499 E ApplicationHelper: Fail to get PackageManager
05-19 11:18:18.520  1466  1499 E ApplicationHelper: Fail to get PackageManager
05-19 11:18:18.521  1466  1499 E ApplicationHelper: Fail to get PackageManager
05-19 11:18:18.526  1466  1499 E ApplicationHelper: Fail to get PackageManager
05-19 11:18:18.526  1466  1499 E ApplicationHelper: Fail to get PackageManager
05-19 11:18:18.530  1466  1499 E ApplicationHelper: Fail to get PackageManager
05-19 11:18:18.530  1466  1499 E ApplicationHelper: Fail to get PackageManager
05-19 11:18:18.585  1466  1499 E ApplicationHelper: Fail to get PackageManager
05-19 11:18:18.585  1466  1499 E ApplicationHelper: Fail to get PackageManager
05-19 11:18:18.586  1466  1499 E ApplicationHelper: Fail to get PackageManager
05-19 11:18:18.586  1466  1499 E ApplicationHelper: Fail to get PackageManager
05-19 11:18:18.638  1466  1499 E ApplicationHelper: Fail to get PackageManager
05-19 11:18:18.638  1466  1499 E ApplicationHelper: Fail to get PackageManager
05-19 11:18:18.638  1466  1499 E ApplicationHelper: Fail to get PackageManager
05-19 11:18:18.639  1466  1499 E ApplicationHelper: Fail to get PackageManager
05-19 11:18:18.642  1466  1499 E ApplicationHelper: Fail to get PackageManager
05-19 11:18:18.642  1466  1499 E ApplicationHelper: Fail to get PackageManager
05-19 11:18:18.642  1466  1499 E ApplicationHelper: Fail to get PackageManager
05-19 11:18:18.652  1466  1501 I ActivityManager: Killing 18194:com.activitypointsnative/u0a442 (adj 900): remove task
05-19 11:18:18.696  1466  1499 E ApplicationHelper: Fail to get PackageManager
05-19 11:18:18.696  1466  1499 E ApplicationHelper: Fail to get PackageManager
05-19 11:18:18.698  1466  3176 I ActivityManager: Killing 16726:com.google.android.calendar/u0a113 (adj 975): empty #17
05-19 11:18:18.700  1466  1499 E ApplicationHelper: Fail to get PackageManager
05-19 11:18:18.700  1466  1499 E ApplicationHelper: Fail to get PackageManager
05-19 11:18:18.718  1466  1501 W ActivityManager: setHasOverlayUi called on unknown pid: 18194
05-19 11:18:18.897  1466  3176 E hefenggg: vibrateInternal device = 0, opPkg = com.android.launcher3, effect = Mono{mEffect=Composed{segments=[Prebaked{effect=TEXTURE_TICK, strength=MEDIUM, fallback=true}], repeat=-1}}, reason = null, isVirbation = false, mIsCallingOrDisconnected = true
05-19 11:18:19.401  1466  1466 E MBrainLocalService: notifyAppSwitch failed
05-19 11:18:19.405  1466  1466 E MBrainLocalService: notifyAppSwitch failed
05-19 11:18:19.406  1466  1501 I ActivityManager: Killing 14858:com.google.android.gms.unstable/u0a106 (adj 955): empty #17
05-19 11:18:19.407  1466  1501 I ActivityManager: Killing 17247:com.google.android.youtube/u0a135 (adj 955): empty #18
05-19 11:18:19.407  1466  1501 I ActivityManager: Killing 17117:com.google.android.apps.tachyon/u0a120 (adj 965): empty #19
05-19 11:18:19.408  1466  1501 I ActivityManager: Killing 16928:in.amazon.mShop.android.shopping/u0a403 (adj 965): empty #20
05-19 11:18:19.408  1466  1501 I ActivityManager: Killing 15445:com.google.android.googlequicksearchbox:search/u0a108 (adj 975): empty #21
05-19 11:18:19.409  1466  1499 E ApplicationHelper: Fail to get PackageManager
05-19 11:18:19.409  1466  1501 I ActivityManager: Killing 14243:org.chromium.webapk.aee2d00b20291bbaf_v2/u0a401 (adj 915): remove task
05-19 11:18:19.410  1466  1499 E ApplicationHelper: Fail to get PackageManager
05-19 11:18:19.410  1466  1499 E ApplicationHelper: Fail to get PackageManager
05-19 11:18:19.410  1466  1499 E ApplicationHelper: Fail to get PackageManager
05-19 11:18:19.437  1466  1499 E ApplicationHelper: Fail to get PackageManager
05-19 11:18:19.438  1466  1499 E ApplicationHelper: Fail to get PackageManager
05-19 11:18:19.438  1466  3174 I ActivityManager: Killing 14451:com.android.chrome:sandboxed_process0:org.chromium.content.app.SandboxedProcessService0:1/u0a112i-8999 (adj 0): isolated not needed
05-19 11:18:19.439  1466  1499 E ApplicationHelper: Fail to get PackageManager
05-19 11:18:19.460  1466  3176 E hefenggg: vibrateInternal device = 0, opPkg = com.android.launcher3, effect = Mono{mEffect=Composed{segments=[Prebaked{effect=TEXTURE_TICK, strength=MEDIUM, fallback=true}], repeat=-1}}, reason = null, isVirbation = false, mIsCallingOrDisconnected = true
05-19 11:18:19.495  1466  1499 E ApplicationHelper: Fail to get PackageManager
05-19 11:18:19.500  1466  1499 E ApplicationHelper: Fail to get PackageManager
05-19 11:18:19.501  1466  1499 E ApplicationHelper: Fail to get PackageManager
05-19 11:18:19.502  1466  1499 E ApplicationHelper: Fail to get PackageManager
05-19 11:18:19.509  1466  3737 E ClipboardService: Denying clipboard access to com.android.chrome, application is not in focus nor is it a system service for user 0
05-19 11:18:19.515  1466  1680 W UsageStatsService: Unexpected activity event reported! (com.android.chrome/org.chromium.chrome.browser.webapps.SameTaskWebApkActivity event : 23 instanceId : 116824930)
05-19 11:18:19.577  1466  1997 I WindowManager: WIN DEATH: Window{3fea8f0 u0 org.chromium.webapk.aee2d00b20291bbaf_v2/org.chromium.webapk.shell_apk.h2o.SplashActivity}
05-19 11:18:19.594  1466  1501 W ActivityManager: setHasOverlayUi called on unknown pid: 14243
05-19 11:18:19.594  1466  1680 W UsageStatsService: Unexpected activity event reported! (org.chromium.webapk.aee2d00b20291bbaf_v2/org.chromium.webapk.shell_apk.h2o.SplashActivity event : 23 instanceId : 155703000)
05-19 11:18:19.815  1466  1466 E MBrainLocalService: notifyAppSwitch failed
05-19 11:18:19.837  1466  1466 E MBrainLocalService: notifyAppSwitch failed
