05-19 11:15:13.262 19527 19541 V WindowManagerShell: Playing animation for (#43039) android.os.BinderProxy@3ddfe2d@0
05-19 11:15:13.263 19527 19541 V WindowManagerShell:  try firstHandler com.android.wm.shell.transition.DefaultMixedHandler@4b370ff
05-19 11:15:13.263 19527 19541 V WindowManagerShell: Mixed transition for opening an intent with a remote transition and PIP #43039
05-19 11:15:13.263 19527 19541 V WindowManagerShell:  Delegate animation for (#43039) to RemoteTransition { remoteTransition = com.android.systemui.animation.RemoteAnimationRunnerCompat$1@59ae9b0, appThread = null, debugName = SysUILaunch }
05-19 11:15:13.265 19527 19541 V WindowManagerShell:  animated by firstHandler
05-19 11:15:13.272  1466  1498 V WindowManager: Sent Transition (#43039) createdAt=05-19 11:15:13.207 via request=TransitionRequestInfo { type = OPEN, triggerTask = TaskInfo{userId=0 taskId=5164 displayId=0 isRunning=true baseIntent=Intent { act=android.intent.action.MAIN flg=0x14000000 pkg=com.activitypointsnative cmp=com.activitypointsnative/.MainActivity } baseActivity=ComponentInfo{com.activitypointsnative/com.activitypointsnative.MainActivity} topActivity=ComponentInfo{com.activitypointsnative/com.activitypointsnative.MainActivity} origActivity=null realActivity=ComponentInfo{com.activitypointsnative/com.activitypointsnative.MainActivity} numActivities=1 lastActiveTime=2603397465 supportsMultiWindow=true resizeMode=1 isResizeable=true minWidth=-1 minHeight=-1 defaultMinSize=220 token=WCT{RemoteToken{c1b9049 Task{7e0677f #5164 type=standard A=10442:com.activitypointsnative}}} topActivityType=1 pictureInPictureParams=null shouldDockBigOverlays=false launchIntoPipHostTaskId=-1 lastParentTaskIdBeforePip=-1 displayCutoutSafeInsets=Rect(0, 104 - 0, 0) topActivityInfo=ActivityInfo{b2d3152 com.activitypointsnative.MainActivity} launchCookies=[] positionInParent=Point(0, 0) parentTaskId=-1 isFocused=false isVisible=false isVisibleRequested=false isSleeping=false locusId=null displayAreaFeatureId=1 isTopActivityTransparent=false appCompatTaskInfo=AppCompatTaskInfo { topActivityInSizeCompat=false topActivityEligibleForLetterboxEducation= falseisLetterboxEducationEnabled= false isLetterboxDoubleTapEnabled= false topActivityEligibleForUserAspectRatioButton= false topActivityBoundsLetterboxed= false isFromLetterboxDoubleTap= false topActivityLetterboxVerticalPosition= -1 topActivityLetterboxHorizontalPosition= -1 topActivityLetterboxWidth=1080 topActivityLetterboxHeight=2400 isUserFullscreenOverrideEnabled=false isSystemFullscreenOverrideEnabled=false cameraCompatTaskInfo=CameraCompatTaskInfo { cameraCompatControlState=hidden freeformCameraCompatMode=inactive}}}, pipTask = null, remoteTransition = RemoteTransition { remoteTransition = android.window.IRemoteTransition$Stub$Proxy@f28dd4e, appThread = null, debugName = SysUILaunch }, displayChange = null, flags = 0, debugId = 43039 }
05-19 11:15:13.272  1466  1498 V WindowManager:     startWCT=WindowContainerTransaction { changes = {} hops = [] errorCallbackToken=null taskFragmentOrganizer=null }
05-19 11:15:13.272  1466  1498 V WindowManager:     info={id=43039 t=OPEN f=0x0 trk=0 r=[0@Point(0, 0)] c=[
05-19 11:15:13.272  1466  1498 V WindowManager:         {WCT{RemoteToken{c1b9049 Task{7e0677f #5164 type=standard A=10442:com.activitypointsnative}}} m=OPEN f=NONE leash=Surface(name=Task=5164)/@0xd67c4d sb=Rect(0, 0 - 1080, 2400) eb=Rect(0, 0 - 1080, 2400) d=0 taskParent=-1},
05-19 11:15:13.272  1466  1498 V WindowManager:         {WCT{RemoteToken{7af93d9 Task{88d88b7 #5160 type=standard A=10401:org.chromium.webapk.aee2d00b20291bbaf_v2}}} m=TO_BACK f=NONE leash=Surface(name=Task=5160)/@0x98f51a1 sb=Rect(0, 0 - 1080, 2400) eb=Rect(0, 0 - 1080, 2400) d=0 taskParent=-1}
05-19 11:15:13.272  1466  1498 V WindowManager:     ]}
05-19 11:15:13.276  1466  3737 W UserManagerService: Requested status bar icon for non-badged user 0
05-19 11:15:13.293  1466  1662 W ProcessStats: Tracking association SourceState{116f753 com.android.chrome/10112 BTop #3824117} whose proc state 2 is better than process ProcessState{d24422f com.android.vending/10104 pkg=com.android.vending} proc state 14 (1 skipped)
05-19 11:15:13.294  1466  1499 E ApplicationHelper: Fail to get PackageManager
05-19 11:15:13.320  1466  6854 W WindowManager: Changing focus from null to Window{c8c12bd u0 com.activitypointsnative/com.activitypointsnative.MainActivity} displayId=0 Callers=com.android.server.wm.RootWindowContainer.updateFocusedWindowLocked:469 com.android.server.wm.WindowManagerService.updateFocusedWindowLocked:6611 com.android.server.wm.WindowManagerService.relayoutWindowInner:2701 com.android.server.wm.WindowManagerService.relayoutWindow:2371 
05-19 11:15:13.321  1466  6854 I WindowManager: Relayout Window{c8c12bd u0 com.activitypointsnative/com.activitypointsnative.MainActivity}: oldVis=4 newVis=0 focusMayChange = true requestedWidth = 1080 requestedHeight = 2400 outFrames = ClientWindowFrames{frame=[0,0][1080,2400] display=[0,0][1080,2400] parentFrame=[0,0][0,0]} outSurfaceControl = Surface(name=com.activitypointsnative/com.activitypointsnative.MainActivity)/@0x82d35fe
05-19 11:15:13.322  1466  3737 D CoreBackPreview: Window{c8c12bd u0 com.activitypointsnative/com.activitypointsnative.MainActivity}: Setting back callback OnBackInvokedCallbackInfo{mCallback=android.window.IOnBackInvokedCallback$Stub$Proxy@227915f, mPriority=0, mIsAnimationCallback=false}
05-19 11:15:13.375  1466  1499 E ApplicationHelper: Fail to get PackageManager
05-19 11:15:13.379  1466  1499 E ApplicationHelper: Fail to get PackageManager
05-19 11:15:13.390  1466  1499 E ApplicationHelper: Fail to get PackageManager
05-19 11:15:13.390  1466  1499 E ApplicationHelper: Fail to get PackageManager
05-19 11:15:13.390  1466  1499 E ApplicationHelper: Fail to get PackageManager
05-19 11:15:13.390  1466  1499 E ApplicationHelper: Fail to get PackageManager
05-19 11:15:13.390  1466  1499 E ApplicationHelper: Fail to get PackageManager
05-19 11:15:13.390  1466  1499 E ApplicationHelper: Fail to get PackageManager
05-19 11:15:13.408 18107 18107 E AndroidRuntime: FATAL EXCEPTION: main
05-19 11:15:13.408 18107 18107 E AndroidRuntime: Process: com.activitypointsnative, PID: 18107
05-19 11:15:13.408 18107 18107 E AndroidRuntime: java.lang.NullPointerException
05-19 11:15:13.408 18107 18107 E AndroidRuntime: 	at H.i.g(r8-map-id-6488f2d3618dfca224ecd9583c89ee7a4c91b9cc95de77496edebb8c5f92f35f:9)
05-19 11:15:13.408 18107 18107 E AndroidRuntime: 	at H.b.b(r8-map-id-6488f2d3618dfca224ecd9583c89ee7a4c91b9cc95de77496edebb8c5f92f35f:11)
05-19 11:15:13.408 18107 18107 E AndroidRuntime: 	at H.d.onSplashScreenExit(r8-map-id-6488f2d3618dfca224ecd9583c89ee7a4c91b9cc95de77496edebb8c5f92f35f:148)
05-19 11:15:13.408 18107 18107 E AndroidRuntime: 	at android.window.SplashScreen$SplashScreenManagerGlobal.dispatchOnExitAnimation(SplashScreen.java:274)
05-19 11:15:13.408 18107 18107 E AndroidRuntime: 	at android.window.SplashScreen$SplashScreenManagerGlobal.handOverSplashScreenView(SplashScreen.java:261)
05-19 11:15:13.408 18107 18107 E AndroidRuntime: 	at android.app.ActivityThread.reportSplashscreenViewShown(ActivityThread.java:4620)
05-19 11:15:13.408 18107 18107 E AndroidRuntime: 	at android.app.ActivityThread.lambda$syncTransferSplashscreenViewTransaction$4(ActivityThread.java:4637)
05-19 11:15:13.408 18107 18107 E AndroidRuntime: 	at android.app.ActivityThread.$r8$lambda$4WJ6ycaJHWhLhvg2pL0uW-b1mR0(Unknown Source:0)
05-19 11:15:13.408 18107 18107 E AndroidRuntime: 	at android.app.ActivityThread$$ExternalSyntheticLambda0.run(D8$$SyntheticClass:0)
05-19 11:15:13.408 18107 18107 E AndroidRuntime: 	at android.view.Choreographer$CallbackRecord.run(Choreographer.java:1571)
05-19 11:15:13.408 18107 18107 E AndroidRuntime: 	at android.view.Choreographer$CallbackRecord.run(Choreographer.java:1580)
05-19 11:15:13.408 18107 18107 E AndroidRuntime: 	at android.view.Choreographer.doCallbacks(Choreographer.java:1143)
05-19 11:15:13.408 18107 18107 E AndroidRuntime: 	at android.view.Choreographer.doFrame(Choreographer.java:1029)
05-19 11:15:13.408 18107 18107 E AndroidRuntime: 	at android.view.Choreographer$FrameDisplayEventReceiver.run(Choreographer.java:1554)
05-19 11:15:13.408 18107 18107 E AndroidRuntime: 	at android.os.Handler.handleCallback(Handler.java:959)
05-19 11:15:13.408 18107 18107 E AndroidRuntime: 	at android.os.Handler.dispatchMessage(Handler.java:100)
05-19 11:15:13.408 18107 18107 E AndroidRuntime: 	at android.os.Looper.loopOnce(Looper.java:232)
05-19 11:15:13.408 18107 18107 E AndroidRuntime: 	at android.os.Looper.loop(Looper.java:317)
05-19 11:15:13.408 18107 18107 E AndroidRuntime: 	at android.app.ActivityThread.main(ActivityThread.java:8758)
05-19 11:15:13.408 18107 18107 E AndroidRuntime: 	at java.lang.reflect.Method.invoke(Native Method)
05-19 11:15:13.408 18107 18107 E AndroidRuntime: 	at com.android.internal.os.RuntimeInit$MethodAndArgsCaller.run(RuntimeInit.java:601)
05-19 11:15:13.408 18107 18107 E AndroidRuntime: 	at com.android.internal.os.ZygoteInit.main(ZygoteInit.java:962)
05-19 11:15:13.421  1466 18168 I DropBoxManagerService: add tag=data_app_crash isTagEnabled=true flags=0x2
05-19 11:15:13.424  1466  3737 D WindowManager: setParent old=ActivityRecord{3c9109e u0 com.activitypointsnative/.MainActivity t5164},new=null,this window=Window{e9dfc9b u0 Splash Screen com.activitypointsnative},callers=com.android.server.wm.WindowContainer.removeChild:833 com.android.server.wm.ActivityRecord.removeChild:4697 com.android.server.wm.ActivityRecord.removeChild:429 com.android.server.wm.WindowContainer.removeImmediately:891 com.android.server.wm.WindowState.removeImmediately:2394 com.android.server.wm.WindowState.removeIfPossible:2554 
05-19 11:15:13.425  1466  2157 W WindowManager: Failed looking up window session=Session{456c039 19527:u0a10143} callers=com.android.server.wm.WindowManagerService.windowForClientLocked:6496 com.android.server.wm.Session.setOnBackInvokedCallbackInfo:1020 android.view.IWindowSession$Stub.onTransact:1207 
05-19 11:15:13.425  1466  2157 I WindowManager: setOnBackInvokedCallback(): No window state for package:com.android.systemui
05-19 11:15:13.430  1466  1662 W ActivityTaskManager:   Force finishing activity com.activitypointsnative/.MainActivity
05-19 11:15:13.430 19527 19541 V WindowManagerShell: Transition requested (#43040): android.os.BinderProxy@2eabd0e TransitionRequestInfo { type = CLOSE, triggerTask = null, pipTask = null, remoteTransition = null, displayChange = null, flags = 16, debugId = 43040 }
05-19 11:15:13.435  1466  1466 E MBrainLocalService: notifyAppSwitch failed
05-19 11:15:13.460  1466  2157 V ActivityManager: Death received in com.android.server.am.ActivityManagerService$AppDeathRecipient@54ea0fd for thread android.os.BinderProxy@835d1f2
05-19 11:15:13.460  1466  1484 I WindowManager: WIN DEATH: Window{c8c12bd u0 com.activitypointsnative/com.activitypointsnative.MainActivity}
05-19 11:15:13.460  1466  2157 I ActivityManager: Process com.activitypointsnative (pid 18107) has died: fg  TOP 
05-19 11:15:13.461  1466  1484 W WindowManager: Changing focus from Window{c8c12bd u0 com.activitypointsnative/com.activitypointsnative.MainActivity EXITING} to Window{fda93c u0 com.android.chrome/org.chromium.chrome.browser.webapps.SameTaskWebApkActivity} displayId=0 Callers=com.android.server.wm.RootWindowContainer.updateFocusedWindowLocked:469 com.android.server.wm.WindowManagerService.updateFocusedWindowLocked:6611 com.android.server.wm.WindowState.setupWindowForRemoveOnExit:2581 com.android.server.wm.WindowState.removeIfPossible:2543 
05-19 11:15:13.465  1466  2157 W ActivityManager: Scheduling restart of crashed service com.activitypointsnative/io.invertase.firebase.messaging.ReactNativeFirebaseMessagingHeadlessService in 3942ms for start-requested
05-19 11:15:13.466  1466  1499 D DisplayManagerService: Drop pending events for gone uid 10442
05-19 11:15:13.475  1466  2157 D XRVrDisp: onAppDied com.activitypointsnative
05-19 11:15:13.478  1466  2157 D XRVrDisp: onAppStartFromPrimaryDisplay com.android.chrome
05-19 11:15:13.481 19527 19603 V WindowManagerShell: onTransitionReady(transaction=6296425468431)
05-19 11:15:13.481 19527 19541 V WindowManagerShell: onTransitionReady (#43040) android.os.BinderProxy@2eabd0e: {id=43040 t=CLOSE f=0x10 trk=0 r=[0@Point(0, 0)] c=[{WCT{android.window.IWindowContainerToken$Stub$Proxy@493934b} m=TO_FRONT f=MOVE_TO_TOP leash=Surface(name=Task=5160)/@0xaba0d3c sb=Rect(0, 0 - 1080, 2400) eb=Rect(0, 0 - 1080, 2400) d=0 taskParent=-1},{WCT{android.window.IWindowContainerToken$Stub$Proxy@b8c128} m=CLOSE f=NONE leash=Surface(name=Task=5164)/@0x9a81ac5 sb=Rect(0, 0 - 1080, 2400) eb=Rect(0, 0 - 1080, 2400) d=0 taskParent=-1}]}
05-19 11:15:13.482 19527 19541 V WindowManagerShell: Transition (#43040) android.os.BinderProxy@2eabd0e@0 ready while (#43039) android.os.BinderProxy@3ddfe2d@0 is still animating. Notify the animating transition in case they can be merged
05-19 11:15:13.482 19527 19541 V WindowManagerShell:    Merge into remote: RemoteTransition { remoteTransition = com.android.systemui.animation.RemoteAnimationRunnerCompat$1@59ae9b0, appThread = null, debugName = SysUILaunch }
05-19 11:15:13.486 19527 19541 V WindowManagerShell: Transition animation finished (aborted=false), notifying core (#43039) android.os.BinderProxy@3ddfe2d@0
05-19 11:15:13.488  1466  1498 V WindowManager: Sent Transition (#43040) createdAt=05-19 11:15:13.430 via request=TransitionRequestInfo { type = CLOSE, triggerTask = null, pipTask = null, remoteTransition = null, displayChange = null, flags = 16, debugId = 43040 }
05-19 11:15:13.488  1466  1498 V WindowManager:     startWCT=WindowContainerTransaction { changes = {} hops = [] errorCallbackToken=null taskFragmentOrganizer=null }
05-19 11:15:13.488  1466  1498 V WindowManager:     info={id=43040 t=CLOSE f=0x10 trk=0 r=[0@Point(0, 0)] c=[
05-19 11:15:13.488  1466  1498 V WindowManager:         {WCT{RemoteToken{7af93d9 Task{88d88b7 #5160 type=standard A=10401:org.chromium.webapk.aee2d00b20291bbaf_v2}}} m=TO_FRONT f=MOVE_TO_TOP leash=Surface(name=Task=5160)/@0x98f51a1 sb=Rect(0, 0 - 1080, 2400) eb=Rect(0, 0 - 1080, 2400) d=0 taskParent=-1},
05-19 11:15:13.488  1466  1498 V WindowManager:         {WCT{RemoteToken{c1b9049 Task{7e0677f #5164 type=standard A=10442:com.activitypointsnative}}} m=CLOSE f=NONE leash=Surface(name=Task=5164)/@0xd67c4d sb=Rect(0, 0 - 1080, 2400) eb=Rect(0, 0 - 1080, 2400) d=0 taskParent=-1}
05-19 11:15:13.488  1466  1498 V WindowManager:     ]}
05-19 11:15:13.489  1466  1501 W ActivityManager: setHasOverlayUi called on unknown pid: 18107
05-19 11:15:13.490 19527 19541 V WindowManagerShell: Playing animation for (#43040) android.os.BinderProxy@2eabd0e@0
05-19 11:15:13.490 19527 19541 V WindowManagerShell:  try handler com.android.wm.shell.transition.DefaultMixedHandler@4b370ff
05-19 11:15:13.490 19527 19541 V WindowManagerShell:  try handler com.android.wm.shell.keyguard.KeyguardTransitionHandler@10efecc
05-19 11:15:13.490 19527 19541 V WindowManagerShell:  try handler com.android.wm.shell.pip.PipTransition@952978a
05-19 11:15:13.490  1466  1498 V WindowManager: Finish Transition (#43039): created at 05-19 11:15:13.207 collect-started=0.024ms request-sent=10.659ms started=12.638ms ready=50.314ms sent=52.328ms finished=281.999ms
05-19 11:15:13.490 19527 19541 V WindowManagerShell:  try handler com.android.wm.shell.activityembedding.ActivityEmbeddingController@112c1fb
05-19 11:15:13.491 19527 19541 V WindowManagerShell:  try handler com.android.wm.shell.recents.RecentsTransitionHandler@f394218
05-19 11:15:13.491 19527 19541 V ShellRecents: RecentsTransitionHandler.startAnimation: no controller found
05-19 11:15:13.491 19527 19541 V WindowManagerShell:  try handler com.android.wm.shell.splitscreen.StageCoordinator@414a471
05-19 11:15:13.491 19527 19541 V WindowManagerShell:  try handler com.android.wm.shell.transition.RemoteTransitionHandler@74aa256
05-19 11:15:13.491 19527 19541 V WindowManagerShell: Transition doesn't have explicit remote, search filters for match for {id=43040 t=CLOSE f=0x10 trk=0 r=[0@Point(0, 0)] c=[{WCT{android.window.IWindowContainerToken$Stub$Proxy@493934b} m=TO_FRONT f=MOVE_TO_TOP leash=Surface(name=Task=5160)/@0xaba0d3c sb=Rect(0, 0 - 1080, 2400) eb=Rect(0, 0 - 1080, 2400) d=0 taskParent=-1},{WCT{android.window.IWindowContainerToken$Stub$Proxy@b8c128} m=CLOSE f=NONE leash=Surface(name=Task=5164)/@0x9a81ac5 sb=Rect(0, 0 - 1080, 2400) eb=Rect(0, 0 - 1080, 2400) d=0 taskParent=-1}]}
05-19 11:15:13.491 19527 19541 V WindowManagerShell:  Checking filter Pair{{types=[] flags=0x0] notFlags=0x100 checks=[{atype=home independent=true modes=[OPEN,TO_FRONT] flags=NONE mustBeTask=false order=TOP topActivity=ComponentInfo{com.android.launcher3/com.android.searchlauncher.SearchLauncher} launchCookie=null},{atype=standard independent=true modes=[CLOSE,TO_BACK] flags=NONE mustBeTask=false order=ANY topActivity=null launchCookie=null}]} RemoteTransition { remoteTransition = android.window.IRemoteTransition$Stub$Proxy@cc182d7, appThread = android.app.IApplicationThread$Stub$Proxy@d8c67c4, debugName = QuickstepLaunchHome }}
05-19 11:15:13.491 19527 19541 V WindowManagerShell:  Delegate animation for (#43040) to null
05-19 11:15:13.491 19527 19541 V WindowManagerShell:  try handler com.android.wm.shell.transition.DefaultTransitionHandler@1fe16ad
05-19 11:15:13.491 19527 19541 V WindowManagerShell: start default transition animation, info = {id=43040 t=CLOSE f=0x10 trk=0 r=[0@Point(0, 0)] c=[{WCT{android.window.IWindowContainerToken$Stub$Proxy@493934b} m=TO_FRONT f=MOVE_TO_TOP leash=Surface(name=Task=5160)/@0xaba0d3c sb=Rect(0, 0 - 1080, 2400) eb=Rect(0, 0 - 1080, 2400) d=0 taskParent=-1},{WCT{android.window.IWindowContainerToken$Stub$Proxy@b8c128} m=CLOSE f=NONE leash=Surface(name=Task=5164)/@0x9a81ac5 sb=Rect(0, 0 - 1080, 2400) eb=Rect(0, 0 - 1080, 2400) d=0 taskParent=-1}]}
05-19 11:15:13.491 19527 19541 V WindowManagerShell: loadAnimation: anim=android.view.animation.AnimationSet@5d79472 animAttr=0xb type=CLOSE isEntrance=false
05-19 11:15:13.492 19527 19541 V WindowManagerShell: loadAnimation: anim=android.view.animation.AnimationSet@cb88d40 animAttr=0xa type=CLOSE isEntrance=true
05-19 11:15:13.493 19527 19541 V WindowManagerShell:  animated by com.android.wm.shell.transition.DefaultTransitionHandler@1fe16ad
05-19 11:15:13.497  1466  1662 W UserManagerService: Requested status bar icon for non-badged user 0
05-19 11:15:13.498  1466  2157 W UserManagerService: Requested status bar icon for non-badged user 0
05-19 11:15:13.498  1466  2157 W UserManagerService: Requested status bar icon for non-badged user 0
05-19 11:15:13.499  1466  1499 E ApplicationHelper: Fail to get PackageManager
05-19 11:15:13.499  1466  1499 E ApplicationHelper: Fail to get PackageManager
05-19 11:15:13.499  1466  1499 E ApplicationHelper: Fail to get PackageManager
05-19 11:15:13.499  1466  1499 E ApplicationHelper: Fail to get PackageManager
05-19 11:15:13.499  1466  1499 E ApplicationHelper: Fail to get PackageManager
05-19 11:15:13.499  1466  1499 E ApplicationHelper: Fail to get PackageManager
05-19 11:15:13.501  1466  1510 W ActivityManager: Rescheduling restart of crashed service com.activitypointsnative/io.invertase.firebase.messaging.ReactNativeFirebaseMessagingHeadlessService in 9963ms for mem-pressure-event
05-19 11:15:13.505  1466  1484 W PackageConfigPersister: App-specific configuration not found for packageName: com.android.chrome and userId: 0
05-19 11:15:13.510  1466  1499 E ApplicationHelper: Fail to get PackageManager
05-19 11:15:13.524  1466  1499 E ApplicationHelper: Fail to get PackageManager
05-19 11:15:13.527  1466  2157 D CoreBackPreview: Window{cb28d51 u0 NotificationShade}: Setting back callback null
05-19 11:15:13.528  1466  1499 E ApplicationHelper: Fail to get PackageManager
05-19 11:15:13.529  1466  1499 E ApplicationHelper: Fail to get PackageManager
05-19 11:15:13.530  1466  1499 E ApplicationHelper: Fail to get PackageManager
05-19 11:15:13.532  1466  1466 W NotificationHistory: Attempted to add notif for locked/gone/disabled user 0
05-19 11:15:13.541  1466  1499 E ApplicationHelper: Fail to get PackageManager
05-19 11:15:13.541  1466  1499 E ApplicationHelper: Fail to get PackageManager
05-19 11:15:13.541  1466  1499 E ApplicationHelper: Fail to get PackageManager
05-19 11:15:13.541  1466  1499 E ApplicationHelper: Fail to get PackageManager
05-19 11:15:13.541  1466  1499 E ApplicationHelper: Fail to get PackageManager
05-19 11:15:13.541  1466  1499 E ApplicationHelper: Fail to get PackageManager
05-19 11:15:13.541  1466  1499 E ApplicationHelper: Fail to get PackageManager
05-19 11:15:13.541  1466  1499 E ApplicationHelper: Fail to get PackageManager
05-19 11:15:13.544  1466  2157 W PackageConfigPersister: App-specific configuration not found for packageName: com.android.chrome and userId: 0
05-19 11:15:13.556  1466  1499 E ApplicationHelper: Fail to get PackageManager
05-19 11:15:13.557  1466  1499 E ApplicationHelper: Fail to get PackageManager
05-19 11:15:13.926  1466  1499 E ApplicationHelper: Fail to get PackageManager
05-19 11:15:13.930  1466  1499 E ApplicationHelper: Fail to get PackageManager
05-19 11:15:13.931  1466  1501 W ActivityTaskManager: Activity top resumed state loss timeout for ActivityRecord{3c9109e u0 com.activitypointsnative/.MainActivity t5164 f} isExiting}
05-19 11:15:13.933  1466  1466 E MBrainLocalService: notifyAppSwitch failed
05-19 11:15:13.940  1466  1499 E ApplicationHelper: Fail to get PackageManager
05-19 11:15:13.943  1466  1499 E ApplicationHelper: Fail to get PackageManager
05-19 11:15:13.947  1466  1499 E ApplicationHelper: Fail to get PackageManager
05-19 11:15:13.948  1466  1499 E ApplicationHelper: Fail to get PackageManager
05-19 11:15:14.003 19527 19541 V WindowManagerShell: Transition animation finished (aborted=false), notifying core (#43040) android.os.BinderProxy@2eabd0e@0
05-19 11:15:14.005  1466  1498 V WindowManager: Finish Transition (#43040): created at 05-19 11:15:13.430 collect-started=0.029ms request-sent=0.087ms started=8.163ms ready=48.814ms sent=50.221ms finished=574.156ms
05-19 11:15:14.005  1466  1662 W ActivityManager: pid 1466 system sent binder code 7 with flags 1 to frozen apps and got error -32
05-19 11:15:14.005  1466  1499 E ApplicationHelper: Fail to get PackageManager
05-19 11:15:14.009  1466  1662 W WindowManager: Exception thrown during dispatchAppVisibility Window{c8c12bd u0 com.activitypointsnative/com.activitypointsnative.MainActivity EXITING}
05-19 11:15:14.009  1466  1662 W WindowManager: android.os.DeadObjectException
05-19 11:15:14.009  1466  1662 W WindowManager: 	at android.os.BinderProxy.transactNative(Native Method)
05-19 11:15:14.009  1466  1662 W WindowManager: 	at android.os.BinderProxy.transact(BinderProxy.java:586)
05-19 11:15:14.009  1466  1662 W WindowManager: 	at android.view.IWindow$Stub$Proxy.dispatchAppVisibility(IWindow.java:553)
05-19 11:15:14.009  1466  1662 W WindowManager: 	at com.android.server.wm.WindowState.sendAppVisibilityToClients(WindowState.java:3319)
05-19 11:15:14.009  1466  1662 W WindowManager: 	at com.android.server.wm.WindowContainer.sendAppVisibilityToClients(WindowContainer.java:1293)
05-19 11:15:14.009  1466  1662 W WindowManager: 	at com.android.server.wm.WindowToken.setClientVisible(WindowToken.java:403)
05-19 11:15:14.009  1466  1662 W WindowManager: 	at com.android.server.wm.ActivityRecord.setClientVisible(ActivityRecord.java:7243)
05-19 11:15:14.009  1466  1662 W WindowManager: 	at com.android.server.wm.ActivityRecord.postApplyAnimation(ActivityRecord.java:5947)
05-19 11:15:14.009  1466  1662 W WindowManager: 	at com.android.server.wm.ActivityRecord.commitVisibility(ActivityRecord.java:5889)
05-19 11:15:14.009  1466  1662 W WindowManager: 	at com.android.server.wm.Transition.finishTransition(Transition.java:1288)
05-19 11:15:14.009  1466  1662 W WindowManager: 	at com.android.server.wm.TransitionController.finishTransition(TransitionController.java:941)
05-19 11:15:14.009  1466  1662 W WindowManager: 	at com.android.server.wm.WindowOrganizerController.finishTransition(WindowOrganizerController.java:494)
05-19 11:15:14.009  1466  1662 W WindowManager: 	at android.window.IWindowOrganizerController$Stub.onTransact(IWindowOrganizerController.java:289)
05-19 11:15:14.009  1466  1662 W WindowManager: 	at com.android.server.wm.WindowOrganizerController.onTransact(WindowOrganizerController.java:204)
05-19 11:15:14.009  1466  1662 W WindowManager: 	at android.os.Binder.execTransactInternal(Binder.java:1505)
05-19 11:15:14.009  1466  1662 W WindowManager: 	at android.os.Binder.execTransact(Binder.java:1444)
05-19 11:15:14.012  1466  1662 D WindowManager: setParent old=ActivityRecord{3c9109e u0 com.activitypointsnative/.MainActivity t5164 f}},new=null,this window=Window{c8c12bd u0 com.activitypointsnative/com.activitypointsnative.MainActivity EXITING},callers=com.android.server.wm.WindowContainer.removeChild:833 com.android.server.wm.ActivityRecord.removeChild:4697 com.android.server.wm.ActivityRecord.removeChild:429 com.android.server.wm.WindowContainer.removeImmediately:891 com.android.server.wm.WindowState.removeImmediately:2394 com.android.server.wm.WindowContainer.removeImmediately:867 
05-19 11:15:14.013  1466  1662 D WindowManager: setParent old=Task{7e0677f #5164 type=standard A=10442:com.activitypointsnative},new=null,this window=ActivityRecord{3c9109e u0 com.activitypointsnative/.MainActivity t5164 f}},callers=com.android.server.wm.WindowContainer.removeChild:833 com.android.server.wm.TaskFragment.removeChild:3015 com.android.server.wm.Task.removeChild:1534 com.android.server.wm.Task.removeChild:1517 com.android.server.wm.WindowContainer.removeImmediately:891 com.android.server.wm.WindowToken.removeImmediately:359 
05-19 11:15:14.015  1466  1662 D WindowManager: setParent old=DefaultTaskDisplayArea@199436144,new=null,this window=Task{7e0677f #5164 type=standard A=10442:com.activitypointsnative},callers=com.android.server.wm.WindowContainer.removeChild:833 com.android.server.wm.TaskDisplayArea.removeChildTask:351 com.android.server.wm.TaskDisplayArea.removeChild:342 com.android.server.wm.WindowContainer.removeImmediately:891 com.android.server.wm.TaskFragment.removeImmediately:3095 com.android.server.wm.Task.removeImmediately:2699 
05-19 11:15:14.017 19527 19541 V WindowManagerShell: Track 0 became idle
05-19 11:15:14.017 19527 19541 V WindowManagerShell: All active transition animations finished
05-19 11:15:14.018  1466  1662 W UserManagerService: Requested status bar icon for non-badged user 0
05-19 11:15:14.020  1466  2157 W UserManagerService: Requested status bar icon for non-badged user 0
05-19 11:15:16.291  1466  3096 D CoreBackPreview: Window{cb28d51 u0 NotificationShade}: Setting back callback OnBackInvokedCallbackInfo{mCallback=android.window.IOnBackInvokedCallback$Stub$Proxy@46bfb3, mPriority=0, mIsAnimationCallback=false}
05-19 11:15:16.293  1466  1499 E ApplicationHelper: Fail to get PackageManager
05-19 11:15:16.294  1466  1510 W ActivityManager: Rescheduling restart of crashed service com.activitypointsnative/io.invertase.firebase.messaging.ReactNativeFirebaseMessagingHeadlessService in 1113ms for mem-pressure-event
05-19 11:15:16.311  1466  2157 I WindowManager: Relayout Window{cb28d51 u0 NotificationShade}: oldVis=4 newVis=0 focusMayChange = true requestedWidth = 1080 requestedHeight = 2400 outFrames = ClientWindowFrames{frame=[0,0][1080,2400] display=[0,0][1080,2400] parentFrame=[0,0][0,0]} outSurfaceControl = Surface(name=NotificationShade)/@0x57864e9
05-19 11:15:16.335  1466  2157 W WindowManager: Changing focus from Window{fda93c u0 com.android.chrome/org.chromium.chrome.browser.webapps.SameTaskWebApkActivity} to Window{cb28d51 u0 NotificationShade} displayId=0 Callers=com.android.server.wm.RootWindowContainer.updateFocusedWindowLocked:469 com.android.server.wm.WindowManagerService.updateFocusedWindowLocked:6611 com.android.server.wm.WindowManagerService.relayoutWindowInner:2701 com.android.server.wm.WindowManagerService.relayoutWindow:2371 
05-19 11:15:16.340  1466  1662 D SystemServerTiming: getUserSwitchability-0
05-19 11:15:16.340  1466  1662 D SystemServerTiming: TM.isInCall
05-19 11:15:16.341  1466  2157 D SystemServerTiming: getUserSwitchability-0
05-19 11:15:16.341  1466  2157 D SystemServerTiming: TM.isInCall
05-19 11:15:16.341  1466  1662 D SystemServerTiming: hasUserRestriction-DISALLOW_USER_SWITCH
05-19 11:15:16.341  1466  1662 D SystemServerTiming: getInt-ALLOW_USER_SWITCHING_WHEN_SYSTEM_USER_LOCKED
05-19 11:15:16.341  1466  2157 D SystemServerTiming: hasUserRestriction-DISALLOW_USER_SWITCH
05-19 11:15:16.341  1466  2157 D SystemServerTiming: getInt-ALLOW_USER_SWITCHING_WHEN_SYSTEM_USER_LOCKED
05-19 11:15:16.341  1466  2157 D SystemServerTiming: isUserUnlocked-USER_SYSTEM
05-19 11:15:16.341  1466  1662 D SystemServerTiming: isUserUnlocked-USER_SYSTEM
05-19 11:15:17.201  1466  1466 D ActivityManager: sync unfroze 16928 in.amazon.mShop.android.shopping for 10
05-19 11:15:17.201  1466  1499 E ApplicationHelper: Fail to get PackageManager
05-19 11:15:17.205  1466  1499 E ApplicationHelper: Fail to get PackageManager
05-19 11:15:17.284  1466  1499 E ApplicationHelper: Fail to get PackageManager
05-19 11:15:17.429  1466  1512 I ActivityManager: Start proc 18194:com.activitypointsnative/u0a442 for service {com.activitypointsnative/io.invertase.firebase.messaging.ReactNativeFirebaseMessagingHeadlessService}
05-19 11:15:17.459  1466  1484 V ActivityManager: New death recipient com.android.server.am.ActivityManagerService$AppDeathRecipient@5c05082 for thread android.os.BinderProxy@1f61393
05-19 11:15:17.462  1466  1499 E ApplicationHelper: Fail to get PackageManager
05-19 11:15:17.497 18194 18194 D MbrainDebugManagerImpl: getService failed
05-19 11:15:17.525  1466  1499 E ApplicationHelper: Fail to get PackageManager
05-19 11:15:17.566  1466  1499 E ApplicationHelper: Fail to get PackageManager
05-19 11:15:18.656  1466  3176 W WindowManager: Changing focus from Window{cb28d51 u0 NotificationShade} to Window{fda93c u0 com.android.chrome/org.chromium.chrome.browser.webapps.SameTaskWebApkActivity} displayId=0 Callers=com.android.server.wm.RootWindowContainer.updateFocusedWindowLocked:469 com.android.server.wm.WindowManagerService.updateFocusedWindowLocked:6611 com.android.server.wm.WindowManagerService.relayoutWindowInner:2701 com.android.server.wm.WindowManagerService.relayoutWindow:2371 
05-19 11:15:18.662  1466  1499 E ApplicationHelper: Fail to get PackageManager
05-19 11:15:18.662  1466  3176 D CoreBackPreview: Window{cb28d51 u0 NotificationShade}: Setting back callback null
05-19 11:15:18.696  1466  3096 W PackageConfigPersister: App-specific configuration not found for packageName: com.android.chrome and userId: 0
05-19 11:15:18.910  1466  3096 E hefenggg: vibrateInternal device = 0, opPkg = android, effect = Mono{mEffect=Composed{segments=[Prebaked{effect=CLICK, strength=MEDIUM, fallback=true}], repeat=-1}}, reason = Virtual Key - Press, isVirbation = false, mIsCallingOrDisconnected = true
05-19 11:15:18.975  1466  1499 D ActivityTaskManager: fingerprintlock DWExchange caller :null, resultTo:null, resultWho:null, requestCode:0, callingPid:0, callingUid:0, callingPackage:null, realCallingPid:0, realCallingUid:-1, inTask:null
05-19 11:15:18.975  1466  1499 D ActivityTaskManager: fingerprintlock DWExchange srcintent:Intent { act=android.intent.action.MAIN cat=[android.intent.category.HOME] flg=0x10000100 cmp=com.android.launcher3/com.android.searchlauncher.SearchLauncher (has extras) }, flag:10000100, aInfo:ActivityInfo{69b392c com.android.searchlauncher.SearchLauncher}, rInfo:null, reason:startHomeActivity: startDockOrHome:0:0:0
05-19 11:15:18.975  1466  1499 D ActivityTaskManager: fingerprintlock DWExchange bindercallingpid:-1 mRequest.realCallingPid : 0
05-19 11:15:18.975  1466  1499 D ActivityTaskManager: fingerprintlock DWExchange2 caller :null, fromsource:0, isblockapp:false, intent=Intent { act=android.intent.action.MAIN cat=[android.intent.category.HOME] flg=0x10000100 cmp=com.android.launcher3/com.android.searchlauncher.SearchLauncher (has extras) }, resultTo=null
05-19 11:15:18.975  1466  1499 W ActivityTaskManager: callingPackage for (uid=-1, pid=0) has no WPC
05-19 11:15:18.975  1466  1499 W ActivityStartInterceptor: Starting home with component specified, uid=0
05-19 11:15:18.976  1466  1499 W OptProp : Cannot read opt property android.window.PROPERTY_COMPAT_ALLOW_ORIENTATION_OVERRIDE
05-19 11:15:18.977  1466  1499 W OptProp : Cannot read opt property android.window.PROPERTY_COMPAT_ALLOW_RESIZEABLE_ACTIVITY_OVERRIDES
05-19 11:15:18.978  1466  1499 W OptProp : Cannot read opt property android.window.PROPERTY_COMPAT_ALLOW_MIN_ASPECT_RATIO_OVERRIDE
05-19 11:15:18.983  1466  1466 E MBrainLocalService: notifyAppSwitch failed
05-19 11:15:18.983  1466  1499 I ActivityTaskManager: START u0 {act=android.intent.action.MAIN cat=[android.intent.category.HOME] flg=0x10000100 cmp=com.android.launcher3/com.android.searchlauncher.SearchLauncher (has extras)} with LAUNCH_SINGLE_TASK from uid 0 (BAL_ALLOW_ALLOWLISTED_UID) result code=2
05-19 11:15:18.986 19527 19541 V WindowManagerShell: Transition requested (#43041): android.os.BinderProxy@f57f014 TransitionRequestInfo { type = OPEN, triggerTask = TaskInfo{userId=0 taskId=1695 displayId=0 isRunning=true baseIntent=Intent { act=android.intent.action.MAIN cat=[android.intent.category.HOME] flg=0x10000100 cmp=com.android.launcher3/com.android.searchlauncher.SearchLauncher } baseActivity=ComponentInfo{com.android.launcher3/com.android.searchlauncher.SearchLauncher} topActivity=ComponentInfo{com.android.launcher3/com.android.searchlauncher.SearchLauncher} origActivity=null realActivity=ComponentInfo{com.android.launcher3/com.android.searchlauncher.SearchLauncher} numActivities=1 lastActiveTime=2603380052 supportsMultiWindow=true resizeMode=2 isResizeable=true minWidth=-1 minHeight=-1 defaultMinSize=220 token=WCT{android.window.IWindowContainerToken$Stub$Proxy@70f80bd} topActivityType=2 pictureInPictureParams=null shouldDockBigOverlays=false launchIntoPipHostTaskId=-1 lastParentTaskIdBeforePip=-1 displayCutoutSafeInsets=Rect(0, 104 - 0, 0) topActivityInfo=ActivityInfo{a0196b2 com.android.searchlauncher.SearchLauncher} launchCookies=[] positionInParent=Point(0, 0) parentTaskId=-1 isFocused=false isVisible=false isVisibleRequested=false isSleeping=false locusId=LocusId[17_chars] displayAreaFeatureId=1 isTopActivityTransparent=false appCompatTaskInfo=AppCompatTaskInfo { topActivityInSizeCompat=false topActivityEligibleForLetterboxEducation= falseisLetterboxEducationEnabled= false isLetterboxDoubleTapEnabled= false topActivityEligibleForUserAspectRatioButton= false topActivityBoundsLetterboxed= false isFromLetterboxDoubleTap= false topActivityLetterboxVerticalPosition= -1 topActivityLetterboxHorizontalPosition= -1 topActivityLetterboxWidth=1080 topActivityLetterboxHeight=2400 isUserFullscreenOverrideEnabled=false isSystemFullscreenOverrideEnabled=false cameraCompatTaskInfo=CameraCompatTaskInfo { cameraCompatControlState=hidden freeformCameraCompatMode=inactive}}}, pipTask = null, remoteTransition = null, displayChange = null, flags = 0, debugId = 43041 }
05-19 11:15:18.989 19527 19541 D WindowManagerShell: onActivityRestartAttempt: ComponentInfo{com.android.launcher3/com.android.searchlauncher.SearchLauncher}
05-19 11:15:19.001  1466  1499 E ApplicationHelper: Fail to get PackageManager
05-19 11:15:19.002  1466  1484 D XRVrDisp: onAppStartFromPrimaryDisplay com.android.launcher3
05-19 11:15:19.002  1466  1484 W WindowManager: Changing focus from Window{fda93c u0 com.android.chrome/org.chromium.chrome.browser.webapps.SameTaskWebApkActivity} to null displayId=0 Callers=com.android.server.wm.RootWindowContainer.updateFocusedWindowLocked:469 com.android.server.wm.WindowManagerService.updateFocusedWindowLocked:6611 com.android.server.wm.ActivityTaskManagerService.setLastResumedActivityUncheckLocked:5085 com.android.server.wm.ActivityTaskSupervisor.updateTopResumedActivityIfNeeded:2341 
05-19 11:15:19.005  1466  1499 E ApplicationHelper: Fail to get PackageManager
05-19 11:15:19.007  1466  1466 E MBrainLocalService: notifyAppSwitch failed
05-19 11:15:19.010  1466  1499 E ApplicationHelper: Fail to get PackageManager
05-19 11:15:19.011  1466  1499 E ApplicationHelper: Fail to get PackageManager
05-19 11:15:19.015  1466  1484 D CoreBackPreview: Window{1145f21 u0 com.android.launcher3/com.android.searchlauncher.SearchLauncher}: Setting back callback OnBackInvokedCallbackInfo{mCallback=android.window.IOnBackInvokedCallback$Stub$Proxy@1cd773, mPriority=0, mIsAnimationCallback=true}
05-19 11:15:19.015 19527 19541 D WindowManagerShell: setLauncherKeepClearAreaHeight: visible=true, height=367
05-19 11:15:19.023  1466  3096 W WindowManager: Changing focus from null to Window{1145f21 u0 com.android.launcher3/com.android.searchlauncher.SearchLauncher} displayId=0 Callers=com.android.server.wm.RootWindowContainer.updateFocusedWindowLocked:469 com.android.server.wm.WindowManagerService.updateFocusedWindowLocked:6611 com.android.server.wm.WindowManagerService.relayoutWindowInner:2701 com.android.server.wm.WindowManagerService.relayoutWindow:2371 
05-19 11:15:19.024  1466  1499 E ApplicationHelper: Fail to get PackageManager
05-19 11:15:19.024  1466  3096 I WindowManager: Relayout Window{1145f21 u0 com.android.launcher3/com.android.searchlauncher.SearchLauncher}: oldVis=8 newVis=0 focusMayChange = true requestedWidth = 1080 requestedHeight = 2400 outFrames = ClientWindowFrames{frame=[0,0][1080,2400] display=[0,0][1080,2400] parentFrame=[0,0][0,0]} outSurfaceControl = Surface(name=com.android.launcher3/com.android.searchlauncher.SearchLauncher)/@0xb38c065
05-19 11:15:19.026  1466  1499 E ApplicationHelper: Fail to get PackageManager
05-19 11:15:19.049 19527 19714 V WindowManagerShell: onTransitionReady(transaction=6296425468477)
05-19 11:15:19.050 19527 19541 V WindowManagerShell: onTransitionReady (#43041) android.os.BinderProxy@f57f014: {id=43041 t=OPEN f=0x0 trk=0 r=[0@Point(0, 0)] c=[{WCT{android.window.IWindowContainerToken$Stub$Proxy@e5f8f5f} m=TO_FRONT f=SHOW_WALLPAPER|MOVE_TO_TOP leash=Surface(name=Task=1)/@0xe439603 sb=Rect(0, 0 - 1080, 2400) eb=Rect(0, 0 - 1080, 2400) d=0 taskParent=-1},{WCT{android.window.IWindowContainerToken$Stub$Proxy@ed92dac} m=TO_BACK f=NONE leash=Surface(name=Task=5160)/@0x3cdf980 sb=Rect(0, 0 - 1080, 2400) eb=Rect(0, 0 - 1080, 2400) d=0 taskParent=-1},{null m=TO_FRONT f=IS_WALLPAPER leash=Surface(name=WallpaperWindowToken{3dfa520 token=android.os.Binder@4682c23})/@0x9b86bb9 sb=Rect(0, 0 - 1080, 2400) eb=Rect(0, 0 - 1080, 2400) d=0}]}
05-19 11:15:19.050 19527 19541 V WindowManagerShell: Playing animation for (#43041) android.os.BinderProxy@f57f014@0
05-19 11:15:19.050 19527 19541 V WindowManagerShell:  try handler com.android.wm.shell.transition.DefaultMixedHandler@4b370ff
05-19 11:15:19.050 19527 19541 V WindowManagerShell:  try handler com.android.wm.shell.keyguard.KeyguardTransitionHandler@10efecc
05-19 11:15:19.050 19527 19541 V WindowManagerShell:  try handler com.android.wm.shell.pip.PipTransition@952978a
05-19 11:15:19.050 19527 19541 V WindowManagerShell:  try handler com.android.wm.shell.activityembedding.ActivityEmbeddingController@112c1fb
05-19 11:15:19.050 19527 19541 V WindowManagerShell:  try handler com.android.wm.shell.recents.RecentsTransitionHandler@f394218
05-19 11:15:19.050 19527 19541 V ShellRecents: RecentsTransitionHandler.startAnimation: no controller found
05-19 11:15:19.050 19527 19541 V WindowManagerShell:  try handler com.android.wm.shell.splitscreen.StageCoordinator@414a471
05-19 11:15:19.050 19527 19541 V WindowManagerShell:  try handler com.android.wm.shell.transition.RemoteTransitionHandler@74aa256
05-19 11:15:19.050 19527 19541 V WindowManagerShell: Transition doesn't have explicit remote, search filters for match for {id=43041 t=OPEN f=0x0 trk=0 r=[0@Point(0, 0)] c=[{WCT{android.window.IWindowContainerToken$Stub$Proxy@e5f8f5f} m=TO_FRONT f=SHOW_WALLPAPER|MOVE_TO_TOP leash=Surface(name=Task=1)/@0xe439603 sb=Rect(0, 0 - 1080, 2400) eb=Rect(0, 0 - 1080, 2400) d=0 taskParent=-1},{WCT{android.window.IWindowContainerToken$Stub$Proxy@ed92dac} m=TO_BACK f=NONE leash=Surface(name=Task=5160)/@0x3cdf980 sb=Rect(0, 0 - 1080, 2400) eb=Rect(0, 0 - 1080, 2400) d=0 taskParent=-1},{null m=TO_FRONT f=IS_WALLPAPER leash=Surface(name=WallpaperWindowToken{3dfa520 token=android.os.Binder@4682c23})/@0x9b86bb9 sb=Rect(0, 0 - 1080, 2400) eb=Rect(0, 0 - 1080, 2400) d=0}]}
05-19 11:15:19.051 19527 19541 V WindowManagerShell:  Checking filter Pair{{types=[] flags=0x0] notFlags=0x100 checks=[{atype=home independent=true modes=[OPEN,TO_FRONT] flags=NONE mustBeTask=false order=TOP topActivity=ComponentInfo{com.android.launcher3/com.android.searchlauncher.SearchLauncher} launchCookie=null},{atype=standard independent=true modes=[CLOSE,TO_BACK] flags=NONE mustBeTask=false order=ANY topActivity=null launchCookie=null}]} RemoteTransition { remoteTransition = android.window.IRemoteTransition$Stub$Proxy@cc182d7, appThread = android.app.IApplicationThread$Stub$Proxy@d8c67c4, debugName = QuickstepLaunchHome }}
05-19 11:15:19.051 19527 19541 D RemoteTransitionHandler: Found filterPair{{types=[] flags=0x0] notFlags=0x100 checks=[{atype=home independent=true modes=[OPEN,TO_FRONT] flags=NONE mustBeTask=false order=TOP topActivity=ComponentInfo{com.android.launcher3/com.android.searchlauncher.SearchLauncher} launchCookie=null},{atype=standard independent=true modes=[CLOSE,TO_BACK] flags=NONE mustBeTask=false order=ANY topActivity=null launchCookie=null}]} RemoteTransition { remoteTransition = android.window.IRemoteTransition$Stub$Proxy@cc182d7, appThread = android.app.IApplicationThread$Stub$Proxy@d8c67c4, debugName = QuickstepLaunchHome }}
05-19 11:15:19.051 19527 19541 V WindowManagerShell:  Delegate animation for (#43041) to RemoteTransition { remoteTransition = android.window.IRemoteTransition$Stub$Proxy@cc182d7, appThread = android.app.IApplicationThread$Stub$Proxy@d8c67c4, debugName = QuickstepLaunchHome }
05-19 11:15:19.057 19527 19541 V WindowManagerShell:  animated by com.android.wm.shell.transition.RemoteTransitionHandler@74aa256
05-19 11:15:19.059  1466  1499 E ApplicationHelper: Fail to get PackageManager
05-19 11:15:19.059  1466  1499 E ApplicationHelper: Fail to get PackageManager
05-19 11:15:19.059  1466  1499 E ApplicationHelper: Fail to get PackageManager
05-19 11:15:19.059  1466  1499 E ApplicationHelper: Fail to get PackageManager
05-19 11:15:19.059  1466  1499 E ApplicationHelper: Fail to get PackageManager
05-19 11:15:19.059  1466  1499 E ApplicationHelper: Fail to get PackageManager
05-19 11:15:19.059  1466  1499 E ApplicationHelper: Fail to get PackageManager
05-19 11:15:19.059  1466  1499 E ApplicationHelper: Fail to get PackageManager
05-19 11:15:19.059  1466  1499 E ApplicationHelper: Fail to get PackageManager
05-19 11:15:19.059  1466  1499 E ApplicationHelper: Fail to get PackageManager
05-19 11:15:19.059  1466  1499 E ApplicationHelper: Fail to get PackageManager
05-19 11:15:19.059  1466  1499 E ApplicationHelper: Fail to get PackageManager
05-19 11:15:19.059  1466  1499 E ApplicationHelper: Fail to get PackageManager
05-19 11:15:19.060  1466  1498 V WindowManager: Sent Transition (#43041) createdAt=05-19 11:15:18.979 via request=TransitionRequestInfo { type = OPEN, triggerTask = TaskInfo{userId=0 taskId=1695 displayId=0 isRunning=true baseIntent=Intent { act=android.intent.action.MAIN cat=[android.intent.category.HOME] flg=0x10000100 cmp=com.android.launcher3/com.android.searchlauncher.SearchLauncher } baseActivity=ComponentInfo{com.android.launcher3/com.android.searchlauncher.SearchLauncher} topActivity=ComponentInfo{com.android.launcher3/com.android.searchlauncher.SearchLauncher} origActivity=null realActivity=ComponentInfo{com.android.launcher3/com.android.searchlauncher.SearchLauncher} numActivities=1 lastActiveTime=2603380052 supportsMultiWindow=true resizeMode=2 isResizeable=true minWidth=-1 minHeight=-1 defaultMinSize=220 token=WCT{RemoteToken{abd09af Task{6098df #1695 type=home I=com.android.launcher3/com.android.searchlauncher.SearchLauncher}}} topActivityType=2 pictureInPictureParams=null shouldDockBigOverlays=false launchIntoPipHostTaskId=-1 lastParentTaskIdBeforePip=-1 displayCutoutSafeInsets=Rect(0, 104 - 0, 0) topActivityInfo=ActivityInfo{d1d598c com.android.searchlauncher.SearchLauncher} launchCookies=[] positionInParent=Point(0, 0) parentTaskId=-1 isFocused=false isVisible=false isVisibleRequested=false isSleeping=false locusId=LocusId[17_chars] displayAreaFeatureId=1 isTopActivityTransparent=false appCompatTaskInfo=AppCompatTaskInfo { topActivityInSizeCompat=false topActivityEligibleForLetterboxEducation= falseisLetterboxEducationEnabled= false isLetterboxDoubleTapEnabled= false topActivityEligibleForUserAspectRatioButton= false topActivityBoundsLetterboxed= false isFromLetterboxDoubleTap= false topActivityLetterboxVerticalPosition= -1 topActivityLetterboxHorizontalPosition= -1 topActivityLetterboxWidth=1080 topActivityLetterboxHeight=2400 isUserFullscreenOverrideEnabled=false isSystemFullscreenOverrideEnabled=false cameraCompatTaskInfo=CameraCompatTaskInfo { cameraCompatControlState=hidden freeformCameraCompatMode=inactive}}}, pipTask = null, remoteTransition = null, displayChange = null, flags = 0, debugId = 43041 }
05-19 11:15:19.060  1466  1498 V WindowManager:     startWCT=WindowContainerTransaction { changes = {} hops = [] errorCallbackToken=null taskFragmentOrganizer=null }
05-19 11:15:19.061  1466  1498 V WindowManager:     info={id=43041 t=OPEN f=0x0 trk=0 r=[0@Point(0, 0)] c=[
05-19 11:15:19.061  1466  1498 V WindowManager:         {WCT{RemoteToken{902fd0b Task{a16782b #1 type=home}}} m=TO_FRONT f=SHOW_WALLPAPER|MOVE_TO_TOP leash=Surface(name=Task=1)/@0x1562eb3 sb=Rect(0, 0 - 1080, 2400) eb=Rect(0, 0 - 1080, 2400) d=0 taskParent=-1},
05-19 11:15:19.061  1466  1498 V WindowManager:         {WCT{RemoteToken{7af93d9 Task{88d88b7 #5160 type=standard A=10401:org.chromium.webapk.aee2d00b20291bbaf_v2}}} m=TO_BACK f=NONE leash=Surface(name=Task=5160)/@0x98f51a1 sb=Rect(0, 0 - 1080, 2400) eb=Rect(0, 0 - 1080, 2400) d=0 taskParent=-1},
05-19 11:15:19.061  1466  1498 V WindowManager:         {null m=TO_FRONT f=IS_WALLPAPER leash=Surface(name=WallpaperWindowToken{3dfa520 token=android.os.Binder@4682c23})/@0x5e8cce5 sb=Rect(0, 0 - 1080, 2400) eb=Rect(0, 0 - 1080, 2400) d=0}
05-19 11:15:19.061  1466  1498 V WindowManager:     ]}
05-19 11:15:19.067  1466  2157 W UserManagerService: Requested status bar icon for non-badged user 0
05-19 11:15:19.082  1466  1484 W PackageConfigPersister: App-specific configuration not found for packageName: com.android.launcher3 and userId: 0
05-19 11:15:19.519  1466  1499 E ApplicationHelper: Fail to get PackageManager
05-19 11:15:19.542  1466  1466 D MBrainLocalService: notifyNetworkChange failed
05-19 11:15:19.553  1466  1499 E ApplicationHelper: Fail to get PackageManager
05-19 11:15:19.616  1466  1484 D ActivityTaskManager: fingerprintlock DWExchange caller :android.app.IApplicationThread$Stub$Proxy@fbb8819, resultTo:Token{3e44d51 ActivityRecord{60c8278 u0 com.android.launcher3/com.android.searchlauncher.SearchLauncher t1695}}, resultWho:null, requestCode:-1, callingPid:-1, callingUid:-1, callingPackage:com.android.launcher3, realCallingPid:3103, realCallingUid:10144, inTask:null
05-19 11:15:19.616  1466  1484 D ActivityTaskManager: fingerprintlock DWExchange srcintent:Intent { act=android.intent.action.MAIN cat=[android.intent.category.LAUNCHER] flg=0x10200000 cmp=com.activitypointsnative/.MainActivity bnds=[643,1231][849,1596] }, flag:10200000, aInfo:ActivityInfo{2a6c0de com.activitypointsnative.MainActivity}, rInfo:ResolveInfo{977f2bf com.activitypointsnative/.MainActivity m=0x0 userHandle=UserHandle{0}}, reason:startActivityAsUser
05-19 11:15:19.616  1466  1484 D ActivityTaskManager: fingerprintlock DWExchange bindercallingpid:-1 mRequest.realCallingPid : 3103
05-19 11:15:19.616  1466  1484 D ActivityTaskManager: fingerprintlock DWExchange isblockapp(db) : false
05-19 11:15:19.616  1466  1484 E ActivityTaskManager: callerProcess.processName :  com.android.launcher3
05-19 11:15:19.617  1466  1484 D ActivityTaskManager: fingerprintlock DWExchange2 caller :android.app.IApplicationThread$Stub$Proxy@fbb8819, fromsource:0, isblockapp:false, intent=Intent { act=android.intent.action.MAIN cat=[android.intent.category.LAUNCHER] flg=0x10200000 cmp=com.activitypointsnative/.MainActivity bnds=[643,1231][849,1596] }, resultTo=Token{3e44d51 ActivityRecord{60c8278 u0 com.android.launcher3/com.android.searchlauncher.SearchLauncher t1695}}
05-19 11:15:19.618  1466  1484 W OptProp : Cannot read opt property android.window.PROPERTY_COMPAT_ALLOW_ORIENTATION_OVERRIDE
05-19 11:15:19.618  1466  1484 W OptProp : Cannot read opt property android.window.PROPERTY_COMPAT_ALLOW_RESIZEABLE_ACTIVITY_OVERRIDES
05-19 11:15:19.619  1466  1484 W OptProp : Cannot read opt property android.window.PROPERTY_COMPAT_ALLOW_MIN_ASPECT_RATIO_OVERRIDE
05-19 11:15:19.626  1466  1466 E MBrainLocalService: notifyAppSwitch failed
05-19 11:15:19.627  1466  1484 I ActivityTaskManager: START u0 {act=android.intent.action.MAIN cat=[android.intent.category.LAUNCHER] flg=0x10200000 cmp=com.activitypointsnative/.MainActivity bnds=[643,1231][849,1596]} with LAUNCH_SINGLE_TASK from uid 10144 (BAL_ALLOW_VISIBLE_WINDOW) result code=0
