05-19 11:18:19.838  1466  1499 E ApplicationHelper: Fail to get PackageManager
05-19 11:18:19.841  1466  1466 E MBrainLocalService: notifyAppSwitch failed
05-19 11:18:19.842  1466  1501 I ActivityManager: Killing 17671:com.google.android.photopicker/u0a173 (adj 945): empty #17
05-19 11:18:19.845  1466  1499 E ApplicationHelper: Fail to get PackageManager
05-19 11:18:19.845  1466  1501 I ActivityManager: Killing 14057:com.android.settings/1000 (adj 905): remove task
05-19 11:18:19.925  1466  1662 I WindowManager: WIN DEATH: Window{beac0ab u0 com.android.settings/com.android.settings.SubSettings}
05-19 11:18:19.926  1466  3737 I MR2ServiceImpl: unregisterManager | package: com.android.settings, user: 0, manager: 238, died: true
05-19 11:18:19.927  1466  1662 I WindowManager: WIN DEATH: Window{dd85069 u0 com.android.settings/com.android.settings.SubSettings}
05-19 11:18:19.927  1466  1969 I MR2ServiceImpl: unregisterManager | package: com.android.settings, user: 0, manager: 239, died: true
05-19 11:18:19.928  1466  1662 I WindowManager: WIN DEATH: Window{86fd034 u0 com.android.settings/com.android.settings.SubSettings}
05-19 11:18:19.930  1466  1662 I WindowManager: WIN DEATH: Window{6e1f297 u0 com.android.settings/com.android.settings.Settings}
05-19 11:18:19.944  1466  1501 W ActivityManager: setHasOverlayUi called on unknown pid: 14057
05-19 11:18:19.945  1466  1680 W UsageStatsService: Unexpected activity event reported! (com.android.settings/com.android.settings.SubSettings event : 23 instanceId : 182641457)
05-19 11:18:19.947  1466  1680 W UsageStatsService: Unexpected activity event reported! (com.android.settings/com.android.settings.SubSettings event : 23 instanceId : 113609216)
05-19 11:18:19.947  1466  1680 W UsageStatsService: Unexpected activity event reported! (com.android.settings/com.android.settings.SubSettings event : 23 instanceId : 19796147)
05-19 11:18:19.948  1466  1680 W UsageStatsService: Unexpected activity event reported! (com.android.settings/com.android.settings.homepage.SettingsHomepageActivity event : 23 instanceId : 42384266)
05-19 11:18:23.252  1466  1499 E ApplicationHelper: Fail to get PackageManager
05-19 11:18:23.257  1466  1499 E ApplicationHelper: Fail to get PackageManager
05-19 11:18:24.485  1466  1501 I DisplayDeviceRepository: Display device changed render timings: "Built-in Screen", renderFrameRate=60.0, presentationDeadlineNanos=16600000, appVsyncOffsetNanos=1133334
05-19 11:18:28.443  1466  1499 E ApplicationHelper: Fail to get PackageManager
05-19 11:18:29.840  1466  1501 W ActivityTaskManager: Activity destroy timeout for ActivityRecord{9687950 u0 com.android.settings.intelligence/.search.SearchActivity t5159 f}}
05-19 11:18:29.846  1466  1680 W UsageStatsService: Unexpected activity event reported! (com.android.settings.intelligence/com.android.settings.intelligence.search.SearchActivity event : 23 instanceId : 173160265)
05-19 11:18:39.849  1466  1499 E ApplicationHelper: Fail to get PackageManager
05-19 11:18:45.868  1466  1499 E ApplicationHelper: Fail to get PackageManager
05-19 11:18:51.989  1466  1499 E ApplicationHelper: Fail to get PackageManager
05-19 11:18:58.009  1466  1499 E ApplicationHelper: Fail to get PackageManager
05-19 11:19:04.405  1466  1662 I BatteryService: shutdownIfOverTempLocked, batteryTemperature : 340mHealthInfo.maxChargingVoltageMicrovolts =:5000000mHealthInfo.batteryVoltageMillivolts =:4421
05-19 11:19:04.409  1466  1662 I BatteryService: shutdownIfOverTempLocked, batteryTemperature : 340mHealthInfo.maxChargingVoltageMicrovolts =:5000000mHealthInfo.batteryVoltageMillivolts =:4421
05-19 11:19:17.588  1466  1499 E ApplicationHelper: Fail to get PackageManager
05-19 11:19:17.591  1466  1499 E ApplicationHelper: Fail to get PackageManager
05-19 11:19:17.818  1466  1499 E ApplicationHelper: Fail to get PackageManager
05-19 11:19:20.154  1466  1499 E ApplicationHelper: Fail to get PackageManager
05-19 11:19:20.163  1466  1499 E ApplicationHelper: Fail to get PackageManager
05-19 11:19:28.682  1466  1499 E ApplicationHelper: Fail to get PackageManager
05-19 11:19:28.685  1466  1499 E ApplicationHelper: Fail to get PackageManager
05-19 11:19:32.151  1466  1662 W AppOps  : Noting op not finished: uid 10106 pkg com.google.android.gms code 113 startTime of in progress event=1779168686902
05-19 11:19:32.156  1466  1499 E ApplicationHelper: Fail to get PackageManager
05-19 11:19:32.158  1466  1662 W AppOps  : Noting op not finished: uid 10106 pkg com.google.android.gms code 113 startTime of in progress event=1779168686902
05-19 11:19:32.160  1466  1662 W AppOps  : Noting op not finished: uid 10106 pkg com.google.android.gms code 113 startTime of in progress event=1779168686902
05-19 11:19:32.164  1466  2153 W AppOps  : Noting op not finished: uid 10106 pkg com.google.android.gms code 113 startTime of in progress event=1779168686902
05-19 11:19:32.174  1466  1499 E ApplicationHelper: Fail to get PackageManager
05-19 11:20:04.404  1466  1662 I BatteryService: shutdownIfOverTempLocked, batteryTemperature : 340mHealthInfo.maxChargingVoltageMicrovolts =:5000000mHealthInfo.batteryVoltageMillivolts =:4421
05-19 11:20:04.408  1466  1662 I BatteryService: shutdownIfOverTempLocked, batteryTemperature : 340mHealthInfo.maxChargingVoltageMicrovolts =:5000000mHealthInfo.batteryVoltageMillivolts =:4421
05-19 11:20:20.071  1466  1499 E ApplicationHelper: Fail to get PackageManager
05-19 11:20:20.071  1466  1499 E ApplicationHelper: Fail to get PackageManager
05-19 11:20:20.073  1466  1499 E ApplicationHelper: Fail to get PackageManager
05-19 11:20:26.089  1466  1499 E ApplicationHelper: Fail to get PackageManager
05-19 11:20:26.151  1466  1499 E ApplicationHelper: Fail to get PackageManager
05-19 11:20:26.152  1466  1499 E ApplicationHelper: Fail to get PackageManager
05-19 11:20:26.154  1466  1499 E ApplicationHelper: Fail to get PackageManager
05-19 11:20:32.169  1466  1499 E ApplicationHelper: Fail to get PackageManager
05-19 11:20:35.264  1466  1499 E ApplicationHelper: Fail to get PackageManager
05-19 11:20:52.662  1466  1499 E ApplicationHelper: Fail to get PackageManager
05-19 11:20:56.810  1466  1499 E ApplicationHelper: Fail to get PackageManager
05-19 11:21:04.404  1466  3123 I BatteryService: shutdownIfOverTempLocked, batteryTemperature : 340mHealthInfo.maxChargingVoltageMicrovolts =:5000000mHealthInfo.batteryVoltageMillivolts =:4422
05-19 11:21:04.408  1466  3123 I BatteryService: shutdownIfOverTempLocked, batteryTemperature : 340mHealthInfo.maxChargingVoltageMicrovolts =:5000000mHealthInfo.batteryVoltageMillivolts =:4422
05-19 11:21:10.016  1466  1499 E ApplicationHelper: Fail to get PackageManager
05-19 11:21:10.646  1466  1499 E ApplicationHelper: Fail to get PackageManager
05-19 11:21:16.666  1466  1499 E ApplicationHelper: Fail to get PackageManager
05-19 11:21:17.821  1466  1499 E ApplicationHelper: Fail to get PackageManager
05-19 11:21:23.838  1466  1499 E ApplicationHelper: Fail to get PackageManager
05-19 11:21:23.885  1466  1499 E ApplicationHelper: Fail to get PackageManager
05-19 11:21:34.938  1466  1499 E ApplicationHelper: Fail to get PackageManager
05-19 11:21:39.982  1466  1501 I DisplayDeviceRepository: Display device changed render timings: "Built-in Screen", renderFrameRate=120.00001, presentationDeadlineNanos=13300000, appVsyncOffsetNanos=1099999
05-19 11:21:40.316  1466  1662 E hefenggg: performHapticFeedbackInternal device = 0, opPkg = com.android.launcher3, always = false, constant = 0, reason = View#performHapticFeedback, fromIme = false
05-19 11:21:40.317  1466  1662 E hefenggg: vibrateInternal device = 0, opPkg = com.android.launcher3, effect = Mono{mEffect=Composed{segments=[Prebaked{effect=HEAVY_CLICK, strength=MEDIUM, fallback=true}], repeat=-1}}, reason = performHapticFeedback(constant=0): View#performHapticFeedback, isVirbation = false, mIsCallingOrDisconnected = true
05-19 11:21:43.198  1466  1662 E hefenggg: performHapticFeedbackInternal device = 0, opPkg = com.android.launcher3, always = false, constant = 0, reason = View#performHapticFeedback, fromIme = false
05-19 11:21:43.198  1466  1662 E hefenggg: vibrateInternal device = 0, opPkg = com.android.launcher3, effect = Mono{mEffect=Composed{segments=[Prebaked{effect=HEAVY_CLICK, strength=MEDIUM, fallback=true}], repeat=-1}}, reason = performHapticFeedback(constant=0): View#performHapticFeedback, isVirbation = false, mIsCallingOrDisconnected = true
05-19 11:21:43.891  1466  1662 E ActivityTaskManager: callerProcess.processName :  com.android.launcher3
05-19 11:21:43.893  1466  1662 W OptProp : Cannot read opt property android.window.PROPERTY_COMPAT_ALLOW_ORIENTATION_OVERRIDE
05-19 11:21:43.911  1466  1662 W OptProp : Cannot read opt property android.window.PROPERTY_COMPAT_ALLOW_MIN_ASPECT_RATIO_OVERRIDE
05-19 11:21:43.915  1466  1662 W OptProp : Cannot read opt property android.window.PROPERTY_COMPAT_ALLOW_RESIZEABLE_ACTIVITY_OVERRIDES
05-19 11:21:43.923  1466  1466 E MBrainLocalService: notifyAppSwitch failed
05-19 11:21:43.925  1466  1662 I ActivityTaskManager: START u0 {act=android.intent.action.DELETE dat=package: flg=0x10800000 cmp=com.google.android.packageinstaller/com.android.packageinstaller.UninstallerActivity (has extras)} with LAUNCH_MULTIPLE from uid 10144 (BAL_ALLOW_VISIBLE_WINDOW) result code=0
05-19 11:21:43.937  1466  1512 I ActivityManager: Start proc 18518:com.google.android.packageinstaller/u0a45 for next-top-activity {com.google.android.packageinstaller/com.android.packageinstaller.UninstallerActivity}
05-19 11:21:43.956  1466  1499 E ApplicationHelper: Fail to get PackageManager
05-19 11:21:43.976  1466  1996 W WindowManager: Changing focus from Window{1145f21 u0 com.android.launcher3/com.android.searchlauncher.SearchLauncher} to null displayId=0 Callers=com.android.server.wm.RootWindowContainer.updateFocusedWindowLocked:469 com.android.server.wm.WindowManagerService.updateFocusedWindowLocked:6611 com.android.server.wm.ActivityTaskManagerService.setLastResumedActivityUncheckLocked:5085 com.android.server.wm.ActivityTaskSupervisor.updateTopResumedActivityIfNeeded:2341 
05-19 11:21:43.978  1466  1466 E MBrainLocalService: notifyAppSwitch failed
05-19 11:21:44.013  1466  1996 W WindowManager: Changing focus from null to Window{707ff99 u0 com.google.android.packageinstaller/com.android.packageinstaller.UninstallerActivity} displayId=0 Callers=com.android.server.wm.RootWindowContainer.updateFocusedWindowLocked:469 com.android.server.wm.WindowManagerService.updateFocusedWindowLocked:6611 com.android.server.wm.WindowManagerService.addWindow:1945 com.android.server.wm.Session.addToDisplayAsUser:257 
05-19 11:21:44.069  1466  1996 I WindowManager: Relayout Window{ae108d1 u0 com.google.android.packageinstaller/com.android.packageinstaller.UninstallerActivity}: oldVis=4 newVis=0 focusMayChange = true requestedWidth = 1026 requestedHeight = 96 outFrames = ClientWindowFrames{frame=[27,1132][1053,1228] display=[0,104][1080,2256] parentFrame=[0,0][0,0]} outSurfaceControl = Surface(name=com.google.android.packageinstaller/com.android.packageinstaller.UninstallerActivity)/@0x63578c2
05-19 11:21:44.080  1466  1996 W UserManagerService: Requested status bar icon for non-badged user 0
05-19 11:21:44.083  1466  1499 E ApplicationHelper: Fail to get PackageManager
05-19 11:21:44.083  1466  1499 E ApplicationHelper: Fail to get PackageManager
05-19 11:21:44.083  1466  1499 E ApplicationHelper: Fail to get PackageManager
05-19 11:21:44.083  1466  1499 E ApplicationHelper: Fail to get PackageManager
05-19 11:21:44.083  1466  1499 E ApplicationHelper: Fail to get PackageManager
05-19 11:21:44.083  1466  1499 E ApplicationHelper: Fail to get PackageManager
05-19 11:21:44.083  1466  1499 E ApplicationHelper: Fail to get PackageManager
05-19 11:21:44.083  1466  1499 E ApplicationHelper: Fail to get PackageManager
05-19 11:21:44.083  1466  1499 E ApplicationHelper: Fail to get PackageManager
05-19 11:21:44.083  1466  1499 E ApplicationHelper: Fail to get PackageManager
05-19 11:21:44.083  1466  1499 E ApplicationHelper: Fail to get PackageManager
05-19 11:21:44.083  1466  1499 E ApplicationHelper: Fail to get PackageManager
05-19 11:21:44.083  1466  1499 E ApplicationHelper: Fail to get PackageManager
05-19 11:21:44.083  1466  1499 E ApplicationHelper: Fail to get PackageManager
05-19 11:21:44.083  1466  1499 E ApplicationHelper: Fail to get PackageManager
05-19 11:21:44.083  1466  1499 E ApplicationHelper: Fail to get PackageManager
05-19 11:21:44.396  1466  1996 W UserManagerService: Requested status bar icon for non-badged user 0
05-19 11:21:45.231  1466  1466 W NotificationHistory: Attempted to add notif for locked/gone/disabled user 0
05-19 11:21:45.232  1466  1511 I ActivityManager: Force stopping com.activitypointsnative appid=10442 user=0: deletePackageX
05-19 11:21:45.235  1466  1996 W WindowManager: Changing focus from Window{707ff99 u0 com.google.android.packageinstaller/com.android.packageinstaller.UninstallerActivity EXITING} to Window{ae108d1 u0 com.google.android.packageinstaller/com.android.packageinstaller.UninstallerActivity} displayId=0 Callers=com.android.server.wm.RootWindowContainer.updateFocusedWindowLocked:469 com.android.server.wm.WindowManagerService.updateFocusedWindowLocked:6611 com.android.server.wm.WindowState.setupWindowForRemoveOnExit:2581 com.android.server.wm.WindowState.removeIfPossible:2543 
05-19 11:21:45.238  1466  1575 I AppsFilter: interaction: PackageSetting{18e5183 com.android.microdroid.empty_payload/10182} -> PackageSetting{5b19214 com.activitypointsnative/10442} BLOCKED
05-19 11:21:45.241  1466  1466 E MBrainLocalService: notifyAppSwitch failed
05-19 11:21:45.244  1466  2852 W WindowManager: Changing focus from Window{ae108d1 u0 com.google.android.packageinstaller/com.android.packageinstaller.UninstallerActivity} to Window{1145f21 u0 com.android.launcher3/com.android.searchlauncher.SearchLauncher} displayId=0 Callers=com.android.server.wm.RootWindowContainer.updateFocusedWindowLocked:469 com.android.server.wm.WindowManagerService.updateFocusedWindowLocked:6611 com.android.server.wm.ActivityTaskManagerService.setLastResumedActivityUncheckLocked:5085 com.android.server.wm.ActivityTaskSupervisor.updateTopResumedActivityIfNeeded:2341 
05-19 11:21:45.246  1466  1466 E MBrainLocalService: notifyAppSwitch failed
05-19 11:21:45.266  1466  1662 W UserManagerService: Requested status bar icon for non-badged user 0
05-19 11:21:45.266  1466  1499 E ApplicationHelper: Fail to get PackageManager
05-19 11:21:45.266  1466  1499 E ApplicationHelper: Fail to get PackageManager
05-19 11:21:45.267  1466  1499 E ApplicationHelper: Fail to get PackageManager
05-19 11:21:45.283   545   579 I keystore2: system/security/keystore2/src/maintenance.rs:341 - clearNamespace(r#APP, nspace=10442)
05-19 11:21:45.314  1466  1996 W PackageConfigPersister: App-specific configuration not found for packageName: com.android.launcher3 and userId: 0
05-19 11:21:45.328  1466  1575 I ActivityManager: Force stopping com.activitypointsnative appid=10442 user=0: pkg removed
05-19 11:21:45.331  1466  1575 I ActivityManager: Force stopping com.activitypointsnative appid=10442 user=0: pkg removed
05-19 11:21:45.338  1466  1499 E ApplicationHelper: Fail to get PackageManager
05-19 11:21:45.362  1466  1687 I RollbackManager: broadcast=ACTION_PACKAGE_FULLY_REMOVED pkg=com.activitypointsnative
05-19 11:21:45.362  1466  1499 E ApplicationHelper: Fail to get PackageManager
05-19 11:21:45.362  1466  1499 E ApplicationHelper: Fail to get PackageManager
05-19 11:21:45.376  1466  2852 W AppOpService: Ignored setUidMode call for runtime permission app op: uid = 1001, code = READ_SMS, mode = allow, callingUid = 1001, oldMode = allow
05-19 11:21:45.377  1466  2852 W AppOpService: Ignored setUidMode call for runtime permission app op: uid = 1001, code = RECEIVE_SMS, mode = allow, callingUid = 1001, oldMode = allow
05-19 11:21:45.377  1466  2852 W AppOpService: Ignored setUidMode call for runtime permission app op: uid = 1001, code = RECEIVE_WAP_PUSH, mode = allow, callingUid = 1001, oldMode = allow
05-19 11:21:45.377  1466  2852 W AppOpService: Ignored setUidMode call for runtime permission app op: uid = 1001, code = SEND_SMS, mode = allow, callingUid = 1001, oldMode = allow
05-19 11:21:45.377  1466  2852 W AppOpService: Ignored setUidMode call for runtime permission app op: uid = 1001, code = READ_CELL_BROADCASTS, mode = allow, callingUid = 1001, oldMode = allow
05-19 11:21:45.392  1466  1499 E ApplicationHelper: Fail to get PackageManager
05-19 11:21:45.399  1466  1756 E AppOps  : attributionTag VCN not declared in manifest of android
05-19 11:21:45.498  1466  1512 W ActivityManager: Slow operation: 106ms so far, now at startProcess: returned from zygote!
05-19 11:21:45.499  1466  1466 W Looper  : Slow dispatch took 108ms main h=android.app.ActivityThread$H c=android.app.LoadedApk$ReceiverDispatcher$Args$$ExternalSyntheticLambda0@5caed6d m=0
05-19 11:21:45.499  1466  1466 E ApplicationHelper: Fail to get PackageManager
05-19 11:21:45.499  1466  1466 E AppStateIntentReceiver: notifyChange failed
05-19 11:21:45.500  1466  1512 W ActivityManager: Slow operation: 108ms so far, now at startProcess: done updating battery stats
05-19 11:21:45.500  1466  1512 W ActivityManager: Slow operation: 108ms so far, now at startProcess: building log message
05-19 11:21:45.500  1466  1512 I ActivityManager: Start proc 18569:com.android.keychain/1000 for service {com.android.keychain/com.android.keychain.KeyChainService}
05-19 11:21:45.500  1466  1512 W ActivityManager: Slow operation: 108ms so far, now at startProcess: starting to update pids map
05-19 11:21:45.500  1466  1512 W ActivityManager: Slow operation: 108ms so far, now at startProcess: done updating pids map
05-19 11:21:45.506  1466  1466 I Telecom : CarModeTracker: Package com.activitypointsnative is not tracked.: SSH.oR@/z8
05-19 11:21:45.506  1466  1466 I Telecom-InCallController: updateCarModeForConnections: car mode apps: : SSH.oR@/z8
05-19 11:21:45.506  1466  1499 E ApplicationHelper: Fail to get PackageManager
05-19 11:21:45.506  1466  1466 I Telecom-InCallController: update carmode current:UserHandle{0} parent:null: SSH.oR@/z8
05-19 11:21:45.516  1466  1499 E ApplicationHelper: Fail to get PackageManager
05-19 11:21:45.606  1466  1499 E ApplicationHelper: Fail to get PackageManager
05-19 11:21:45.607  1466  1466 I ConditionProviders: Disallowing condition provider com.activitypointsnative (userSet: true)
05-19 11:21:45.614  1466  1499 E ApplicationHelper: Fail to get PackageManager
05-19 11:21:45.615  1466  1499 E ApplicationHelper: Fail to get PackageManager
05-19 11:21:45.618  1466  5185 W AppOps  : setUidMode() called with a mode inconsistent with runtime permission state, this is discouraged and you should revoke the runtime permission instead: uid=10089, switchCode=0, mode=4, permission=android.permission.ACCESS_BACKGROUND_LOCATION
05-19 11:21:45.618  1466  5185 E AppOpService: Blocked setUidMode call for runtime permission app op: uid = 10089, code = COARSE_LOCATION, mode = foreground, callingUid = 1000, oldMode = allow
05-19 11:21:45.618  1466  5185 E AppOpService: java.lang.RuntimeException
05-19 11:21:45.618  1466  5185 E AppOpService: 	at com.android.server.permission.access.appop.AppOpService.setUidMode(AppOpService.kt:268)
05-19 11:21:45.618  1466  5185 E AppOpService: 	at com.android.server.appop.AppOpsCheckingServiceTracingDecorator.setUidMode(AppOpsCheckingServiceTracingDecorator.java:120)
05-19 11:21:45.618  1466  5185 E AppOpService: 	at com.android.server.appop.AppOpsService.setUidMode(AppOpsService.java:2104)
05-19 11:21:45.618  1466  5185 E AppOpService: 	at com.android.server.appop.AppOpsService.setUidMode(AppOpsService.java:2054)
05-19 11:21:45.618  1466  5185 E AppOpService: 	at android.app.AppOpsManager.setUidMode(AppOpsManager.java:8107)
05-19 11:21:45.618  1466  5185 E AppOpService: 	at com.android.role.controller.model.Permissions.setAppOpModeAsUser(Permissions.java:908)
05-19 11:21:45.618  1466  5185 E AppOpService: 	at com.android.role.controller.model.Permissions.setAppOpUidModeAsUser(Permissions.java:885)
05-19 11:21:45.618  1466  5185 E AppOpService: 	at com.android.role.controller.model.Permissions.grantPermissionAndAppOpAsUser(Permissions.java:373)
05-19 11:21:45.618  1466  5185 E AppOpService: 	at com.android.role.controller.model.Permissions.grantSingleAsUser(Permissions.java:247)
05-19 11:21:45.618  1466  5185 E AppOpService: 	at com.android.role.controller.model.Permissions.grantAsUser(Permissions.java:205)
05-19 11:21:45.618  1466  5185 E AppOpService: 	at com.android.role.controller.model.Role.grantAsUser(Role.java:941)
05-19 11:21:45.618  1466  5185 E AppOpService: 	at com.android.role.controller.service.RoleControllerServiceImpl.addRoleHolderInternal(RoleControllerServiceImpl.java:380)
05-19 11:21:45.618  1466  5185 E AppOpService: 	at com.android.role.controller.service.RoleControllerServiceImpl.onGrantDefaultRoles(RoleControllerServiceImpl.java:163)
05-19 11:21:45.618  1466  5185 E AppOpService: 	at com.android.role.LocalRoleController.lambda$grantDefaultRoles$1(LocalRoleController.java:56)
05-19 11:21:45.618  1466  5185 E AppOpService: 	at com.android.role.LocalRoleController.$r8$lambda$ye-flP7Mf14AbTzwSmiTgndT6Cg(LocalRoleController.java:0)
05-19 11:21:45.618  1466  5185 E AppOpService: 	at com.android.role.LocalRoleController$$ExternalSyntheticLambda1.run(R8$$SyntheticClass:0)
05-19 11:21:45.618  1466  5185 E AppOpService: 	at android.os.Handler.handleCallback(Handler.java:959)
05-19 11:21:45.618  1466  5185 E AppOpService: 	at android.os.Handler.dispatchMessage(Handler.java:100)
05-19 11:21:45.618  1466  5185 E AppOpService: 	at android.os.Looper.loopOnce(Looper.java:232)
05-19 11:21:45.618  1466  5185 E AppOpService: 	at android.os.Looper.loop(Looper.java:317)
05-19 11:21:45.618  1466  5185 E AppOpService: 	at android.os.HandlerThread.run(HandlerThread.java:85)
05-19 11:21:45.620  1466  5185 E AppOpService: Blocked setUidMode call for runtime permission app op: uid = 10088, code = FINE_LOCATION, mode = foreground, callingUid = 1000, oldMode = allow
05-19 11:21:45.620  1466  5185 E AppOpService: java.lang.RuntimeException
05-19 11:21:45.620  1466  5185 E AppOpService: 	at com.android.server.permission.access.appop.AppOpService.setUidMode(AppOpService.kt:268)
05-19 11:21:45.620  1466  5185 E AppOpService: 	at com.android.server.appop.AppOpsCheckingServiceTracingDecorator.setUidMode(AppOpsCheckingServiceTracingDecorator.java:120)
05-19 11:21:45.620  1466  5185 E AppOpService: 	at com.android.server.appop.AppOpsService.setUidMode(AppOpsService.java:2104)
05-19 11:21:45.620  1466  5185 E AppOpService: 	at com.android.server.appop.AppOpsService.setUidMode(AppOpsService.java:2054)
05-19 11:21:45.620  1466  5185 E AppOpService: 	at android.app.AppOpsManager.setUidMode(AppOpsManager.java:8107)
05-19 11:21:45.620  1466  5185 E AppOpService: 	at com.android.role.controller.model.Permissions.setAppOpModeAsUser(Permissions.java:908)
05-19 11:21:45.620  1466  5185 E AppOpService: 	at com.android.role.controller.model.Permissions.setAppOpUidModeAsUser(Permissions.java:885)
05-19 11:21:45.620  1466  5185 E AppOpService: 	at com.android.role.controller.model.Permissions.grantPermissionAndAppOpAsUser(Permissions.java:373)
05-19 11:21:45.620  1466  5185 E AppOpService: 	at com.android.role.controller.model.Permissions.grantSingleAsUser(Permissions.java:247)
05-19 11:21:45.620  1466  5185 E AppOpService: 	at com.android.role.controller.model.Permissions.grantAsUser(Permissions.java:205)
05-19 11:21:45.620  1466  5185 E AppOpService: 	at com.android.role.controller.model.Role.grantAsUser(Role.java:941)
05-19 11:21:45.620  1466  5185 E AppOpService: 	at com.android.role.controller.service.RoleControllerServiceImpl.addRoleHolderInternal(RoleControllerServiceImpl.java:380)
05-19 11:21:45.620  1466  5185 E AppOpService: 	at com.android.role.controller.service.RoleControllerServiceImpl.onGrantDefaultRoles(RoleControllerServiceImpl.java:163)
05-19 11:21:45.620  1466  5185 E AppOpService: 	at com.android.role.LocalRoleController.lambda$grantDefaultRoles$1(LocalRoleController.java:56)
05-19 11:21:45.620  1466  5185 E AppOpService: 	at com.android.role.LocalRoleController.$r8$lambda$ye-flP7Mf14AbTzwSmiTgndT6Cg(LocalRoleController.java:0)
05-19 11:21:45.620  1466  5185 E AppOpService: 	at com.android.role.LocalRoleController$$ExternalSyntheticLambda1.run(R8$$SyntheticClass:0)
05-19 11:21:45.620  1466  5185 E AppOpService: 	at android.os.Handler.handleCallback(Handler.java:959)
05-19 11:21:45.620  1466  5185 E AppOpService: 	at android.os.Handler.dispatchMessage(Handler.java:100)
05-19 11:21:45.620  1466  5185 E AppOpService: 	at android.os.Looper.loopOnce(Looper.java:232)
05-19 11:21:45.620  1466  5185 E AppOpService: 	at android.os.Looper.loop(Looper.java:317)
05-19 11:21:45.620  1466  5185 E AppOpService: 	at android.os.HandlerThread.run(HandlerThread.java:85)
05-19 11:21:45.620  1466  5185 E AppOpService: Blocked setUidMode call for runtime permission app op: uid = 10088, code = COARSE_LOCATION, mode = foreground, callingUid = 1000, oldMode = allow
05-19 11:21:45.620  1466  5185 E AppOpService: java.lang.RuntimeException
05-19 11:21:45.620  1466  5185 E AppOpService: 	at com.android.server.permission.access.appop.AppOpService.setUidMode(AppOpService.kt:268)
05-19 11:21:45.620  1466  5185 E AppOpService: 	at com.android.server.appop.AppOpsCheckingServiceTracingDecorator.setUidMode(AppOpsCheckingServiceTracingDecorator.java:120)
05-19 11:21:45.620  1466  5185 E AppOpService: 	at com.android.server.appop.AppOpsService.setUidMode(AppOpsService.java:2104)
05-19 11:21:45.620  1466  5185 E AppOpService: 	at com.android.server.appop.AppOpsService.setUidMode(AppOpsService.java:2054)
05-19 11:21:45.620  1466  5185 E AppOpService: 	at android.app.AppOpsManager.setUidMode(AppOpsManager.java:8107)
05-19 11:21:45.620  1466  5185 E AppOpService: 	at com.android.role.controller.model.Permissions.setAppOpModeAsUser(Permissions.java:908)
05-19 11:21:45.620  1466  5185 E AppOpService: 	at com.android.role.controller.model.Permissions.setAppOpUidModeAsUser(Permissions.java:885)
05-19 11:21:45.620  1466  5185 E AppOpService: 	at com.android.role.controller.model.Permissions.grantPermissionAndAppOpAsUser(Permissions.java:373)
05-19 11:21:45.620  1466  5185 E AppOpService: 	at com.android.role.controller.model.Permissions.grantSingleAsUser(Permissions.java:247)
05-19 11:21:45.620  1466  5185 E AppOpService: 	at com.android.role.controller.model.Permissions.grantAsUser(Permissions.java:205)
05-19 11:21:45.620  1466  5185 E AppOpService: 	at com.android.role.controller.model.Role.grantAsUser(Role.java:941)
05-19 11:21:45.620  1466  5185 E AppOpService: 	at com.android.role.controller.service.RoleControllerServiceImpl.addRoleHolderInternal(RoleControllerServiceImpl.java:380)
05-19 11:21:45.620  1466  5185 E AppOpService: 	at com.android.role.controller.service.RoleControllerServiceImpl.onGrantDefaultRoles(RoleControllerServiceImpl.java:163)
05-19 11:21:45.620  1466  5185 E AppOpService: 	at com.android.role.LocalRoleController.lambda$grantDefaultRoles$1(LocalRoleController.java:56)
05-19 11:21:45.620  1466  5185 E AppOpService: 	at com.android.role.LocalRoleController.$r8$lambda$ye-flP7Mf14AbTzwSmiTgndT6Cg(LocalRoleController.java:0)
05-19 11:21:45.620  1466  5185 E AppOpService: 	at com.android.role.LocalRoleController$$ExternalSyntheticLambda1.run(R8$$SyntheticClass:0)
05-19 11:21:45.620  1466  5185 E AppOpService: 	at android.os.Handler.handleCallback(Handler.java:959)
05-19 11:21:45.620  1466  5185 E AppOpService: 	at android.os.Handler.dispatchMessage(Handler.java:100)
05-19 11:21:45.620  1466  5185 E AppOpService: 	at android.os.Looper.loopOnce(Looper.java:232)
05-19 11:21:45.620  1466  5185 E AppOpService: 	at android.os.Looper.loop(Looper.java:317)
05-19 11:21:45.620  1466  5185 E AppOpService: 	at android.os.HandlerThread.run(HandlerThread.java:85)
05-19 11:21:45.621  1466  1499 E ApplicationHelper: Fail to get PackageManager
05-19 11:21:45.622  1466  1466 W Looper  : Slow dispatch took 102ms main h=com.android.server.notification.NotificationManagerService$WorkerHandler c=null m=8
05-19 11:21:45.626  1466  1499 E ApplicationHelper: Fail to get PackageManager
05-19 11:21:45.627  1466  1499 E ApplicationHelper: Fail to get PackageManager
05-19 11:21:45.627  1466  1499 E ApplicationHelper: Fail to get PackageManager
05-19 11:21:45.627  1466  1499 E ApplicationHelper: Fail to get PackageManager
05-19 11:21:45.627  1466  1499 E ApplicationHelper: Fail to get PackageManager
05-19 11:21:45.627  1466  1499 E ApplicationHelper: Fail to get PackageManager
05-19 11:21:45.627  1466  1499 E ApplicationHelper: Fail to get PackageManager
05-19 11:21:45.627  1466  1499 E ApplicationHelper: Fail to get PackageManager
05-19 11:21:45.627  1466  1499 E ApplicationHelper: Fail to get PackageManager
05-19 11:21:45.627  1466  1499 E ApplicationHelper: Fail to get PackageManager
05-19 11:21:45.631  1466  5185 W AppOps  : setUidMode() called with a mode inconsistent with runtime permission state, this is discouraged and you should revoke the runtime permission instead: uid=10089, switchCode=0, mode=4, permission=android.permission.ACCESS_BACKGROUND_LOCATION
05-19 11:21:45.631  1466  5185 E AppOpService: Blocked setUidMode call for runtime permission app op: uid = 10089, code = COARSE_LOCATION, mode = foreground, callingUid = 1000, oldMode = allow
05-19 11:21:45.631  1466  5185 E AppOpService: java.lang.RuntimeException
05-19 11:21:45.631  1466  5185 E AppOpService: 	at com.android.server.permission.access.appop.AppOpService.setUidMode(AppOpService.kt:268)
05-19 11:21:45.631  1466  5185 E AppOpService: 	at com.android.server.appop.AppOpsCheckingServiceTracingDecorator.setUidMode(AppOpsCheckingServiceTracingDecorator.java:120)
05-19 11:21:45.631  1466  5185 E AppOpService: 	at com.android.server.appop.AppOpsService.setUidMode(AppOpsService.java:2104)
05-19 11:21:45.631  1466  5185 E AppOpService: 	at com.android.server.appop.AppOpsService.setUidMode(AppOpsService.java:2054)
05-19 11:21:45.631  1466  5185 E AppOpService: 	at android.app.AppOpsManager.setUidMode(AppOpsManager.java:8107)
05-19 11:21:45.631  1466  5185 E AppOpService: 	at com.android.role.controller.model.Permissions.setAppOpModeAsUser(Permissions.java:908)
05-19 11:21:45.631  1466  5185 E AppOpService: 	at com.android.role.controller.model.Permissions.setAppOpUidModeAsUser(Permissions.java:885)
05-19 11:21:45.631  1466  5185 E AppOpService: 	at com.android.role.controller.model.Permissions.grantPermissionAndAppOpAsUser(Permissions.java:373)
05-19 11:21:45.631  1466  5185 E AppOpService: 	at com.android.role.controller.model.Permissions.grantSingleAsUser(Permissions.java:247)
05-19 11:21:45.631  1466  5185 E AppOpService: 	at com.android.role.controller.model.Permissions.grantAsUser(Permissions.java:205)
05-19 11:21:45.631  1466  5185 E AppOpService: 	at com.android.role.controller.model.Role.grantAsUser(Role.java:941)
05-19 11:21:45.631  1466  5185 E AppOpService: 	at com.android.role.controller.service.RoleControllerServiceImpl.addRoleHolderInternal(RoleControllerServiceImpl.java:380)
05-19 11:21:45.631  1466  5185 E AppOpService: 	at com.android.role.controller.service.RoleControllerServiceImpl.onGrantDefaultRoles(RoleControllerServiceImpl.java:163)
05-19 11:21:45.631  1466  5185 E AppOpService: 	at com.android.role.LocalRoleController.lambda$grantDefaultRoles$1(LocalRoleController.java:56)
05-19 11:21:45.631  1466  5185 E AppOpService: 	at com.android.role.LocalRoleController.$r8$lambda$ye-flP7Mf14AbTzwSmiTgndT6Cg(LocalRoleController.java:0)
05-19 11:21:45.631  1466  5185 E AppOpService: 	at com.android.role.LocalRoleController$$ExternalSyntheticLambda1.run(R8$$SyntheticClass:0)
05-19 11:21:45.631  1466  5185 E AppOpService: 	at android.os.Handler.handleCallback(Handler.java:959)
05-19 11:21:45.631  1466  5185 E AppOpService: 	at android.os.Handler.dispatchMessage(Handler.java:100)
05-19 11:21:45.631  1466  5185 E AppOpService: 	at android.os.Looper.loopOnce(Looper.java:232)
05-19 11:21:45.631  1466  5185 E AppOpService: 	at android.os.Looper.loop(Looper.java:317)
05-19 11:21:45.631  1466  5185 E AppOpService: 	at android.os.HandlerThread.run(HandlerThread.java:85)
05-19 11:21:45.634  1466  1499 E ApplicationHelper: Fail to get PackageManager
05-19 11:21:45.640  1466  1510 I CredentialManager: updateProvidersWhenPackageRemoved
05-19 11:21:45.640  1466  1499 E ApplicationHelper: Fail to get PackageManager
05-19 11:21:45.678  1466  1499 E ApplicationHelper: Fail to get PackageManager
05-19 11:21:45.688  1466  1499 E ApplicationHelper: Fail to get PackageManager
05-19 11:21:45.691  1466  1466 W JobScheduler: Job didn't exist in JobStore: f85fa48 {androidx.work.systemjobscheduler} #u0a174/10180 @androidx.work.systemjobscheduler@com.google.android.providers.media.module/androidx.work.impl.background.systemjob.SystemJobService
05-19 11:21:45.708  1466  1662 W UserManagerService: Requested status bar icon for non-badged user 0
05-19 11:21:45.708  1466  5185 E AppOpService: Blocked setUidMode call for runtime permission app op: uid = 10112, code = FINE_LOCATION, mode = foreground, callingUid = 1000, oldMode = allow
05-19 11:21:45.708  1466  5185 E AppOpService: java.lang.RuntimeException
05-19 11:21:45.708  1466  5185 E AppOpService: 	at com.android.server.permission.access.appop.AppOpService.setUidMode(AppOpService.kt:268)
05-19 11:21:45.708  1466  5185 E AppOpService: 	at com.android.server.appop.AppOpsCheckingServiceTracingDecorator.setUidMode(AppOpsCheckingServiceTracingDecorator.java:120)
05-19 11:21:45.708  1466  5185 E AppOpService: 	at com.android.server.appop.AppOpsService.setUidMode(AppOpsService.java:2104)
05-19 11:21:45.708  1466  5185 E AppOpService: 	at com.android.server.appop.AppOpsService.setUidMode(AppOpsService.java:2054)
05-19 11:21:45.708  1466  5185 E AppOpService: 	at android.app.AppOpsManager.setUidMode(AppOpsManager.java:8107)
05-19 11:21:45.708  1466  5185 E AppOpService: 	at com.android.role.controller.model.Permissions.setAppOpModeAsUser(Permissions.java:908)
05-19 11:21:45.708  1466  5185 E AppOpService: 	at com.android.role.controller.model.Permissions.setAppOpUidModeAsUser(Permissions.java:885)
05-19 11:21:45.708  1466  5185 E AppOpService: 	at com.android.role.controller.model.Permissions.grantPermissionAndAppOpAsUser(Permissions.java:373)
05-19 11:21:45.708  1466  5185 E AppOpService: 	at com.android.role.controller.model.Permissions.grantSingleAsUser(Permissions.java:247)
05-19 11:21:45.708  1466  5185 E AppOpService: 	at com.android.role.controller.model.Permissions.grantAsUser(Permissions.java:205)
05-19 11:21:45.708  1466  5185 E AppOpService: 	at com.android.role.controller.behavior.BrowserRoleBehavior.grantAsUser(BrowserRoleBehavior.java:142)
05-19 11:21:45.708  1466  5185 E AppOpService: 	at com.android.role.controller.model.Role.grantAsUser(Role.java:967)
05-19 11:21:45.708  1466  5185 E AppOpService: 	at com.android.role.controller.service.RoleControllerServiceImpl.addRoleHolderInternal(RoleControllerServiceImpl.java:380)
05-19 11:21:45.708  1466  5185 E AppOpService: 	at com.android.role.controller.service.RoleControllerServiceImpl.onGrantDefaultRoles(RoleControllerServiceImpl.java:163)
05-19 11:21:45.708  1466  5185 E AppOpService: 	at com.android.role.LocalRoleController.lambda$grantDefaultRoles$1(LocalRoleController.java:56)
05-19 11:21:45.708  1466  5185 E AppOpService: 	at com.android.role.LocalRoleController.$r8$lambda$ye-flP7Mf14AbTzwSmiTgndT6Cg(LocalRoleController.java:0)
05-19 11:21:45.708  1466  5185 E AppOpService: 	at com.android.role.LocalRoleController$$ExternalSyntheticLambda1.run(R8$$SyntheticClass:0)
05-19 11:21:45.708  1466  5185 E AppOpService: 	at android.os.Handler.handleCallback(Handler.java:959)
05-19 11:21:45.708  1466  5185 E AppOpService: 	at android.os.Handler.dispatchMessage(Handler.java:100)
05-19 11:21:45.708  1466  5185 E AppOpService: 	at android.os.Looper.loopOnce(Looper.java:232)
05-19 11:21:45.708  1466  5185 E AppOpService: 	at android.os.Looper.loop(Looper.java:317)
05-19 11:21:45.708  1466  5185 E AppOpService: 	at android.os.HandlerThread.run(HandlerThread.java:85)
05-19 11:21:45.711  1466  5185 E AppOpService: Blocked setUidMode call for runtime permission app op: uid = 10112, code = COARSE_LOCATION, mode = foreground, callingUid = 1000, oldMode = allow
05-19 11:21:45.711  1466  5185 E AppOpService: java.lang.RuntimeException
05-19 11:21:45.711  1466  5185 E AppOpService: 	at com.android.server.permission.access.appop.AppOpService.setUidMode(AppOpService.kt:268)
05-19 11:21:45.711  1466  5185 E AppOpService: 	at com.android.server.appop.AppOpsCheckingServiceTracingDecorator.setUidMode(AppOpsCheckingServiceTracingDecorator.java:120)
05-19 11:21:45.711  1466  5185 E AppOpService: 	at com.android.server.appop.AppOpsService.setUidMode(AppOpsService.java:2104)
05-19 11:21:45.711  1466  5185 E AppOpService: 	at com.android.server.appop.AppOpsService.setUidMode(AppOpsService.java:2054)
05-19 11:21:45.711  1466  5185 E AppOpService: 	at android.app.AppOpsManager.setUidMode(AppOpsManager.java:8107)
05-19 11:21:45.711  1466  5185 E AppOpService: 	at com.android.role.controller.model.Permissions.setAppOpModeAsUser(Permissions.java:908)
05-19 11:21:45.711  1466  5185 E AppOpService: 	at com.android.role.controller.model.Permissions.setAppOpUidModeAsUser(Permissions.java:885)
05-19 11:21:45.711  1466  5185 E AppOpService: 	at com.android.role.controller.model.Permissions.grantPermissionAndAppOpAsUser(Permissions.java:373)
05-19 11:21:45.711  1466  5185 E AppOpService: 	at com.android.role.controller.model.Permissions.grantSingleAsUser(Permissions.java:247)
05-19 11:21:45.711  1466  5185 E AppOpService: 	at com.android.role.controller.model.Permissions.grantAsUser(Permissions.java:205)
05-19 11:21:45.711  1466  5185 E AppOpService: 	at com.android.role.controller.behavior.BrowserRoleBehavior.grantAsUser(BrowserRoleBehavior.java:142)
05-19 11:21:45.711  1466  5185 E AppOpService: 	at com.android.role.controller.model.Role.grantAsUser(Role.java:967)
05-19 11:21:45.711  1466  5185 E AppOpService: 	at com.android.role.controller.service.RoleControllerServiceImpl.addRoleHolderInternal(RoleControllerServiceImpl.java:380)
05-19 11:21:45.711  1466  5185 E AppOpService: 	at com.android.role.controller.service.RoleControllerServiceImpl.onGrantDefaultRoles(RoleControllerServiceImpl.java:163)
05-19 11:21:45.711  1466  5185 E AppOpService: 	at com.android.role.LocalRoleController.lambda$grantDefaultRoles$1(LocalRoleController.java:56)
05-19 11:21:45.711  1466  5185 E AppOpService: 	at com.android.role.LocalRoleController.$r8$lambda$ye-flP7Mf14AbTzwSmiTgndT6Cg(LocalRoleController.java:0)
05-19 11:21:45.711  1466  5185 E AppOpService: 	at com.android.role.LocalRoleController$$ExternalSyntheticLambda1.run(R8$$SyntheticClass:0)
05-19 11:21:45.711  1466  5185 E AppOpService: 	at android.os.Handler.handleCallback(Handler.java:959)
05-19 11:21:45.711  1466  5185 E AppOpService: 	at android.os.Handler.dispatchMessage(Handler.java:100)
05-19 11:21:45.711  1466  5185 E AppOpService: 	at android.os.Looper.loopOnce(Looper.java:232)
05-19 11:21:45.711  1466  5185 E AppOpService: 	at android.os.Looper.loop(Looper.java:317)
05-19 11:21:45.711  1466  5185 E AppOpService: 	at android.os.HandlerThread.run(HandlerThread.java:85)
05-19 11:21:45.739  1466  1499 E ApplicationHelper: Fail to get PackageManager
05-19 11:21:45.754  1466  1512 I ActivityManager: Start proc 18600:com.android.vending:background/u0a104 for broadcast {com.android.vending/com.google.android.finsky.packagemonitor.backgroundimpl.BackgroundPackageMonitorReceiverImpl$RegisteredReceiver}
05-19 11:21:45.761  1466  1499 E ApplicationHelper: Fail to get PackageManager
05-19 11:21:45.763  1466  1499 E ApplicationHelper: Fail to get PackageManager
05-19 11:21:45.770  1466  1499 E ApplicationHelper: Fail to get PackageManager
05-19 11:21:45.782  1466  1510 W MagnificationConnectionManager: requestConnection duplicated request: connect=false, mConnectionState=DISCONNECTED
05-19 11:21:45.792  1466  1499 E ApplicationHelper: Fail to get PackageManager
05-19 11:21:45.793  1466  1499 E ApplicationHelper: Fail to get PackageManager
05-19 11:21:45.795  1466  1499 E ApplicationHelper: Fail to get PackageManager
05-19 11:21:45.798  1466  1499 E ApplicationHelper: Fail to get PackageManager
05-19 11:21:45.799  1466  1499 E ApplicationHelper: Fail to get PackageManager
05-19 11:21:45.800  1466  1499 E ApplicationHelper: Fail to get PackageManager
05-19 11:21:45.801  1466  1499 E ApplicationHelper: Fail to get PackageManager
05-19 11:21:45.801  1466  1499 E ApplicationHelper: Fail to get PackageManager
05-19 11:21:45.802  1466  1511 W ProcessStats: Tracking association SourceState{5a7f10a com.google.android.apps.nbu.files/10094 Receivr #3824421} whose proc state 10 is better than process ProcessState{f9f3f08 com.google.android.gms/10106 pkg=com.google.android.gms} proc state 14 (0 skipped)
05-19 11:21:45.805  1466  1499 E ApplicationHelper: Fail to get PackageManager
05-19 11:21:45.828  1466  1499 E ApplicationHelper: Fail to get PackageManager
05-19 11:21:45.829  1466  1499 E ApplicationHelper: Fail to get PackageManager
05-19 11:21:45.833  1466  1499 E ApplicationHelper: Fail to get PackageManager
05-19 11:21:45.838  1466  1499 E ApplicationHelper: Fail to get PackageManager
05-19 11:21:45.838  1466  1499 E ApplicationHelper: Fail to get PackageManager
05-19 11:21:45.839  1466  1499 E ApplicationHelper: Fail to get PackageManager
05-19 11:21:45.854  1466  1499 E ApplicationHelper: Fail to get PackageManager
05-19 11:21:45.890  1466  1499 E ApplicationHelper: Fail to get PackageManager
05-19 11:21:45.890  1466  1499 E ApplicationHelper: Fail to get PackageManager
05-19 11:21:45.894  1466  1499 E ApplicationHelper: Fail to get PackageManager
05-19 11:21:45.908  1466  1499 E ApplicationHelper: Fail to get PackageManager
05-19 11:21:45.922  1466  1499 E ApplicationHelper: Fail to get PackageManager
05-19 11:21:45.927  1466  1499 E ApplicationHelper: Fail to get PackageManager
05-19 11:21:45.931  1466  1499 E ApplicationHelper: Fail to get PackageManager
05-19 11:21:45.941  1466  1499 E ApplicationHelper: Fail to get PackageManager
05-19 11:21:45.951  1466  1499 E ApplicationHelper: Fail to get PackageManager
05-19 11:21:45.976  1466  1499 E ApplicationHelper: Fail to get PackageManager
05-19 11:21:45.977  1466  1499 E ApplicationHelper: Fail to get PackageManager
05-19 11:21:45.984 18639 18639 I VirtualizationService: virtualizationservice::maintenance: Failed to find a Secretkeeper instance; skipping secret management
05-19 11:21:45.986 18639 18639 I VirtualizationService: virtualizationservice: Registered Binder service android.system.virtualizationservice.
05-19 11:21:45.989 18639 18639 I VirtualizationService: virtualizationservice: Registered Binder service android.system.virtualizationmaintenance.
05-19 11:21:45.993 18639 18649 I VirtualizationService: virtualizationservice::aidl: ignoring packageRemoved(user_id=0, app_id=10442)
05-19 11:21:46.007  1466  1499 E ApplicationHelper: Fail to get PackageManager
05-19 11:21:46.008  1466  1499 E ApplicationHelper: Fail to get PackageManager
05-19 11:21:46.070  1466  1499 E ApplicationHelper: Fail to get PackageManager
05-19 11:21:46.118  1466  1499 E ApplicationHelper: Fail to get PackageManager
05-19 11:21:46.119  1466  1499 E ApplicationHelper: Fail to get PackageManager
05-19 11:21:46.121  1466  1499 E ApplicationHelper: Fail to get PackageManager
05-19 11:21:46.123  1466  1499 E ApplicationHelper: Fail to get PackageManager
05-19 11:21:46.166  1466  1499 E ApplicationHelper: Fail to get PackageManager
05-19 11:21:46.176  1466  1512 I ActivityManager: Start proc 18675:com.google.android.apps.carrier.carrierwifi/u0a91 for broadcast {com.google.android.apps.carrier.carrierwifi/com.google.android.apps.carrier.carrierwifi.CarrierWifiReceiver}
05-19 11:21:46.195  1466  1499 E ApplicationHelper: Fail to get PackageManager
05-19 11:21:46.228  1466  1499 E ApplicationHelper: Fail to get PackageManager
05-19 11:21:46.230  1466  1499 E ApplicationHelper: Fail to get PackageManager
05-19 11:21:46.239  1466  1512 I ActivityManager: Start proc 18697:com.google.android.apps.wellbeing/u0a107 for broadcast {com.google.android.apps.wellbeing/com.google.android.apps.wellbeing.common.receiver.coalescedreceivers.PackageFullyRemovedCoalescedBroadcast_Receiver}
05-19 11:21:46.256  1466  1499 E ApplicationHelper: Fail to get PackageManager
05-19 11:21:46.258  1466  1499 E ApplicationHelper: Fail to get PackageManager
05-19 11:21:46.333  1466  1996 I ActivityManager: Killing 17765:com.google.android.apps.docs/u0a115 (adj 975): empty #17
05-19 11:21:46.334  1466  1499 E ApplicationHelper: Fail to get PackageManager
05-19 11:21:46.347  1466  1499 E ApplicationHelper: Fail to get PackageManager
05-19 11:21:46.358  1466  1512 I ActivityManager: Start proc 18735:com.google.android.videos/u0a134 for broadcast {com.google.android.videos/com.google.android.libraries.social.peoplekit.thirdparty.viewcontrollers.ThirdPartyReceiver}
05-19 11:21:46.377  1466  1499 E ApplicationHelper: Fail to get PackageManager
05-19 11:21:46.456  1466  1499 E ApplicationHelper: Fail to get PackageManager
05-19 11:21:46.476  1466  3123 I ActivityManager: Killing 17893:com.android.externalstorage/u0a43 (adj 965): empty #17
05-19 11:21:46.478  1466  1499 E ApplicationHelper: Fail to get PackageManager
05-19 11:21:46.489  1466  1499 E ApplicationHelper: Fail to get PackageManager
05-19 11:21:46.495  1466  1499 E ApplicationHelper: Fail to get PackageManager
05-19 11:21:46.525  1466  1499 E ApplicationHelper: Fail to get PackageManager
05-19 11:21:46.527  1466  1499 E ApplicationHelper: Fail to get PackageManager
05-19 11:21:46.545  1466  1983 I MediaSessionStack: addSession to bottom of stack | record: com.google.android.videos/play_movies_media/942 (userId=0)
05-19 11:21:46.574  1466  1499 E ApplicationHelper: Fail to get PackageManager
05-19 11:21:46.599  1466  1499 E ApplicationHelper: Fail to get PackageManager
05-19 11:21:46.599  1466  2852 W JobScheduler: Job didn't exist in JobStore: da8ca91 {androidx.work.systemjobscheduler} #u0a91/402 @androidx.work.systemjobscheduler@com.google.android.apps.carrier.carrierwifi/androidx.work.impl.background.systemjob.SystemJobService
05-19 11:21:46.606  1466  1499 E ApplicationHelper: Fail to get PackageManager
05-19 11:21:46.652  1466  3123 I ActivityManager: Killing 18338:com.google.android.apps.turbo:aab/u0a105 (adj 945): empty #17
05-19 11:21:46.653  1466  1499 E ApplicationHelper: Fail to get PackageManager
05-19 11:21:46.653  1466  1499 E ApplicationHelper: Fail to get PackageManager
05-19 11:21:46.710  1466  1499 E ApplicationHelper: Fail to get PackageManager
05-19 11:21:46.712  1466  1499 E ApplicationHelper: Fail to get PackageManager
05-19 11:21:46.780  1466  1499 E ApplicationHelper: Fail to get PackageManager
05-19 11:21:46.781  1466  1499 E ApplicationHelper: Fail to get PackageManager
05-19 11:21:46.940  1466  2153 I ActivityManager: Killing 18301:com.google.android.apps.youtube.music/u0a133 (adj 935): empty #17
05-19 11:21:46.941  1466  1499 E ApplicationHelper: Fail to get PackageManager
05-19 11:21:47.010  1466  1499 E ApplicationHelper: Fail to get PackageManager
05-19 11:21:47.014  1466  1499 E ApplicationHelper: Fail to get PackageManager
05-19 11:21:48.116  1466  1499 E ApplicationHelper: Fail to get PackageManager
05-19 11:21:48.687  1466  1499 E ApplicationHelper: Fail to get PackageManager
05-19 11:21:48.687  1466  1499 E ApplicationHelper: Fail to get PackageManager
05-19 11:21:48.692  1466  1499 E ApplicationHelper: Fail to get PackageManager
05-19 11:21:48.692  1466  1499 E ApplicationHelper: Fail to get PackageManager
05-19 11:21:48.879  1466  1499 E ApplicationHelper: Fail to get PackageManager
05-19 11:21:48.879  1466  1499 E ApplicationHelper: Fail to get PackageManager
05-19 11:21:48.884  1466  1499 E ApplicationHelper: Fail to get PackageManager
05-19 11:21:48.885  1466  1499 E ApplicationHelper: Fail to get PackageManager
05-19 11:21:49.615  1466  2153 W NotificationService: Toast already killed. pkg=com.google.android.packageinstaller token=android.os.BinderProxy@ac7da7b
05-19 11:21:50.243  1466  1501 I DisplayDeviceRepository: Display device changed render timings: "Built-in Screen", renderFrameRate=60.0, presentationDeadlineNanos=16600000, appVsyncOffsetNanos=1133334
05-19 11:21:54.127  1466  1499 E ApplicationHelper: Fail to get PackageManager
05-19 11:21:55.565  1466  1829 W FileUtils: Failed to chmod(AtomicFile[/data/system_de/0/system/game-manager-service.xml]): android.system.ErrnoException: chmod failed: ENOENT (No such file or directory)
05-19 11:21:55.842   545 18556 I keystore2: system/security/keystore2/watchdog/src/lib.rs:319 - Watchdog thread idle -> terminating. Have a great day.
05-19 11:22:01.038  1466  1499 E ApplicationHelper: Fail to get PackageManager
05-19 11:22:01.042  1466  1499 E ApplicationHelper: Fail to get PackageManager
05-19 11:22:01.489  1466  1499 E ApplicationHelper: Fail to get PackageManager
05-19 11:22:01.491  1466  1499 E ApplicationHelper: Fail to get PackageManager
05-19 11:22:01.495  1466  1499 E ApplicationHelper: Fail to get PackageManager
05-19 11:22:01.497  1466  1499 E ApplicationHelper: Fail to get PackageManager
05-19 11:22:01.500  1466  1499 E ApplicationHelper: Fail to get PackageManager
05-19 11:22:01.502  1466  1486 I ActivityManager: Killing 18303:com.google.android.partnersetup/u0a95 (adj 935): empty #17
05-19 11:22:01.506  1466  1499 E ApplicationHelper: Fail to get PackageManager
05-19 11:22:02.905  1466  1499 E ApplicationHelper: Fail to get PackageManager
