05-19 11:24:30.816  1466  1499 E ApplicationHelper: Fail to get PackageManager
05-19 11:24:30.816  1466  1499 E ApplicationHelper: Fail to get PackageManager
05-19 11:24:30.816  1466  1499 E ApplicationHelper: Fail to get PackageManager
05-19 11:24:31.894  1466  1991 E ActivityTaskManager: callerProcess.processName :  com.google.android.packageinstaller
05-19 11:24:31.895  1466  1991 W OptProp : Cannot read opt property android.window.PROPERTY_COMPAT_ALLOW_ORIENTATION_OVERRIDE
05-19 11:24:31.897  1466  1991 W OptProp : Cannot read opt property android.window.PROPERTY_COMPAT_ALLOW_RESIZEABLE_ACTIVITY_OVERRIDES
05-19 11:24:31.898  1466  1991 W OptProp : Cannot read opt property android.window.PROPERTY_COMPAT_ALLOW_MIN_ASPECT_RATIO_OVERRIDE
05-19 11:24:31.907  1466  1991 I ActivityTaskManager: START u0 {act=android.intent.action.MAIN cat=[android.intent.category.LAUNCHER] flg=0x34000000 pkg=com.activitypointsnative cmp=com.activitypointsnative/.MainActivity} with LAUNCH_SINGLE_TASK from uid 10045 (BAL_ALLOW_VISIBLE_WINDOW) result code=0
05-19 11:24:31.913  1466  1991 I AppsFilter: interaction: PackageSetting{24ab820 com.android.microdroid.empty_payload/10182} -> PackageSetting{b70d635 com.activitypointsnative/10443} BLOCKED
05-19 11:24:31.915  1466  1499 E ApplicationHelper: Fail to get PackageManager
05-19 11:24:31.915  1466  1499 E ApplicationHelper: Fail to get PackageManager
05-19 11:24:31.916  1466  1499 E ApplicationHelper: Fail to get PackageManager
05-19 11:24:31.916  1466  1499 E ApplicationHelper: Fail to get PackageManager
05-19 11:24:31.916  1466  1499 E ApplicationHelper: Fail to get PackageManager
05-19 11:24:31.916  1466  1499 E ApplicationHelper: Fail to get PackageManager
05-19 11:24:31.916  1466  1499 E ApplicationHelper: Fail to get PackageManager
05-19 11:24:31.916  1466  1499 E ApplicationHelper: Fail to get PackageManager
05-19 11:24:31.921  1466  1512 I ActivityManager: Start proc 20113:com.activitypointsnative/u0a443 for next-top-activity {com.activitypointsnative/com.activitypointsnative.MainActivity}
05-19 11:24:31.927  1466  1486 W WindowManager: Changing focus from Window{ac9af18 u0 com.google.android.packageinstaller/com.android.packageinstaller.InstallSuccess} to null displayId=0 Callers=com.android.server.wm.RootWindowContainer.updateFocusedWindowLocked:469 com.android.server.wm.WindowManagerService.updateFocusedWindowLocked:6611 com.android.server.wm.WindowManagerService.relayoutWindowInner:2701 com.android.server.wm.WindowManagerService.relayoutWindow:2371 
05-19 11:24:31.959  1466  1499 E ApplicationHelper: Fail to get PackageManager
05-19 11:24:31.965  1466  1486 W UserManagerService: Requested status bar icon for non-badged user 0
05-19 11:24:31.997  1466  1499 E ApplicationHelper: Fail to get PackageManager
05-19 11:24:32.001  1466  1499 E ApplicationHelper: Fail to get PackageManager
05-19 11:24:32.034  1466  1466 E MBrainLocalService: notifyAppSwitch failed
05-19 11:24:32.099  1466  1499 E ApplicationHelper: Fail to get PackageManager
05-19 11:24:32.099  1466  1499 E ApplicationHelper: Fail to get PackageManager
05-19 11:24:32.106  1466  1486 W WindowManager: Changing focus from null to Window{2ae11c4 u0 com.activitypointsnative/com.activitypointsnative.MainActivity} displayId=0 Callers=com.android.server.wm.RootWindowContainer.updateFocusedWindowLocked:469 com.android.server.wm.WindowManagerService.updateFocusedWindowLocked:6611 com.android.server.wm.WindowManagerService.relayoutWindowInner:2701 com.android.server.wm.WindowManagerService.relayoutWindow:2371 
05-19 11:24:32.108  1466  1486 I WindowManager: Relayout Window{2ae11c4 u0 com.activitypointsnative/com.activitypointsnative.MainActivity}: oldVis=4 newVis=0 focusMayChange = true requestedWidth = 1080 requestedHeight = 2400 outFrames = ClientWindowFrames{frame=[0,0][1080,2400] display=[0,0][1080,2400] parentFrame=[0,0][0,0]} outSurfaceControl = Surface(name=com.activitypointsnative/com.activitypointsnative.MainActivity)/@0x56a47cf
05-19 11:24:32.159  1466  1486 W ActivityTaskManager: Request to remove task ignored for non-existent task 5170
05-19 11:24:32.163  1466  1499 E ApplicationHelper: Fail to get PackageManager
05-19 11:24:32.163  1466  1499 E ApplicationHelper: Fail to get PackageManager
05-19 11:24:32.183  1466  1665 W PackageConfigPersister: App-specific configuration not found for packageName: com.activitypointsnative and userId: 0
05-19 11:24:32.425  1466  1499 E ApplicationHelper: Fail to get PackageManager
05-19 11:24:32.426  1466  1499 E ApplicationHelper: Fail to get PackageManager
05-19 11:24:32.432  1466  1499 E ApplicationHelper: Fail to get PackageManager
05-19 11:24:32.460  1466  1499 E ApplicationHelper: Fail to get PackageManager
05-19 11:24:32.468  1466  1466 E MBrainLocalService: notifyAppSwitch failed
05-19 11:24:32.470  1466  1499 E ApplicationHelper: Fail to get PackageManager
05-19 11:24:32.470  1466  1499 E ApplicationHelper: Fail to get PackageManager
05-19 11:24:32.470  1466  1499 E ApplicationHelper: Fail to get PackageManager
05-19 11:24:32.470  1466  1499 E ApplicationHelper: Fail to get PackageManager
05-19 11:24:32.470  1466  1499 E ApplicationHelper: Fail to get PackageManager
05-19 11:24:32.471  1466  1991 W UserManagerService: Requested status bar icon for non-badged user 0
05-19 11:24:32.474  1466  3176 W UserManagerService: Requested status bar icon for non-badged user 0
05-19 11:24:32.475  1466  3176 W UserManagerService: Requested status bar icon for non-badged user 0
05-19 11:24:32.475  1466  3176 W UserManagerService: Requested status bar icon for non-badged user 0
05-19 11:24:32.527  1466  3175 I ActivityManager: Killing 19299:com.google.android.accessibility.switchaccess/u0a127 (adj 985): empty #17
05-19 11:24:32.530  1466  1499 E ApplicationHelper: Fail to get PackageManager
05-19 11:24:32.530  1466  1499 E ApplicationHelper: Fail to get PackageManager
05-19 11:24:32.530  1466  1499 E ApplicationHelper: Fail to get PackageManager
05-19 11:24:32.530  1466  1499 E ApplicationHelper: Fail to get PackageManager
05-19 11:24:32.530  1466  1499 E ApplicationHelper: Fail to get PackageManager
05-19 11:24:32.530  1466  1499 E ApplicationHelper: Fail to get PackageManager
05-19 11:24:32.530  1466  1499 E ApplicationHelper: Fail to get PackageManager
05-19 11:24:32.530  1466  1499 E ApplicationHelper: Fail to get PackageManager
05-19 11:24:32.530  1466  1499 E ApplicationHelper: Fail to get PackageManager
05-19 11:24:32.530  1466  1499 E ApplicationHelper: Fail to get PackageManager
05-19 11:24:32.530  1466  1499 E ApplicationHelper: Fail to get PackageManager
05-19 11:24:32.532  1466  1665 W WindowManager: Failed looking up window session=Session{f54ca6 19791:u0a10045} callers=com.android.server.wm.WindowManagerService.windowForClientLocked:6496 com.android.server.wm.WindowManagerService.relayoutWindowInner:2406 com.android.server.wm.WindowManagerService.relayoutWindow:2371 
05-19 11:24:32.534  1466  3175 W WindowManager: Failed looking up window session=Session{f54ca6 19791:u0a10045} callers=com.android.server.wm.WindowManagerService.windowForClientLocked:6496 com.android.server.wm.Session.setOnBackInvokedCallbackInfo:1020 android.view.IWindowSession$Stub.onTransact:1207 
05-19 11:24:32.534  1466  3175 I WindowManager: setOnBackInvokedCallback(): No window state for package:com.google.android.packageinstaller
05-19 11:24:32.535  1466  1665 W WindowManager: Failed looking up window session=Session{f54ca6 19791:u0a10045} callers=com.android.server.wm.WindowManagerService.removeClientToken:2127 com.android.server.wm.Session.remove:274 android.view.IWindowSession$Stub.onTransact:693 
05-19 11:24:32.535  1466  3176 W WindowManager: Failed looking up window session=Session{f54ca6 19791:u0a10045} callers=com.android.server.wm.WindowManagerService.windowForClientLocked:6496 com.android.server.wm.Session.setOnBackInvokedCallbackInfo:1020 android.view.IWindowSession$Stub.onTransact:1207 
05-19 11:24:32.536  1466  3176 I WindowManager: setOnBackInvokedCallback(): No window state for package:com.google.android.packageinstaller
05-19 11:24:32.536  1466  3176 W WindowManager: Failed looking up window session=Session{f54ca6 19791:u0a10045} callers=com.android.server.wm.WindowManagerService.removeClientToken:2127 com.android.server.wm.Session.remove:274 android.view.IWindowSession$Stub.onTransact:693 
05-19 11:24:32.539  1466  1499 E ApplicationHelper: Fail to get PackageManager
05-19 11:24:32.539  1466  1499 E ApplicationHelper: Fail to get PackageManager
05-19 11:24:32.589  1466  1499 E ApplicationHelper: Fail to get PackageManager
05-19 11:24:32.999  1466  1575 I AppsFilter: interaction: PackageSetting{24ab820 com.android.microdroid.empty_payload/10182} -> PackageSetting{761ad87 com.activitypointsnative/10443} BLOCKED
05-19 11:24:33.005  1466  1510 W MagnificationConnectionManager: requestConnection duplicated request: connect=false, mConnectionState=DISCONNECTED
05-19 11:24:33.017  1466  3177 W AppOpService: Ignored setUidMode call for runtime permission app op: uid = 1001, code = READ_SMS, mode = allow, callingUid = 1001, oldMode = allow
05-19 11:24:33.017  1466  3177 W AppOpService: Ignored setUidMode call for runtime permission app op: uid = 1001, code = RECEIVE_SMS, mode = allow, callingUid = 1001, oldMode = allow
05-19 11:24:33.017  1466  2849 W AppOpService: Ignored setUidMode call for runtime permission app op: uid = 1001, code = RECEIVE_WAP_PUSH, mode = allow, callingUid = 1001, oldMode = allow
05-19 11:24:33.018  1466  2849 W AppOpService: Ignored setUidMode call for runtime permission app op: uid = 1001, code = SEND_SMS, mode = allow, callingUid = 1001, oldMode = allow
05-19 11:24:33.018  1466  3177 W AppOpService: Ignored setUidMode call for runtime permission app op: uid = 1001, code = READ_CELL_BROADCASTS, mode = allow, callingUid = 1001, oldMode = allow
05-19 11:24:33.020  1466  5185 W AppOps  : setUidMode() called with a mode inconsistent with runtime permission state, this is discouraged and you should revoke the runtime permission instead: uid=10089, switchCode=0, mode=4, permission=android.permission.ACCESS_BACKGROUND_LOCATION
05-19 11:24:33.020  1466  5185 E AppOpService: Blocked setUidMode call for runtime permission app op: uid = 10089, code = COARSE_LOCATION, mode = foreground, callingUid = 1000, oldMode = allow
05-19 11:24:33.020  1466  5185 E AppOpService: java.lang.RuntimeException
05-19 11:24:33.020  1466  5185 E AppOpService: 	at com.android.server.permission.access.appop.AppOpService.setUidMode(AppOpService.kt:268)
05-19 11:24:33.020  1466  5185 E AppOpService: 	at com.android.server.appop.AppOpsCheckingServiceTracingDecorator.setUidMode(AppOpsCheckingServiceTracingDecorator.java:120)
05-19 11:24:33.020  1466  5185 E AppOpService: 	at com.android.server.appop.AppOpsService.setUidMode(AppOpsService.java:2104)
05-19 11:24:33.020  1466  5185 E AppOpService: 	at com.android.server.appop.AppOpsService.setUidMode(AppOpsService.java:2054)
05-19 11:24:33.020  1466  5185 E AppOpService: 	at android.app.AppOpsManager.setUidMode(AppOpsManager.java:8107)
05-19 11:24:33.020  1466  5185 E AppOpService: 	at com.android.role.controller.model.Permissions.setAppOpModeAsUser(Permissions.java:908)
05-19 11:24:33.020  1466  5185 E AppOpService: 	at com.android.role.controller.model.Permissions.setAppOpUidModeAsUser(Permissions.java:885)
05-19 11:24:33.020  1466  5185 E AppOpService: 	at com.android.role.controller.model.Permissions.grantPermissionAndAppOpAsUser(Permissions.java:373)
05-19 11:24:33.020  1466  5185 E AppOpService: 	at com.android.role.controller.model.Permissions.grantSingleAsUser(Permissions.java:247)
05-19 11:24:33.020  1466  5185 E AppOpService: 	at com.android.role.controller.model.Permissions.grantAsUser(Permissions.java:205)
05-19 11:24:33.020  1466  5185 E AppOpService: 	at com.android.role.controller.model.Role.grantAsUser(Role.java:941)
05-19 11:24:33.020  1466  5185 E AppOpService: 	at com.android.role.controller.service.RoleControllerServiceImpl.addRoleHolderInternal(RoleControllerServiceImpl.java:380)
05-19 11:24:33.020  1466  5185 E AppOpService: 	at com.android.role.controller.service.RoleControllerServiceImpl.onGrantDefaultRoles(RoleControllerServiceImpl.java:163)
05-19 11:24:33.020  1466  5185 E AppOpService: 	at com.android.role.LocalRoleController.lambda$grantDefaultRoles$1(LocalRoleController.java:56)
05-19 11:24:33.020  1466  5185 E AppOpService: 	at com.android.role.LocalRoleController.$r8$lambda$ye-flP7Mf14AbTzwSmiTgndT6Cg(LocalRoleController.java:0)
05-19 11:24:33.020  1466  5185 E AppOpService: 	at com.android.role.LocalRoleController$$ExternalSyntheticLambda1.run(R8$$SyntheticClass:0)
05-19 11:24:33.020  1466  5185 E AppOpService: 	at android.os.Handler.handleCallback(Handler.java:959)
05-19 11:24:33.020  1466  5185 E AppOpService: 	at android.os.Handler.dispatchMessage(Handler.java:100)
05-19 11:24:33.020  1466  5185 E AppOpService: 	at android.os.Looper.loopOnce(Looper.java:232)
05-19 11:24:33.020  1466  5185 E AppOpService: 	at android.os.Looper.loop(Looper.java:317)
05-19 11:24:33.020  1466  5185 E AppOpService: 	at android.os.HandlerThread.run(HandlerThread.java:85)
05-19 11:24:33.022  1466  5185 E AppOpService: Blocked setUidMode call for runtime permission app op: uid = 10088, code = FINE_LOCATION, mode = foreground, callingUid = 1000, oldMode = allow
05-19 11:24:33.022  1466  5185 E AppOpService: java.lang.RuntimeException
05-19 11:24:33.022  1466  5185 E AppOpService: 	at com.android.server.permission.access.appop.AppOpService.setUidMode(AppOpService.kt:268)
05-19 11:24:33.022  1466  5185 E AppOpService: 	at com.android.server.appop.AppOpsCheckingServiceTracingDecorator.setUidMode(AppOpsCheckingServiceTracingDecorator.java:120)
05-19 11:24:33.022  1466  5185 E AppOpService: 	at com.android.server.appop.AppOpsService.setUidMode(AppOpsService.java:2104)
05-19 11:24:33.022  1466  5185 E AppOpService: 	at com.android.server.appop.AppOpsService.setUidMode(AppOpsService.java:2054)
05-19 11:24:33.022  1466  5185 E AppOpService: 	at android.app.AppOpsManager.setUidMode(AppOpsManager.java:8107)
05-19 11:24:33.022  1466  5185 E AppOpService: 	at com.android.role.controller.model.Permissions.setAppOpModeAsUser(Permissions.java:908)
05-19 11:24:33.022  1466  5185 E AppOpService: 	at com.android.role.controller.model.Permissions.setAppOpUidModeAsUser(Permissions.java:885)
05-19 11:24:33.022  1466  5185 E AppOpService: 	at com.android.role.controller.model.Permissions.grantPermissionAndAppOpAsUser(Permissions.java:373)
05-19 11:24:33.022  1466  5185 E AppOpService: 	at com.android.role.controller.model.Permissions.grantSingleAsUser(Permissions.java:247)
05-19 11:24:33.022  1466  5185 E AppOpService: 	at com.android.role.controller.model.Permissions.grantAsUser(Permissions.java:205)
05-19 11:24:33.022  1466  5185 E AppOpService: 	at com.android.role.controller.model.Role.grantAsUser(Role.java:941)
05-19 11:24:33.022  1466  5185 E AppOpService: 	at com.android.role.controller.service.RoleControllerServiceImpl.addRoleHolderInternal(RoleControllerServiceImpl.java:380)
05-19 11:24:33.022  1466  5185 E AppOpService: 	at com.android.role.controller.service.RoleControllerServiceImpl.onGrantDefaultRoles(RoleControllerServiceImpl.java:163)
05-19 11:24:33.022  1466  5185 E AppOpService: 	at com.android.role.LocalRoleController.lambda$grantDefaultRoles$1(LocalRoleController.java:56)
05-19 11:24:33.022  1466  5185 E AppOpService: 	at com.android.role.LocalRoleController.$r8$lambda$ye-flP7Mf14AbTzwSmiTgndT6Cg(LocalRoleController.java:0)
05-19 11:24:33.022  1466  5185 E AppOpService: 	at com.android.role.LocalRoleController$$ExternalSyntheticLambda1.run(R8$$SyntheticClass:0)
05-19 11:24:33.022  1466  5185 E AppOpService: 	at android.os.Handler.handleCallback(Handler.java:959)
05-19 11:24:33.022  1466  5185 E AppOpService: 	at android.os.Handler.dispatchMessage(Handler.java:100)
05-19 11:24:33.022  1466  5185 E AppOpService: 	at android.os.Looper.loopOnce(Looper.java:232)
05-19 11:24:33.022  1466  5185 E AppOpService: 	at android.os.Looper.loop(Looper.java:317)
05-19 11:24:33.022  1466  5185 E AppOpService: 	at android.os.HandlerThread.run(HandlerThread.java:85)
05-19 11:24:33.022  1466  5185 E AppOpService: Blocked setUidMode call for runtime permission app op: uid = 10088, code = COARSE_LOCATION, mode = foreground, callingUid = 1000, oldMode = allow
05-19 11:24:33.022  1466  5185 E AppOpService: java.lang.RuntimeException
05-19 11:24:33.022  1466  5185 E AppOpService: 	at com.android.server.permission.access.appop.AppOpService.setUidMode(AppOpService.kt:268)
05-19 11:24:33.022  1466  5185 E AppOpService: 	at com.android.server.appop.AppOpsCheckingServiceTracingDecorator.setUidMode(AppOpsCheckingServiceTracingDecorator.java:120)
05-19 11:24:33.022  1466  5185 E AppOpService: 	at com.android.server.appop.AppOpsService.setUidMode(AppOpsService.java:2104)
05-19 11:24:33.022  1466  5185 E AppOpService: 	at com.android.server.appop.AppOpsService.setUidMode(AppOpsService.java:2054)
05-19 11:24:33.022  1466  5185 E AppOpService: 	at android.app.AppOpsManager.setUidMode(AppOpsManager.java:8107)
05-19 11:24:33.022  1466  5185 E AppOpService: 	at com.android.role.controller.model.Permissions.setAppOpModeAsUser(Permissions.java:908)
05-19 11:24:33.022  1466  5185 E AppOpService: 	at com.android.role.controller.model.Permissions.setAppOpUidModeAsUser(Permissions.java:885)
05-19 11:24:33.022  1466  5185 E AppOpService: 	at com.android.role.controller.model.Permissions.grantPermissionAndAppOpAsUser(Permissions.java:373)
05-19 11:24:33.022  1466  5185 E AppOpService: 	at com.android.role.controller.model.Permissions.grantSingleAsUser(Permissions.java:247)
05-19 11:24:33.022  1466  5185 E AppOpService: 	at com.android.role.controller.model.Permissions.grantAsUser(Permissions.java:205)
05-19 11:24:33.022  1466  5185 E AppOpService: 	at com.android.role.controller.model.Role.grantAsUser(Role.java:941)
05-19 11:24:33.022  1466  5185 E AppOpService: 	at com.android.role.controller.service.RoleControllerServiceImpl.addRoleHolderInternal(RoleControllerServiceImpl.java:380)
05-19 11:24:33.022  1466  5185 E AppOpService: 	at com.android.role.controller.service.RoleControllerServiceImpl.onGrantDefaultRoles(RoleControllerServiceImpl.java:163)
05-19 11:24:33.022  1466  5185 E AppOpService: 	at com.android.role.LocalRoleController.lambda$grantDefaultRoles$1(LocalRoleController.java:56)
05-19 11:24:33.022  1466  5185 E AppOpService: 	at com.android.role.LocalRoleController.$r8$lambda$ye-flP7Mf14AbTzwSmiTgndT6Cg(LocalRoleController.java:0)
05-19 11:24:33.022  1466  5185 E AppOpService: 	at com.android.role.LocalRoleController$$ExternalSyntheticLambda1.run(R8$$SyntheticClass:0)
05-19 11:24:33.022  1466  5185 E AppOpService: 	at android.os.Handler.handleCallback(Handler.java:959)
05-19 11:24:33.022  1466  5185 E AppOpService: 	at android.os.Handler.dispatchMessage(Handler.java:100)
05-19 11:24:33.022  1466  5185 E AppOpService: 	at android.os.Looper.loopOnce(Looper.java:232)
05-19 11:24:33.022  1466  5185 E AppOpService: 	at android.os.Looper.loop(Looper.java:317)
05-19 11:24:33.022  1466  5185 E AppOpService: 	at android.os.HandlerThread.run(HandlerThread.java:85)
05-19 11:24:33.028  1466  5185 W AppOps  : setUidMode() called with a mode inconsistent with runtime permission state, this is discouraged and you should revoke the runtime permission instead: uid=10089, switchCode=0, mode=4, permission=android.permission.ACCESS_BACKGROUND_LOCATION
05-19 11:24:33.028  1466  5185 E AppOpService: Blocked setUidMode call for runtime permission app op: uid = 10089, code = COARSE_LOCATION, mode = foreground, callingUid = 1000, oldMode = allow
05-19 11:24:33.028  1466  5185 E AppOpService: java.lang.RuntimeException
05-19 11:24:33.028  1466  5185 E AppOpService: 	at com.android.server.permission.access.appop.AppOpService.setUidMode(AppOpService.kt:268)
05-19 11:24:33.028  1466  5185 E AppOpService: 	at com.android.server.appop.AppOpsCheckingServiceTracingDecorator.setUidMode(AppOpsCheckingServiceTracingDecorator.java:120)
05-19 11:24:33.028  1466  5185 E AppOpService: 	at com.android.server.appop.AppOpsService.setUidMode(AppOpsService.java:2104)
05-19 11:24:33.028  1466  5185 E AppOpService: 	at com.android.server.appop.AppOpsService.setUidMode(AppOpsService.java:2054)
05-19 11:24:33.028  1466  5185 E AppOpService: 	at android.app.AppOpsManager.setUidMode(AppOpsManager.java:8107)
05-19 11:24:33.028  1466  5185 E AppOpService: 	at com.android.role.controller.model.Permissions.setAppOpModeAsUser(Permissions.java:908)
05-19 11:24:33.028  1466  5185 E AppOpService: 	at com.android.role.controller.model.Permissions.setAppOpUidModeAsUser(Permissions.java:885)
05-19 11:24:33.028  1466  5185 E AppOpService: 	at com.android.role.controller.model.Permissions.grantPermissionAndAppOpAsUser(Permissions.java:373)
05-19 11:24:33.028  1466  5185 E AppOpService: 	at com.android.role.controller.model.Permissions.grantSingleAsUser(Permissions.java:247)
05-19 11:24:33.028  1466  5185 E AppOpService: 	at com.android.role.controller.model.Permissions.grantAsUser(Permissions.java:205)
05-19 11:24:33.028  1466  5185 E AppOpService: 	at com.android.role.controller.model.Role.grantAsUser(Role.java:941)
05-19 11:24:33.028  1466  5185 E AppOpService: 	at com.android.role.controller.service.RoleControllerServiceImpl.addRoleHolderInternal(RoleControllerServiceImpl.java:380)
05-19 11:24:33.028  1466  5185 E AppOpService: 	at com.android.role.controller.service.RoleControllerServiceImpl.onGrantDefaultRoles(RoleControllerServiceImpl.java:163)
05-19 11:24:33.028  1466  5185 E AppOpService: 	at com.android.role.LocalRoleController.lambda$grantDefaultRoles$1(LocalRoleController.java:56)
05-19 11:24:33.028  1466  5185 E AppOpService: 	at com.android.role.LocalRoleController.$r8$lambda$ye-flP7Mf14AbTzwSmiTgndT6Cg(LocalRoleController.java:0)
05-19 11:24:33.028  1466  5185 E AppOpService: 	at com.android.role.LocalRoleController$$ExternalSyntheticLambda1.run(R8$$SyntheticClass:0)
05-19 11:24:33.028  1466  5185 E AppOpService: 	at android.os.Handler.handleCallback(Handler.java:959)
05-19 11:24:33.028  1466  5185 E AppOpService: 	at android.os.Handler.dispatchMessage(Handler.java:100)
05-19 11:24:33.028  1466  5185 E AppOpService: 	at android.os.Looper.loopOnce(Looper.java:232)
05-19 11:24:33.028  1466  5185 E AppOpService: 	at android.os.Looper.loop(Looper.java:317)
05-19 11:24:33.028  1466  5185 E AppOpService: 	at android.os.HandlerThread.run(HandlerThread.java:85)
05-19 11:24:33.039  1466  5185 E AppOpService: Blocked setUidMode call for runtime permission app op: uid = 10112, code = FINE_LOCATION, mode = foreground, callingUid = 1000, oldMode = allow
05-19 11:24:33.039  1466  5185 E AppOpService: java.lang.RuntimeException
05-19 11:24:33.039  1466  5185 E AppOpService: 	at com.android.server.permission.access.appop.AppOpService.setUidMode(AppOpService.kt:268)
05-19 11:24:33.039  1466  5185 E AppOpService: 	at com.android.server.appop.AppOpsCheckingServiceTracingDecorator.setUidMode(AppOpsCheckingServiceTracingDecorator.java:120)
05-19 11:24:33.039  1466  5185 E AppOpService: 	at com.android.server.appop.AppOpsService.setUidMode(AppOpsService.java:2104)
05-19 11:24:33.039  1466  5185 E AppOpService: 	at com.android.server.appop.AppOpsService.setUidMode(AppOpsService.java:2054)
05-19 11:24:33.039  1466  5185 E AppOpService: 	at android.app.AppOpsManager.setUidMode(AppOpsManager.java:8107)
05-19 11:24:33.039  1466  5185 E AppOpService: 	at com.android.role.controller.model.Permissions.setAppOpModeAsUser(Permissions.java:908)
05-19 11:24:33.039  1466  5185 E AppOpService: 	at com.android.role.controller.model.Permissions.setAppOpUidModeAsUser(Permissions.java:885)
05-19 11:24:33.039  1466  5185 E AppOpService: 	at com.android.role.controller.model.Permissions.grantPermissionAndAppOpAsUser(Permissions.java:373)
05-19 11:24:33.039  1466  5185 E AppOpService: 	at com.android.role.controller.model.Permissions.grantSingleAsUser(Permissions.java:247)
05-19 11:24:33.039  1466  5185 E AppOpService: 	at com.android.role.controller.model.Permissions.grantAsUser(Permissions.java:205)
05-19 11:24:33.039  1466  5185 E AppOpService: 	at com.android.role.controller.behavior.BrowserRoleBehavior.grantAsUser(BrowserRoleBehavior.java:142)
05-19 11:24:33.039  1466  5185 E AppOpService: 	at com.android.role.controller.model.Role.grantAsUser(Role.java:967)
05-19 11:24:33.039  1466  5185 E AppOpService: 	at com.android.role.controller.service.RoleControllerServiceImpl.addRoleHolderInternal(RoleControllerServiceImpl.java:380)
05-19 11:24:33.039  1466  5185 E AppOpService: 	at com.android.role.controller.service.RoleControllerServiceImpl.onGrantDefaultRoles(RoleControllerServiceImpl.java:163)
05-19 11:24:33.039  1466  5185 E AppOpService: 	at com.android.role.LocalRoleController.lambda$grantDefaultRoles$1(LocalRoleController.java:56)
05-19 11:24:33.039  1466  5185 E AppOpService: 	at com.android.role.LocalRoleController.$r8$lambda$ye-flP7Mf14AbTzwSmiTgndT6Cg(LocalRoleController.java:0)
05-19 11:24:33.039  1466  5185 E AppOpService: 	at com.android.role.LocalRoleController$$ExternalSyntheticLambda1.run(R8$$SyntheticClass:0)
05-19 11:24:33.039  1466  5185 E AppOpService: 	at android.os.Handler.handleCallback(Handler.java:959)
05-19 11:24:33.039  1466  5185 E AppOpService: 	at android.os.Handler.dispatchMessage(Handler.java:100)
05-19 11:24:33.039  1466  5185 E AppOpService: 	at android.os.Looper.loopOnce(Looper.java:232)
05-19 11:24:33.039  1466  5185 E AppOpService: 	at android.os.Looper.loop(Looper.java:317)
05-19 11:24:33.039  1466  5185 E AppOpService: 	at android.os.HandlerThread.run(HandlerThread.java:85)
05-19 11:24:33.039  1466  5185 E AppOpService: Blocked setUidMode call for runtime permission app op: uid = 10112, code = COARSE_LOCATION, mode = foreground, callingUid = 1000, oldMode = allow
05-19 11:24:33.039  1466  5185 E AppOpService: java.lang.RuntimeException
05-19 11:24:33.039  1466  5185 E AppOpService: 	at com.android.server.permission.access.appop.AppOpService.setUidMode(AppOpService.kt:268)
05-19 11:24:33.039  1466  5185 E AppOpService: 	at com.android.server.appop.AppOpsCheckingServiceTracingDecorator.setUidMode(AppOpsCheckingServiceTracingDecorator.java:120)
05-19 11:24:33.039  1466  5185 E AppOpService: 	at com.android.server.appop.AppOpsService.setUidMode(AppOpsService.java:2104)
05-19 11:24:33.039  1466  5185 E AppOpService: 	at com.android.server.appop.AppOpsService.setUidMode(AppOpsService.java:2054)
05-19 11:24:33.039  1466  5185 E AppOpService: 	at android.app.AppOpsManager.setUidMode(AppOpsManager.java:8107)
05-19 11:24:33.039  1466  5185 E AppOpService: 	at com.android.role.controller.model.Permissions.setAppOpModeAsUser(Permissions.java:908)
05-19 11:24:33.039  1466  5185 E AppOpService: 	at com.android.role.controller.model.Permissions.setAppOpUidModeAsUser(Permissions.java:885)
05-19 11:24:33.039  1466  5185 E AppOpService: 	at com.android.role.controller.model.Permissions.grantPermissionAndAppOpAsUser(Permissions.java:373)
05-19 11:24:33.039  1466  5185 E AppOpService: 	at com.android.role.controller.model.Permissions.grantSingleAsUser(Permissions.java:247)
05-19 11:24:33.039  1466  5185 E AppOpService: 	at com.android.role.controller.model.Permissions.grantAsUser(Permissions.java:205)
05-19 11:24:33.039  1466  5185 E AppOpService: 	at com.android.role.controller.behavior.BrowserRoleBehavior.grantAsUser(BrowserRoleBehavior.java:142)
05-19 11:24:33.039  1466  5185 E AppOpService: 	at com.android.role.controller.model.Role.grantAsUser(Role.java:967)
05-19 11:24:33.039  1466  5185 E AppOpService: 	at com.android.role.controller.service.RoleControllerServiceImpl.addRoleHolderInternal(RoleControllerServiceImpl.java:380)
05-19 11:24:33.039  1466  5185 E AppOpService: 	at com.android.role.controller.service.RoleControllerServiceImpl.onGrantDefaultRoles(RoleControllerServiceImpl.java:163)
05-19 11:24:33.039  1466  5185 E AppOpService: 	at com.android.role.LocalRoleController.lambda$grantDefaultRoles$1(LocalRoleController.java:56)
05-19 11:24:33.039  1466  5185 E AppOpService: 	at com.android.role.LocalRoleController.$r8$lambda$ye-flP7Mf14AbTzwSmiTgndT6Cg(LocalRoleController.java:0)
05-19 11:24:33.039  1466  5185 E AppOpService: 	at com.android.role.LocalRoleController$$ExternalSyntheticLambda1.run(R8$$SyntheticClass:0)
05-19 11:24:33.039  1466  5185 E AppOpService: 	at android.os.Handler.handleCallback(Handler.java:959)
05-19 11:24:33.039  1466  5185 E AppOpService: 	at android.os.Handler.dispatchMessage(Handler.java:100)
05-19 11:24:33.039  1466  5185 E AppOpService: 	at android.os.Looper.loopOnce(Looper.java:232)
05-19 11:24:33.039  1466  5185 E AppOpService: 	at android.os.Looper.loop(Looper.java:317)
05-19 11:24:33.039  1466  5185 E AppOpService: 	at android.os.HandlerThread.run(HandlerThread.java:85)
05-19 11:24:33.438  1466  2849 W FillRequestEventLogger: Couldn't find packageName: com.google.android.inputmethod.latin
05-19 11:24:33.444  1466  1499 E ApplicationHelper: Fail to get PackageManager
05-19 11:24:33.446  1466  2849 W PackageConfigPersister: App-specific configuration not found for packageName: com.activitypointsnative and userId: 0
05-19 11:24:33.479  1466  3177 I WindowManager: Relayout Window{b2014fe u0 InputMethod}: oldVis=8 newVis=0 focusMayChange = true requestedWidth = 1080 requestedHeight = 2296 outFrames = ClientWindowFrames{frame=[0,104][1080,2400] display=[0,104][1080,2400] parentFrame=[0,0][0,0]} outSurfaceControl = Surface(name=InputMethod)/@0xe6dae1d
05-19 11:24:33.481  1466  1499 E ApplicationHelper: Fail to get PackageManager
05-19 11:24:33.485  1466  1499 E ApplicationHelper: Fail to get PackageManager
05-19 11:24:33.489  1466  1499 E ApplicationHelper: Fail to get PackageManager
05-19 11:24:33.496  1466  1499 E ApplicationHelper: Fail to get PackageManager
05-19 11:24:33.499  1466  1499 E ApplicationHelper: Fail to get PackageManager
05-19 11:24:33.517  1466  1499 E ApplicationHelper: Fail to get PackageManager
05-19 11:24:33.518  1466  1499 E ApplicationHelper: Fail to get PackageManager
05-19 11:24:33.525  1466  1499 E ApplicationHelper: Fail to get PackageManager
05-19 11:24:33.534  1466  1499 E ApplicationHelper: Fail to get PackageManager
05-19 11:24:33.592  1466  1499 E ApplicationHelper: Fail to get PackageManager
05-19 11:24:33.593  1466  1499 E ApplicationHelper: Fail to get PackageManager
05-19 11:24:33.620  1466  1499 E ApplicationHelper: Fail to get PackageManager
05-19 11:24:33.621  1466  1499 E ApplicationHelper: Fail to get PackageManager
05-19 11:24:33.660  1466  1499 E ApplicationHelper: Fail to get PackageManager
05-19 11:24:33.661  1466  1499 E ApplicationHelper: Fail to get PackageManager
05-19 11:24:33.669  1466  1499 E ApplicationHelper: Fail to get PackageManager
05-19 11:24:33.670  1466  1499 E ApplicationHelper: Fail to get PackageManager
05-19 11:24:34.749  1466  1499 E ApplicationHelper: Fail to get PackageManager
05-19 11:24:34.860  1466  1499 E ApplicationHelper: Fail to get PackageManager
05-19 11:24:35.878  1466  3175 E PresentationStatsEventLogger: Failed to start new event because already have active event.
05-19 11:24:35.880  1466  1499 E ApplicationHelper: Fail to get PackageManager
05-19 11:24:35.901  1466  1499 E ApplicationHelper: Fail to get PackageManager
05-19 11:24:35.902  1466  1499 E ApplicationHelper: Fail to get PackageManager
05-19 11:24:35.908  1466  3096 I WindowManager: Relayout Window{b2014fe u0 InputMethod}: oldVis=8 newVis=0 focusMayChange = true requestedWidth = 1080 requestedHeight = 2296 outFrames = ClientWindowFrames{frame=[0,104][1080,2400] display=[0,104][1080,2400] parentFrame=[0,0][0,0]} outSurfaceControl = Surface(name=InputMethod)/@0x127a29e
05-19 11:24:35.929  1466  1499 E ApplicationHelper: Fail to get PackageManager
05-19 11:24:35.933  1466  1499 E ApplicationHelper: Fail to get PackageManager
05-19 11:24:36.339  1466  3175 E hefenggg: performHapticFeedbackInternal device = 0, opPkg = com.google.android.inputmethod.latin, always = false, constant = 3, reason = View#performHapticFeedback, fromIme = true
05-19 11:24:36.340  1466  3175 E hefenggg: vibrateInternal device = 0, opPkg = com.google.android.inputmethod.latin, effect = Mono{mEffect=Composed{segments=[Prebaked{effect=CLICK, strength=MEDIUM, fallback=true}], repeat=-1}}, reason = performHapticFeedback(constant=3): View#performHapticFeedback, isVirbation = false, mIsCallingOrDisconnected = true
05-19 11:24:36.703  1466  3175 E hefenggg: performHapticFeedbackInternal device = 0, opPkg = com.google.android.inputmethod.latin, always = false, constant = 3, reason = View#performHapticFeedback, fromIme = true
05-19 11:24:36.703  1466  3175 E hefenggg: vibrateInternal device = 0, opPkg = com.google.android.inputmethod.latin, effect = Mono{mEffect=Composed{segments=[Prebaked{effect=CLICK, strength=MEDIUM, fallback=true}], repeat=-1}}, reason = performHapticFeedback(constant=3): View#performHapticFeedback, isVirbation = false, mIsCallingOrDisconnected = true
05-19 11:24:36.768  1466  3172 W PresentationStatsEventLogger: Bad view state for: -1
05-19 11:24:36.921  1466  3172 E hefenggg: performHapticFeedbackInternal device = 0, opPkg = com.google.android.inputmethod.latin, always = false, constant = 3, reason = View#performHapticFeedback, fromIme = true
05-19 11:24:36.921  1466  3172 E hefenggg: vibrateInternal device = 0, opPkg = com.google.android.inputmethod.latin, effect = Mono{mEffect=Composed{segments=[Prebaked{effect=CLICK, strength=MEDIUM, fallback=true}], repeat=-1}}, reason = performHapticFeedback(constant=3): View#performHapticFeedback, isVirbation = false, mIsCallingOrDisconnected = true
05-19 11:24:36.993  1466  3175 W PresentationStatsEventLogger: Bad view state for: -1
05-19 11:24:37.103  1466  3172 E hefenggg: performHapticFeedbackInternal device = 0, opPkg = com.google.android.inputmethod.latin, always = false, constant = 3, reason = View#performHapticFeedback, fromIme = true
05-19 11:24:37.104  1466  3172 E hefenggg: vibrateInternal device = 0, opPkg = com.google.android.inputmethod.latin, effect = Mono{mEffect=Composed{segments=[Prebaked{effect=CLICK, strength=MEDIUM, fallback=true}], repeat=-1}}, reason = performHapticFeedback(constant=3): View#performHapticFeedback, isVirbation = false, mIsCallingOrDisconnected = true
05-19 11:24:37.151  1466  3172 W PresentationStatsEventLogger: Bad view state for: -1
05-19 11:24:37.400  1466  3175 E hefenggg: performHapticFeedbackInternal device = 0, opPkg = com.google.android.inputmethod.latin, always = false, constant = 3, reason = View#performHapticFeedback, fromIme = true
05-19 11:24:37.400  1466  3175 E hefenggg: vibrateInternal device = 0, opPkg = com.google.android.inputmethod.latin, effect = Mono{mEffect=Composed{segments=[Prebaked{effect=CLICK, strength=MEDIUM, fallback=true}], repeat=-1}}, reason = performHapticFeedback(constant=3): View#performHapticFeedback, isVirbation = false, mIsCallingOrDisconnected = true
05-19 11:24:37.402  1466  3175 W PresentationStatsEventLogger: Bad view state for: -1
05-19 11:24:37.570  1466  3175 E hefenggg: performHapticFeedbackInternal device = 0, opPkg = com.google.android.inputmethod.latin, always = false, constant = 3, reason = View#performHapticFeedback, fromIme = true
05-19 11:24:37.570  1466  3175 E hefenggg: vibrateInternal device = 0, opPkg = com.google.android.inputmethod.latin, effect = Mono{mEffect=Composed{segments=[Prebaked{effect=CLICK, strength=MEDIUM, fallback=true}], repeat=-1}}, reason = performHapticFeedback(constant=3): View#performHapticFeedback, isVirbation = false, mIsCallingOrDisconnected = true
05-19 11:24:37.572  1466  3172 W PresentationStatsEventLogger: Bad view state for: -1
05-19 11:24:37.767  1466  3175 E hefenggg: performHapticFeedbackInternal device = 0, opPkg = com.google.android.inputmethod.latin, always = false, constant = 3, reason = View#performHapticFeedback, fromIme = true
05-19 11:24:37.768  1466  3175 E hefenggg: vibrateInternal device = 0, opPkg = com.google.android.inputmethod.latin, effect = Mono{mEffect=Composed{segments=[Prebaked{effect=CLICK, strength=MEDIUM, fallback=true}], repeat=-1}}, reason = performHapticFeedback(constant=3): View#performHapticFeedback, isVirbation = false, mIsCallingOrDisconnected = true
05-19 11:24:37.828  1466  3172 W PresentationStatsEventLogger: Bad view state for: -1
05-19 11:24:38.063  1466  3175 E hefenggg: performHapticFeedbackInternal device = 0, opPkg = com.google.android.inputmethod.latin, always = false, constant = 3, reason = View#performHapticFeedback, fromIme = true
05-19 11:24:38.064  1466  3175 E hefenggg: vibrateInternal device = 0, opPkg = com.google.android.inputmethod.latin, effect = Mono{mEffect=Composed{segments=[Prebaked{effect=CLICK, strength=MEDIUM, fallback=true}], repeat=-1}}, reason = performHapticFeedback(constant=3): View#performHapticFeedback, isVirbation = false, mIsCallingOrDisconnected = true
05-19 11:24:38.066  1466  3175 W PresentationStatsEventLogger: Bad view state for: -1
05-19 11:24:38.241  1466  3172 E hefenggg: performHapticFeedbackInternal device = 0, opPkg = com.google.android.inputmethod.latin, always = false, constant = 3, reason = View#performHapticFeedback, fromIme = true
05-19 11:24:38.241  1466  3172 E hefenggg: vibrateInternal device = 0, opPkg = com.google.android.inputmethod.latin, effect = Mono{mEffect=Composed{segments=[Prebaked{effect=CLICK, strength=MEDIUM, fallback=true}], repeat=-1}}, reason = performHapticFeedback(constant=3): View#performHapticFeedback, isVirbation = false, mIsCallingOrDisconnected = true
05-19 11:24:38.301  1466  3172 W PresentationStatsEventLogger: Bad view state for: -1
05-19 11:24:38.456  1466  3175 E hefenggg: performHapticFeedbackInternal device = 0, opPkg = com.google.android.inputmethod.latin, always = false, constant = 3, reason = View#performHapticFeedback, fromIme = true
05-19 11:24:38.457  1466  3175 E hefenggg: vibrateInternal device = 0, opPkg = com.google.android.inputmethod.latin, effect = Mono{mEffect=Composed{segments=[Prebaked{effect=CLICK, strength=MEDIUM, fallback=true}], repeat=-1}}, reason = performHapticFeedback(constant=3): View#performHapticFeedback, isVirbation = false, mIsCallingOrDisconnected = true
05-19 11:24:38.536  1466  3172 W PresentationStatsEventLogger: Bad view state for: -1
05-19 11:24:38.599  1466  1499 E ApplicationHelper: Fail to get PackageManager
05-19 11:24:38.599  1466  1499 E ApplicationHelper: Fail to get PackageManager
05-19 11:24:38.646  1466  3175 E hefenggg: performHapticFeedbackInternal device = 0, opPkg = com.google.android.inputmethod.latin, always = false, constant = 3, reason = View#performHapticFeedback, fromIme = true
05-19 11:24:38.647  1466  3175 E hefenggg: vibrateInternal device = 0, opPkg = com.google.android.inputmethod.latin, effect = Mono{mEffect=Composed{segments=[Prebaked{effect=CLICK, strength=MEDIUM, fallback=true}], repeat=-1}}, reason = performHapticFeedback(constant=3): View#performHapticFeedback, isVirbation = false, mIsCallingOrDisconnected = true
05-19 11:24:38.711  1466  3177 W PresentationStatsEventLogger: Bad view state for: -1
05-19 11:24:38.995  1466  3172 W PackageConfigPersister: App-specific configuration not found for packageName: com.activitypointsnative and userId: 0
05-19 11:24:39.000  1466  3175 W PresentationStatsEventLogger: Couldn't find packageName: com.google.android.inputmethod.latin
05-19 11:24:39.024  1466  1499 E ApplicationHelper: Fail to get PackageManager
05-19 11:24:39.026  1466  1499 E ApplicationHelper: Fail to get PackageManager
05-19 11:24:39.045  1466  1499 E ApplicationHelper: Fail to get PackageManager
05-19 11:24:39.047  1466  1499 E ApplicationHelper: Fail to get PackageManager
05-19 11:24:39.051  1466  3176 I ActivityManager: com.android.providers.userdictionary is exempt from freezer
05-19 11:24:39.064  1466  1512 I ActivityManager: Start proc 20211:android.process.acore/u0a36 for content provider {com.android.providers.userdictionary/com.android.providers.userdictionary.UserDictionaryProvider}
05-19 11:24:39.084  1466  3176 W WindowManager: Requires INTERNAL_SYSTEM_WINDOW permission if assign type to input. New type will be 0.
05-19 11:24:39.089  1466  1499 E ApplicationHelper: Fail to get PackageManager
05-19 11:24:39.168  1466  1499 E ApplicationHelper: Fail to get PackageManager
05-19 11:24:40.138  1466  3176 E hefenggg: performHapticFeedbackInternal device = 0, opPkg = com.google.android.inputmethod.latin, always = false, constant = 3, reason = View#performHapticFeedback, fromIme = true
05-19 11:24:40.139  1466  3176 E hefenggg: vibrateInternal device = 0, opPkg = com.google.android.inputmethod.latin, effect = Mono{mEffect=Composed{segments=[Prebaked{effect=CLICK, strength=MEDIUM, fallback=true}], repeat=-1}}, reason = performHapticFeedback(constant=3): View#performHapticFeedback, isVirbation = false, mIsCallingOrDisconnected = true
05-19 11:24:40.490  1466  3177 E hefenggg: performHapticFeedbackInternal device = 0, opPkg = com.google.android.inputmethod.latin, always = false, constant = 3, reason = View#performHapticFeedback, fromIme = true
05-19 11:24:40.490  1466  3177 E hefenggg: vibrateInternal device = 0, opPkg = com.google.android.inputmethod.latin, effect = Mono{mEffect=Composed{segments=[Prebaked{effect=CLICK, strength=MEDIUM, fallback=true}], repeat=-1}}, reason = performHapticFeedback(constant=3): View#performHapticFeedback, isVirbation = false, mIsCallingOrDisconnected = true
05-19 11:24:40.659  1466  1499 E ApplicationHelper: Fail to get PackageManager
05-19 11:24:40.684  1466  1499 E ApplicationHelper: Fail to get PackageManager
05-19 11:24:40.697  1466  1499 E ApplicationHelper: Fail to get PackageManager
05-19 11:24:40.757  1466  1499 E ApplicationHelper: Fail to get PackageManager
05-19 11:24:40.777  1466  2849 W WindowManager: Failed looking up window session=Session{a6b2af4 31200:u0a10164} callers=com.android.server.wm.WindowManagerService.removeClientToken:2127 com.android.server.wm.Session.remove:274 android.view.IWindowSession$Stub.onTransact:693 
05-19 11:24:40.777  1466  1499 E ApplicationHelper: Fail to get PackageManager
05-19 11:24:40.779  1466  1499 E ApplicationHelper: Fail to get PackageManager
05-19 11:24:40.792  1466  1499 E ApplicationHelper: Fail to get PackageManager
05-19 11:24:40.795  1466  1499 E ApplicationHelper: Fail to get PackageManager
05-19 11:24:40.822  1466  3176 E hefenggg: performHapticFeedbackInternal device = 0, opPkg = com.google.android.inputmethod.latin, always = false, constant = 3, reason = View#performHapticFeedback, fromIme = true
05-19 11:24:40.822  1466  3176 E hefenggg: vibrateInternal device = 0, opPkg = com.google.android.inputmethod.latin, effect = Mono{mEffect=Composed{segments=[Prebaked{effect=CLICK, strength=MEDIUM, fallback=true}], repeat=-1}}, reason = performHapticFeedback(constant=3): View#performHapticFeedback, isVirbation = false, mIsCallingOrDisconnected = true
05-19 11:24:40.914  1466  1499 E ApplicationHelper: Fail to get PackageManager
05-19 11:24:40.914  1466  1499 E ApplicationHelper: Fail to get PackageManager
05-19 11:24:41.165  1466  3177 E hefenggg: performHapticFeedbackInternal device = 0, opPkg = com.google.android.inputmethod.latin, always = false, constant = 3, reason = View#performHapticFeedback, fromIme = true
05-19 11:24:41.165  1466  3177 E hefenggg: vibrateInternal device = 0, opPkg = com.google.android.inputmethod.latin, effect = Mono{mEffect=Composed{segments=[Prebaked{effect=CLICK, strength=MEDIUM, fallback=true}], repeat=-1}}, reason = performHapticFeedback(constant=3): View#performHapticFeedback, isVirbation = false, mIsCallingOrDisconnected = true
05-19 11:24:41.235   545 19996 I keystore2: system/security/keystore2/watchdog/src/lib.rs:319 - Watchdog thread idle -> terminating. Have a great day.
05-19 11:24:41.606  1466  3177 E hefenggg: performHapticFeedbackInternal device = 0, opPkg = com.google.android.inputmethod.latin, always = false, constant = 3, reason = View#performHapticFeedback, fromIme = true
05-19 11:24:41.606  1466  3177 E hefenggg: vibrateInternal device = 0, opPkg = com.google.android.inputmethod.latin, effect = Mono{mEffect=Composed{segments=[Prebaked{effect=CLICK, strength=MEDIUM, fallback=true}], repeat=-1}}, reason = performHapticFeedback(constant=3): View#performHapticFeedback, isVirbation = false, mIsCallingOrDisconnected = true
05-19 11:24:41.765  1466  3177 E hefenggg: performHapticFeedbackInternal device = 0, opPkg = com.google.android.inputmethod.latin, always = false, constant = 3, reason = View#performHapticFeedback, fromIme = true
05-19 11:24:41.765  1466  3177 E hefenggg: vibrateInternal device = 0, opPkg = com.google.android.inputmethod.latin, effect = Mono{mEffect=Composed{segments=[Prebaked{effect=CLICK, strength=MEDIUM, fallback=true}], repeat=-1}}, reason = performHapticFeedback(constant=3): View#performHapticFeedback, isVirbation = false, mIsCallingOrDisconnected = true
05-19 11:24:42.008  1466  3177 E hefenggg: performHapticFeedbackInternal device = 0, opPkg = com.google.android.inputmethod.latin, always = false, constant = 3, reason = View#performHapticFeedback, fromIme = true
05-19 11:24:42.008  1466  3177 E hefenggg: vibrateInternal device = 0, opPkg = com.google.android.inputmethod.latin, effect = Mono{mEffect=Composed{segments=[Prebaked{effect=CLICK, strength=MEDIUM, fallback=true}], repeat=-1}}, reason = performHapticFeedback(constant=3): View#performHapticFeedback, isVirbation = false, mIsCallingOrDisconnected = true
05-19 11:24:42.292  1466  3177 E hefenggg: performHapticFeedbackInternal device = 0, opPkg = com.google.android.inputmethod.latin, always = false, constant = 3, reason = View#performHapticFeedback, fromIme = true
05-19 11:24:42.292  1466  3177 E hefenggg: vibrateInternal device = 0, opPkg = com.google.android.inputmethod.latin, effect = Mono{mEffect=Composed{segments=[Prebaked{effect=CLICK, strength=MEDIUM, fallback=true}], repeat=-1}}, reason = performHapticFeedback(constant=3): View#performHapticFeedback, isVirbation = false, mIsCallingOrDisconnected = true
05-19 11:24:42.583  1466  3177 E hefenggg: performHapticFeedbackInternal device = 0, opPkg = com.google.android.inputmethod.latin, always = false, constant = 3, reason = View#performHapticFeedback, fromIme = true
05-19 11:24:42.583  1466  3177 E hefenggg: vibrateInternal device = 0, opPkg = com.google.android.inputmethod.latin, effect = Mono{mEffect=Composed{segments=[Prebaked{effect=CLICK, strength=MEDIUM, fallback=true}], repeat=-1}}, reason = performHapticFeedback(constant=3): View#performHapticFeedback, isVirbation = false, mIsCallingOrDisconnected = true
05-19 11:24:42.847  1466  3177 E hefenggg: performHapticFeedbackInternal device = 0, opPkg = com.google.android.inputmethod.latin, always = false, constant = 3, reason = View#performHapticFeedback, fromIme = true
05-19 11:24:42.847  1466  3177 E hefenggg: vibrateInternal device = 0, opPkg = com.google.android.inputmethod.latin, effect = Mono{mEffect=Composed{segments=[Prebaked{effect=CLICK, strength=MEDIUM, fallback=true}], repeat=-1}}, reason = performHapticFeedback(constant=3): View#performHapticFeedback, isVirbation = false, mIsCallingOrDisconnected = true
05-19 11:24:43.479  1466  3177 E hefenggg: vibrateInternal device = 0, opPkg = android, effect = Mono{mEffect=Composed{segments=[Prebaked{effect=CLICK, strength=MEDIUM, fallback=true}], repeat=-1}}, reason = Virtual Key - Press, isVirbation = false, mIsCallingOrDisconnected = true
05-19 11:24:43.492  1466  1499 E ApplicationHelper: Fail to get PackageManager
05-19 11:24:43.493  1466  1499 E ApplicationHelper: Fail to get PackageManager
05-19 11:24:43.799  1466  1499 E ApplicationHelper: Fail to get PackageManager
05-19 11:24:44.194 20113 20240 W ResourcesManager: Found a null ResourcesImpl, skipped.
05-19 11:24:45.181  1466  1499 E ApplicationHelper: Fail to get PackageManager
05-19 11:24:45.765  1466  2849 E ActivityTaskManager: callerProcess.processName :  com.activitypointsnative
05-19 11:24:45.766  1466  2849 W OptProp : Cannot read opt property android.window.PROPERTY_COMPAT_ALLOW_ORIENTATION_OVERRIDE
05-19 11:24:45.769  1466  1499 E ApplicationHelper: Fail to get PackageManager
05-19 11:24:45.771  1466  1499 E ApplicationHelper: Fail to get PackageManager
05-19 11:24:45.892  1466  2849 W OptProp : Cannot read opt property android.window.PROPERTY_COMPAT_ALLOW_MIN_ASPECT_RATIO_OVERRIDE
05-19 11:24:45.893  1466  2849 W OptProp : Cannot read opt property android.window.PROPERTY_COMPAT_ALLOW_RESIZEABLE_ACTIVITY_OVERRIDES
05-19 11:24:45.901  1466  1466 E MBrainLocalService: notifyAppSwitch failed
05-19 11:24:45.903  1466  2849 I ActivityTaskManager: START u0 {act=android.content.pm.action.REQUEST_PERMISSIONS pkg=com.google.android.permissioncontroller cmp=com.google.android.permissioncontroller/com.android.permissioncontroller.permission.ui.GrantPermissionsActivity (has extras)} with LAUNCH_MULTIPLE from uid 10443 (BAL_ALLOW_VISIBLE_WINDOW) result code=0
05-19 11:24:45.913  1466  1499 E ApplicationHelper: Fail to get PackageManager
05-19 11:24:45.914  1466  2849 W WindowManager: Changing focus from Window{2ae11c4 u0 com.activitypointsnative/com.activitypointsnative.MainActivity} to null displayId=0 Callers=com.android.server.wm.RootWindowContainer.updateFocusedWindowLocked:469 com.android.server.wm.WindowManagerService.updateFocusedWindowLocked:6611 com.android.server.wm.ActivityTaskManagerService.setLastResumedActivityUncheckLocked:5085 com.android.server.wm.ActivityTaskSupervisor.updateTopResumedActivityIfNeeded:2341 
05-19 11:24:45.915  1466  1499 E ApplicationHelper: Fail to get PackageManager
05-19 11:24:45.916  1466  1499 E ApplicationHelper: Fail to get PackageManager
05-19 11:24:45.918  1466  1466 E MBrainLocalService: notifyAppSwitch failed
