--------- beginning of crash
05-19 11:13:41.181 17413 17413 E AndroidRuntime: FATAL EXCEPTION: main
05-19 11:13:41.181 17413 17413 E AndroidRuntime: Process: com.activitypointsnative, PID: 17413
05-19 11:13:41.181 17413 17413 E AndroidRuntime: java.lang.NullPointerException
05-19 11:13:41.181 17413 17413 E AndroidRuntime: 	at H.i.g(r8-map-id-6488f2d3618dfca224ecd9583c89ee7a4c91b9cc95de77496edebb8c5f92f35f:9)
05-19 11:13:41.181 17413 17413 E AndroidRuntime: 	at H.b.b(r8-map-id-6488f2d3618dfca224ecd9583c89ee7a4c91b9cc95de77496edebb8c5f92f35f:11)
05-19 11:13:41.181 17413 17413 E AndroidRuntime: 	at H.d.onSplashScreenExit(r8-map-id-6488f2d3618dfca224ecd9583c89ee7a4c91b9cc95de77496edebb8c5f92f35f:148)
05-19 11:13:41.181 17413 17413 E AndroidRuntime: 	at android.window.SplashScreen$SplashScreenManagerGlobal.dispatchOnExitAnimation(SplashScreen.java:274)
05-19 11:13:41.181 17413 17413 E AndroidRuntime: 	at android.window.SplashScreen$SplashScreenManagerGlobal.handOverSplashScreenView(SplashScreen.java:261)
05-19 11:13:41.181 17413 17413 E AndroidRuntime: 	at android.app.ActivityThread.reportSplashscreenViewShown(ActivityThread.java:4620)
05-19 11:13:41.181 17413 17413 E AndroidRuntime: 	at android.app.ActivityThread.lambda$syncTransferSplashscreenViewTransaction$4(ActivityThread.java:4637)
05-19 11:13:41.181 17413 17413 E AndroidRuntime: 	at android.app.ActivityThread.$r8$lambda$4WJ6ycaJHWhLhvg2pL0uW-b1mR0(Unknown Source:0)
05-19 11:13:41.181 17413 17413 E AndroidRuntime: 	at android.app.ActivityThread$$ExternalSyntheticLambda0.run(D8$$SyntheticClass:0)
05-19 11:13:41.181 17413 17413 E AndroidRuntime: 	at android.view.Choreographer$CallbackRecord.run(Choreographer.java:1571)
05-19 11:13:41.181 17413 17413 E AndroidRuntime: 	at android.view.Choreographer$CallbackRecord.run(Choreographer.java:1580)
05-19 11:13:41.181 17413 17413 E AndroidRuntime: 	at android.view.Choreographer.doCallbacks(Choreographer.java:1143)
05-19 11:13:41.181 17413 17413 E AndroidRuntime: 	at android.view.Choreographer.doFrame(Choreographer.java:1029)
05-19 11:13:41.181 17413 17413 E AndroidRuntime: 	at android.view.Choreographer$FrameDisplayEventReceiver.run(Choreographer.java:1554)
05-19 11:13:41.181 17413 17413 E AndroidRuntime: 	at android.os.Handler.handleCallback(Handler.java:959)
05-19 11:13:41.181 17413 17413 E AndroidRuntime: 	at android.os.Handler.dispatchMessage(Handler.java:100)
05-19 11:13:41.181 17413 17413 E AndroidRuntime: 	at android.os.Looper.loopOnce(Looper.java:232)
05-19 11:13:41.181 17413 17413 E AndroidRuntime: 	at android.os.Looper.loop(Looper.java:317)
05-19 11:13:41.181 17413 17413 E AndroidRuntime: 	at android.app.ActivityThread.main(ActivityThread.java:8758)
05-19 11:13:41.181 17413 17413 E AndroidRuntime: 	at java.lang.reflect.Method.invoke(Native Method)
05-19 11:13:41.181 17413 17413 E AndroidRuntime: 	at com.android.internal.os.RuntimeInit$MethodAndArgsCaller.run(RuntimeInit.java:601)
05-19 11:13:41.181 17413 17413 E AndroidRuntime: 	at com.android.internal.os.ZygoteInit.main(ZygoteInit.java:962)
05-19 11:15:13.408 18107 18107 E AndroidRuntime: FATAL EXCEPTION: main
05-19 11:15:13.408 18107 18107 E AndroidRuntime: Process: com.activitypointsnative, PID: 18107
05-19 11:15:13.408 18107 18107 E AndroidRuntime: java.lang.NullPointerException
05-19 11:15:13.408 18107 18107 E AndroidRuntime: 	at H.i.g(r8-map-id-6488f2d3618dfca224ecd9583c89ee7a4c91b9cc95de77496edebb8c5f92f35f:9)
05-19 11:15:13.408 18107 18107 E AndroidRuntime: 	at H.b.b(r8-map-id-6488f2d3618dfca224ecd9583c89ee7a4c91b9cc95de77496edebb8c5f92f35f:11)
05-19 11:15:13.408 18107 18107 E AndroidRuntime: 	at H.d.onSplashScreenExit(r8-map-id-6488f2d3618dfca224ecd9583c89ee7a4c91b9cc95de77496edebb8c5f92f35f:148)
05-19 11:15:13.408 18107 18107 E AndroidRuntime: 	at android.window.SplashScreen$SplashScreenManagerGlobal.dispatchOnExitAnimation(SplashScreen.java:274)
05-19 11:15:13.408 18107 18107 E AndroidRuntime: 	at android.window.SplashScreen$SplashScreenManagerGlobal.handOverSplashScreenView(SplashScreen.java:261)
05-19 11:15:13.408 18107 18107 E AndroidRuntime: 	at android.app.ActivityThread.reportSplashscreenViewShown(ActivityThread.java:4620)
05-19 11:15:13.408 18107 18107 E AndroidRuntime: 	at android.app.ActivityThread.lambda$syncTransferSplashscreenViewTransaction$4(ActivityThread.java:4637)
05-19 11:15:13.408 18107 18107 E AndroidRuntime: 	at android.app.ActivityThread.$r8$lambda$4WJ6ycaJHWhLhvg2pL0uW-b1mR0(Unknown Source:0)
05-19 11:15:13.408 18107 18107 E AndroidRuntime: 	at android.app.ActivityThread$$ExternalSyntheticLambda0.run(D8$$SyntheticClass:0)
05-19 11:15:13.408 18107 18107 E AndroidRuntime: 	at android.view.Choreographer$CallbackRecord.run(Choreographer.java:1571)
05-19 11:15:13.408 18107 18107 E AndroidRuntime: 	at android.view.Choreographer$CallbackRecord.run(Choreographer.java:1580)
05-19 11:15:13.408 18107 18107 E AndroidRuntime: 	at android.view.Choreographer.doCallbacks(Choreographer.java:1143)
05-19 11:15:13.408 18107 18107 E AndroidRuntime: 	at android.view.Choreographer.doFrame(Choreographer.java:1029)
05-19 11:15:13.408 18107 18107 E AndroidRuntime: 	at android.view.Choreographer$FrameDisplayEventReceiver.run(Choreographer.java:1554)
05-19 11:15:13.408 18107 18107 E AndroidRuntime: 	at android.os.Handler.handleCallback(Handler.java:959)
05-19 11:15:13.408 18107 18107 E AndroidRuntime: 	at android.os.Handler.dispatchMessage(Handler.java:100)
05-19 11:15:13.408 18107 18107 E AndroidRuntime: 	at android.os.Looper.loopOnce(Looper.java:232)
05-19 11:15:13.408 18107 18107 E AndroidRuntime: 	at android.os.Looper.loop(Looper.java:317)
05-19 11:15:13.408 18107 18107 E AndroidRuntime: 	at android.app.ActivityThread.main(ActivityThread.java:8758)
05-19 11:15:13.408 18107 18107 E AndroidRuntime: 	at java.lang.reflect.Method.invoke(Native Method)
05-19 11:15:13.408 18107 18107 E AndroidRuntime: 	at com.android.internal.os.RuntimeInit$MethodAndArgsCaller.run(RuntimeInit.java:601)
05-19 11:15:13.408 18107 18107 E AndroidRuntime: 	at com.android.internal.os.ZygoteInit.main(ZygoteInit.java:962)
05-19 14:37:40.212 24439 24439 E AndroidRuntime: FATAL EXCEPTION: main
05-19 14:37:40.212 24439 24439 E AndroidRuntime: Process: com.forge.rin, PID: 24439
05-19 14:37:40.212 24439 24439 E AndroidRuntime: android.runtime.JavaProxyThrowable: [System.ObjectDisposedException]: ObjectDisposed_Generic
05-19 14:37:40.212 24439 24439 E AndroidRuntime: ObjectDisposed_ObjectName_Name, IServiceProvider
05-19 14:37:40.212 24439 24439 E AndroidRuntime: 	at Microsoft.Extensions.DependencyInjection.ServiceLookup.ThrowHelper.ThrowObjectDisposedException + 0x0(Unknown Source)
05-19 14:37:40.212 24439 24439 E AndroidRuntime: 	at Microsoft.Extensions.DependencyInjection.ServiceLookup.ServiceProviderEngineScope.GetService(Unknown Source)
05-19 14:37:40.212 24439 24439 E AndroidRuntime: 	at Microsoft.Maui.MauiContext+WrappedServiceProvider.GetService(Unknown Source)
05-19 14:37:40.212 24439 24439 E AndroidRuntime: 	at Microsoft.Maui.MauiContext+WrappedServiceProvider.GetService(Unknown Source)
05-19 14:37:40.212 24439 24439 E AndroidRuntime: 	at Microsoft.Extensions.DependencyInjection.ServiceProviderServiceExtensions.GetRequiredService(Unknown Source)
05-19 14:37:40.212 24439 24439 E AndroidRuntime: 	at Microsoft.Extensions.DependencyInjection.ServiceProviderServiceExtensions.GetRequiredService(Unknown Source)
05-19 14:37:40.212 24439 24439 E AndroidRuntime: 	at Microsoft.Maui.MauiContextExtensions.GetDispatcher + 0x6(Unknown Source)
05-19 14:37:40.212 24439 24439 E AndroidRuntime: 	at Microsoft.Maui.Controls.Platform.Compatibility.ShellFragmentContainer.OnDestroy + 0x0(Unknown Source)
05-19 14:37:40.212 24439 24439 E AndroidRuntime: 	at AndroidX.Fragment.App.Fragment.n_OnDestroy + 0x16(Unknown Source)
05-19 14:37:40.212 24439 24439 E AndroidRuntime: 	at System.Runtime.ExceptionServices.ExceptionDispatchInfo.Throw(Unknown Source)
05-19 14:37:40.212 24439 24439 E AndroidRuntime: 	at Java.Interop.JniEnvironment+InstanceMethods.CallNonvirtualVoidMethod + 0x8c(Unknown Source)
05-19 14:37:40.212 24439 24439 E AndroidRuntime: 	at Java.Interop.JniPeerMembers+JniInstanceMethods.InvokeVirtualVoidMethod(Unknown Source)
05-19 14:37:40.212 24439 24439 E AndroidRuntime: 	at Android.App.Activity.OnDestroy + 0xa(Unknown Source)
05-19 14:37:40.212 24439 24439 E AndroidRuntime: 	at Microsoft.Maui.MauiAppCompatActivity.OnDestroy + 0x3d(Unknown Source)
05-19 14:37:40.212 24439 24439 E AndroidRuntime: 	at Android.App.Activity.n_OnDestroy + 0x16(Unknown Source)
05-19 14:37:40.212 24439 24439 E AndroidRuntime: 	at crc6488302ad6e9e4df1a.MauiAppCompatActivity.n_onDestroy(Native Method)
05-19 14:37:40.212 24439 24439 E AndroidRuntime: 	at crc6488302ad6e9e4df1a.MauiAppCompatActivity.onDestroy(MauiAppCompatActivity.java:35)
05-19 14:37:40.212 24439 24439 E AndroidRuntime: 	at android.app.Activity.performDestroy(Activity.java:9293)
05-19 14:37:40.212 24439 24439 E AndroidRuntime: 	at android.app.Instrumentation.callActivityOnDestroy(Instrumentation.java:1561)
05-19 14:37:40.212 24439 24439 E AndroidRuntime: 	at android.app.ActivityThread.performDestroyActivity(ActivityThread.java:6001)
05-19 14:37:40.212 24439 24439 E AndroidRuntime: 	at android.app.ActivityThread.handleDestroyActivity(ActivityThread.java:6046)
05-19 14:37:40.212 24439 24439 E AndroidRuntime: 	at android.app.servertransaction.DestroyActivityItem.execute(DestroyActivityItem.java:46)
05-19 14:37:40.212 24439 24439 E AndroidRuntime: 	at android.app.servertransaction.ActivityTransactionItem.execute(ActivityTransactionItem.java:60)
05-19 14:37:40.212 24439 24439 E AndroidRuntime: 	at android.app.servertransaction.TransactionExecutor.executeLifecycleItem(TransactionExecutor.java:225)
05-19 14:37:40.212 24439 24439 E AndroidRuntime: 	at android.app.servertransaction.TransactionExecutor.executeTransactionItems(TransactionExecutor.java:107)
05-19 14:37:40.212 24439 24439 E AndroidRuntime: 	at android.app.servertransaction.TransactionExecutor.execute(TransactionExecutor.java:81)
05-19 14:37:40.212 24439 24439 E AndroidRuntime: 	at android.app.ActivityThread$H.handleMessage(ActivityThread.java:2678)
05-19 14:37:40.212 24439 24439 E AndroidRuntime: 	at android.os.Handler.dispatchMessage(Handler.java:107)
05-19 14:37:40.212 24439 24439 E AndroidRuntime: 	at android.os.Looper.loopOnce(Looper.java:232)
05-19 14:37:40.212 24439 24439 E AndroidRuntime: 	at android.os.Looper.loop(Looper.java:317)
05-19 14:37:40.212 24439 24439 E AndroidRuntime: 	at android.app.ActivityThread.main(ActivityThread.java:8758)
05-19 14:37:40.212 24439 24439 E AndroidRuntime: 	at java.lang.reflect.Method.invoke(Native Method)
05-19 14:37:40.212 24439 24439 E AndroidRuntime: 	at com.android.internal.os.RuntimeInit$MethodAndArgsCaller.run(RuntimeInit.java:601)
05-19 14:37:40.212 24439 24439 E AndroidRuntime: 	at com.android.internal.os.ZygoteInit.main(ZygoteInit.java:962)
05-19 18:14:55.257 12250 12250 E AndroidRuntime: FATAL EXCEPTION: main
05-19 18:14:55.257 12250 12250 E AndroidRuntime: Process: com.forge.rin, PID: 12250
05-19 18:14:55.257 12250 12250 E AndroidRuntime: android.runtime.JavaProxyThrowable: [System.ObjectDisposedException]: ObjectDisposed_Generic
05-19 18:14:55.257 12250 12250 E AndroidRuntime: ObjectDisposed_ObjectName_Name, IServiceProvider
05-19 18:14:55.257 12250 12250 E AndroidRuntime: 	at Microsoft.Extensions.DependencyInjection.ServiceLookup.ThrowHelper.ThrowObjectDisposedException + 0x0(Unknown Source)
05-19 18:14:55.257 12250 12250 E AndroidRuntime: 	at Microsoft.Extensions.DependencyInjection.ServiceLookup.ServiceProviderEngineScope.GetService(Unknown Source)
05-19 18:14:55.257 12250 12250 E AndroidRuntime: 	at Microsoft.Maui.MauiContext+WrappedServiceProvider.GetService(Unknown Source)
05-19 18:14:55.257 12250 12250 E AndroidRuntime: 	at Microsoft.Maui.MauiContext+WrappedServiceProvider.GetService(Unknown Source)
05-19 18:14:55.257 12250 12250 E AndroidRuntime: 	at Microsoft.Extensions.DependencyInjection.ServiceProviderServiceExtensions.GetRequiredService(Unknown Source)
05-19 18:14:55.257 12250 12250 E AndroidRuntime: 	at Microsoft.Extensions.DependencyInjection.ServiceProviderServiceExtensions.GetRequiredService(Unknown Source)
05-19 18:14:55.257 12250 12250 E AndroidRuntime: 	at Microsoft.Maui.MauiContextExtensions.GetDispatcher + 0x6(Unknown Source)
05-19 18:14:55.257 12250 12250 E AndroidRuntime: 	at Microsoft.Maui.Controls.Platform.Compatibility.ShellFragmentContainer.OnDestroy + 0x0(Unknown Source)
05-19 18:14:55.257 12250 12250 E AndroidRuntime: 	at AndroidX.Fragment.App.Fragment.n_OnDestroy + 0x16(Unknown Source)
05-19 18:14:55.257 12250 12250 E AndroidRuntime: 	at System.Runtime.ExceptionServices.ExceptionDispatchInfo.Throw(Unknown Source)
05-19 18:14:55.257 12250 12250 E AndroidRuntime: 	at Java.Interop.JniEnvironment+InstanceMethods.CallNonvirtualVoidMethod + 0x8c(Unknown Source)
05-19 18:14:55.257 12250 12250 E AndroidRuntime: 	at Java.Interop.JniPeerMembers+JniInstanceMethods.InvokeVirtualVoidMethod(Unknown Source)
05-19 18:14:55.257 12250 12250 E AndroidRuntime: 	at Android.App.Activity.OnDestroy + 0xa(Unknown Source)
05-19 18:14:55.257 12250 12250 E AndroidRuntime: 	at Microsoft.Maui.MauiAppCompatActivity.OnDestroy + 0x3d(Unknown Source)
05-19 18:14:55.257 12250 12250 E AndroidRuntime: 	at Android.App.Activity.n_OnDestroy + 0x16(Unknown Source)
05-19 18:14:55.257 12250 12250 E AndroidRuntime: 	at crc6488302ad6e9e4df1a.MauiAppCompatActivity.n_onDestroy(Native Method)
05-19 18:14:55.257 12250 12250 E AndroidRuntime: 	at crc6488302ad6e9e4df1a.MauiAppCompatActivity.onDestroy(MauiAppCompatActivity.java:35)
05-19 18:14:55.257 12250 12250 E AndroidRuntime: 	at android.app.Activity.performDestroy(Activity.java:9293)
05-19 18:14:55.257 12250 12250 E AndroidRuntime: 	at android.app.Instrumentation.callActivityOnDestroy(Instrumentation.java:1561)
05-19 18:14:55.257 12250 12250 E AndroidRuntime: 	at android.app.ActivityThread.performDestroyActivity(ActivityThread.java:6001)
05-19 18:14:55.257 12250 12250 E AndroidRuntime: 	at android.app.ActivityThread.handleDestroyActivity(ActivityThread.java:6046)
05-19 18:14:55.257 12250 12250 E AndroidRuntime: 	at android.app.servertransaction.DestroyActivityItem.execute(DestroyActivityItem.java:46)
05-19 18:14:55.257 12250 12250 E AndroidRuntime: 	at android.app.servertransaction.ActivityTransactionItem.execute(ActivityTransactionItem.java:60)
05-19 18:14:55.257 12250 12250 E AndroidRuntime: 	at android.app.servertransaction.TransactionExecutor.executeLifecycleItem(TransactionExecutor.java:225)
05-19 18:14:55.257 12250 12250 E AndroidRuntime: 	at android.app.servertransaction.TransactionExecutor.executeTransactionItems(TransactionExecutor.java:107)
05-19 18:14:55.257 12250 12250 E AndroidRuntime: 	at android.app.servertransaction.TransactionExecutor.execute(TransactionExecutor.java:81)
05-19 18:14:55.257 12250 12250 E AndroidRuntime: 	at android.app.ActivityThread$H.handleMessage(ActivityThread.java:2678)
05-19 18:14:55.257 12250 12250 E AndroidRuntime: 	at android.os.Handler.dispatchMessage(Handler.java:107)
05-19 18:14:55.257 12250 12250 E AndroidRuntime: 	at android.os.Looper.loopOnce(Looper.java:232)
05-19 18:14:55.257 12250 12250 E AndroidRuntime: 	at android.os.Looper.loop(Looper.java:317)
05-19 18:14:55.257 12250 12250 E AndroidRuntime: 	at android.app.ActivityThread.main(ActivityThread.java:8758)
05-19 18:14:55.257 12250 12250 E AndroidRuntime: 	at java.lang.reflect.Method.invoke(Native Method)
05-19 18:14:55.257 12250 12250 E AndroidRuntime: 	at com.android.internal.os.RuntimeInit$MethodAndArgsCaller.run(RuntimeInit.java:601)
05-19 18:14:55.257 12250 12250 E AndroidRuntime: 	at com.android.internal.os.ZygoteInit.main(ZygoteInit.java:962)
05-20 23:10:57.707 22693 22693 E AndroidRuntime: FATAL EXCEPTION: main
05-20 23:10:57.707 22693 22693 E AndroidRuntime: Process: com.forge.rin, PID: 22693
05-20 23:10:57.707 22693 22693 E AndroidRuntime: android.runtime.JavaProxyThrowable: [System.ObjectDisposedException]: ObjectDisposed_Generic
05-20 23:10:57.707 22693 22693 E AndroidRuntime: ObjectDisposed_ObjectName_Name, IServiceProvider
05-20 23:10:57.707 22693 22693 E AndroidRuntime: 	at Microsoft.Extensions.DependencyInjection.ServiceLookup.ThrowHelper.ThrowObjectDisposedException + 0x0(Unknown Source)
05-20 23:10:57.707 22693 22693 E AndroidRuntime: 	at Microsoft.Extensions.DependencyInjection.ServiceLookup.ServiceProviderEngineScope.GetService(Unknown Source)
05-20 23:10:57.707 22693 22693 E AndroidRuntime: 	at Microsoft.Maui.MauiContext+WrappedServiceProvider.GetService(Unknown Source)
05-20 23:10:57.707 22693 22693 E AndroidRuntime: 	at Microsoft.Maui.MauiContext+WrappedServiceProvider.GetService(Unknown Source)
05-20 23:10:57.707 22693 22693 E AndroidRuntime: 	at Microsoft.Extensions.DependencyInjection.ServiceProviderServiceExtensions.GetRequiredService(Unknown Source)
05-20 23:10:57.707 22693 22693 E AndroidRuntime: 	at Microsoft.Extensions.DependencyInjection.ServiceProviderServiceExtensions.GetRequiredService(Unknown Source)
05-20 23:10:57.707 22693 22693 E AndroidRuntime: 	at Microsoft.Maui.MauiContextExtensions.GetDispatcher + 0x6(Unknown Source)
05-20 23:10:57.707 22693 22693 E AndroidRuntime: 	at Microsoft.Maui.Controls.Platform.Compatibility.ShellFragmentContainer.OnDestroy + 0x0(Unknown Source)
05-20 23:10:57.707 22693 22693 E AndroidRuntime: 	at AndroidX.Fragment.App.Fragment.n_OnDestroy + 0x16(Unknown Source)
05-20 23:10:57.707 22693 22693 E AndroidRuntime: 	at System.Runtime.ExceptionServices.ExceptionDispatchInfo.Throw(Unknown Source)
05-20 23:10:57.707 22693 22693 E AndroidRuntime: 	at Java.Interop.JniEnvironment+InstanceMethods.CallNonvirtualVoidMethod + 0x8c(Unknown Source)
05-20 23:10:57.707 22693 22693 E AndroidRuntime: 	at Java.Interop.JniPeerMembers+JniInstanceMethods.InvokeVirtualVoidMethod(Unknown Source)
05-20 23:10:57.707 22693 22693 E AndroidRuntime: 	at Android.App.Activity.OnDestroy + 0xa(Unknown Source)
05-20 23:10:57.707 22693 22693 E AndroidRuntime: 	at Microsoft.Maui.MauiAppCompatActivity.OnDestroy + 0x3d(Unknown Source)
05-20 23:10:57.707 22693 22693 E AndroidRuntime: 	at Android.App.Activity.n_OnDestroy + 0x16(Unknown Source)
05-20 23:10:57.707 22693 22693 E AndroidRuntime: 	at crc6488302ad6e9e4df1a.MauiAppCompatActivity.n_onDestroy(Native Method)
05-20 23:10:57.707 22693 22693 E AndroidRuntime: 	at crc6488302ad6e9e4df1a.MauiAppCompatActivity.onDestroy(MauiAppCompatActivity.java:35)
05-20 23:10:57.707 22693 22693 E AndroidRuntime: 	at android.app.Activity.performDestroy(Activity.java:9293)
05-20 23:10:57.707 22693 22693 E AndroidRuntime: 	at android.app.Instrumentation.callActivityOnDestroy(Instrumentation.java:1561)
05-20 23:10:57.707 22693 22693 E AndroidRuntime: 	at android.app.ActivityThread.performDestroyActivity(ActivityThread.java:6001)
05-20 23:10:57.707 22693 22693 E AndroidRuntime: 	at android.app.ActivityThread.handleDestroyActivity(ActivityThread.java:6046)
05-20 23:10:57.707 22693 22693 E AndroidRuntime: 	at android.app.servertransaction.DestroyActivityItem.execute(DestroyActivityItem.java:46)
05-20 23:10:57.707 22693 22693 E AndroidRuntime: 	at android.app.servertransaction.ActivityTransactionItem.execute(ActivityTransactionItem.java:60)
05-20 23:10:57.707 22693 22693 E AndroidRuntime: 	at android.app.servertransaction.TransactionExecutor.executeLifecycleItem(TransactionExecutor.java:225)
05-20 23:10:57.707 22693 22693 E AndroidRuntime: 	at android.app.servertransaction.TransactionExecutor.executeTransactionItems(TransactionExecutor.java:107)
05-20 23:10:57.707 22693 22693 E AndroidRuntime: 	at android.app.servertransaction.TransactionExecutor.execute(TransactionExecutor.java:81)
05-20 23:10:57.707 22693 22693 E AndroidRuntime: 	at android.app.ActivityThread$H.handleMessage(ActivityThread.java:2678)
05-20 23:10:57.707 22693 22693 E AndroidRuntime: 	at android.os.Handler.dispatchMessage(Handler.java:107)
05-20 23:10:57.707 22693 22693 E AndroidRuntime: 	at android.os.Looper.loopOnce(Looper.java:232)
05-20 23:10:57.707 22693 22693 E AndroidRuntime: 	at android.os.Looper.loop(Looper.java:317)
05-20 23:10:57.707 22693 22693 E AndroidRuntime: 	at android.app.ActivityThread.main(ActivityThread.java:8758)
05-20 23:10:57.707 22693 22693 E AndroidRuntime: 	at java.lang.reflect.Method.invoke(Native Method)
05-20 23:10:57.707 22693 22693 E AndroidRuntime: 	at com.android.internal.os.RuntimeInit$MethodAndArgsCaller.run(RuntimeInit.java:601)
05-20 23:10:57.707 22693 22693 E AndroidRuntime: 	at com.android.internal.os.ZygoteInit.main(ZygoteInit.java:962)
05-21 23:19:52.232  6915  6915 E AndroidRuntime: FATAL EXCEPTION: main
05-21 23:19:52.232  6915  6915 E AndroidRuntime: Process: com.android.settings, PID: 6915
05-21 23:19:52.232  6915  6915 E AndroidRuntime: java.lang.IllegalStateException: Recording currently in progress - missing #endRecording() call?
05-21 23:19:52.232  6915  6915 E AndroidRuntime: 	at android.graphics.RenderNode.beginRecording(RenderNode.java:484)
05-21 23:19:52.232  6915  6915 E AndroidRuntime: 	at android.graphics.RenderNode.beginRecording(RenderNode.java:503)
05-21 23:19:52.232  6915  6915 E AndroidRuntime: 	at androidx.compose.ui.graphics.layer.GraphicsLayerV29.record(GraphicsLayerV29.android.kt:225)
05-21 23:19:52.232  6915  6915 E AndroidRuntime: 	at androidx.compose.ui.graphics.layer.GraphicsLayer.recordInternal(AndroidGraphicsLayer.android.kt:432)
05-21 23:19:52.232  6915  6915 E AndroidRuntime: 	at androidx.compose.ui.graphics.layer.GraphicsLayer.record-mL-hObY(AndroidGraphicsLayer.android.kt:425)
05-21 23:19:52.232  6915  6915 E AndroidRuntime: 	at androidx.compose.ui.platform.GraphicsLayerOwnerLayer.updateDisplayList(GraphicsLayerOwnerLayer.android.kt:237)
05-21 23:19:52.232  6915  6915 E AndroidRuntime: 	at androidx.compose.ui.platform.AndroidComposeView.dispatchDraw(AndroidComposeView.android.kt:1570)
05-21 23:19:52.232  6915  6915 E AndroidRuntime: 	at android.view.View.draw(View.java:24969)
05-21 23:19:52.232  6915  6915 E AndroidRuntime: 	at android.view.View.updateDisplayListIfDirty(View.java:23772)
05-21 23:19:52.232  6915  6915 E AndroidRuntime: 	at android.view.View.draw(View.java:24679)
05-21 23:19:52.232  6915  6915 E AndroidRuntime: 	at android.view.ViewGroup.drawChild(ViewGroup.java:4597)
05-21 23:19:52.232  6915  6915 E AndroidRuntime: 	at android.view.ViewGroup.dispatchDraw(ViewGroup.java:4358)
05-21 23:19:52.232  6915  6915 E AndroidRuntime: 	at android.view.View.updateDisplayListIfDirty(View.java:23763)
05-21 23:19:52.232  6915  6915 E AndroidRuntime: 	at android.view.View.draw(View.java:24679)
05-21 23:19:52.232  6915  6915 E AndroidRuntime: 	at android.view.ViewGroup.drawChild(ViewGroup.java:4597)
05-21 23:19:52.232  6915  6915 E AndroidRuntime: 	at android.view.ViewGroup.dispatchDraw(ViewGroup.java:4358)
05-21 23:19:52.232  6915  6915 E AndroidRuntime: 	at android.view.View.updateDisplayListIfDirty(View.java:23763)
05-21 23:19:52.232  6915  6915 E AndroidRuntime: 	at android.view.View.draw(View.java:24679)
05-21 23:19:52.232  6915  6915 E AndroidRuntime: 	at android.view.ViewGroup.drawChild(ViewGroup.java:4597)
05-21 23:19:52.232  6915  6915 E AndroidRuntime: 	at android.view.ViewGroup.dispatchDraw(ViewGroup.java:4358)
05-21 23:19:52.232  6915  6915 E AndroidRuntime: 	at android.view.View.updateDisplayListIfDirty(View.java:23763)
05-21 23:19:52.232  6915  6915 E AndroidRuntime: 	at android.view.View.draw(View.java:24679)
05-21 23:19:52.232  6915  6915 E AndroidRuntime: 	at android.view.ViewGroup.drawChild(ViewGroup.java:4597)
05-21 23:19:52.232  6915  6915 E AndroidRuntime: 	at android.view.ViewGroup.dispatchDraw(ViewGroup.java:4358)
05-21 23:19:52.232  6915  6915 E AndroidRuntime: 	at android.view.View.draw(View.java:24969)
05-21 23:19:52.232  6915  6915 E AndroidRuntime: 	at com.android.internal.policy.DecorView.draw(DecorView.java:778)
05-21 23:19:52.232  6915  6915 E AndroidRuntime: 	at android.view.View.updateDisplayListIfDirty(View.java:23772)
05-21 23:19:52.232  6915  6915 E AndroidRuntime: 	at android.view.ThreadedRenderer.updateViewTreeDisplayList(ThreadedRenderer.java:711)
05-21 23:19:52.232  6915  6915 E AndroidRuntime: 	at android.view.ThreadedRenderer.updateRootDisplayList(ThreadedRenderer.java:717)
05-21 23:19:52.232  6915  6915 E AndroidRuntime: 	at android.view.ThreadedRenderer.draw(ThreadedRenderer.java:815)
05-21 23:19:52.232  6915  6915 E AndroidRuntime: 	at android.view.ViewRootImpl.draw(ViewRootImpl.java:5838)
05-21 23:19:52.232  6915  6915 E AndroidRuntime: 	at android.view.ViewRootImpl.performDraw(ViewRootImpl.java:5479)
05-21 23:19:52.232  6915  6915 E AndroidRuntime: 	at android.view.ViewRootImpl.performTraversals(ViewRootImpl.java:4456)
05-21 23:19:52.232  6915  6915 E AndroidRuntime: 	at android.view.ViewRootImpl.doTraversal(ViewRootImpl.java:3039)
05-21 23:19:52.232  6915  6915 E AndroidRuntime: 	at android.view.ViewRootImpl$TraversalRunnable.run(ViewRootImpl.java:10661)
05-21 23:19:52.232  6915  6915 E AndroidRuntime: 	at android.view.Choreographer$CallbackRecord.run(Choreographer.java:1571)
05-21 23:19:52.232  6915  6915 E AndroidRuntime: 	at android.view.Choreographer$CallbackRecord.run(Choreographer.java:1580)
05-21 23:19:52.232  6915  6915 E AndroidRuntime: 	at android.view.Choreographer.doCallbacks(Choreographer.java:1143)
05-21 23:19:52.232  6915  6915 E AndroidRuntime: 	at android.view.Choreographer.doFrame(Choreographer.java:1035)
05-21 23:19:52.232  6915  6915 E AndroidRuntime: 	at android.view.Choreographer$FrameDisplayEventReceiver.run(Choreographer.java:1554)
05-21 23:19:52.232  6915  6915 E AndroidRuntime: 	at android.os.Handler.handleCallback(Handler.java:959)
05-21 23:19:52.232  6915  6915 E AndroidRuntime: 	at android.os.Handler.dispatchMessage(Handler.java:100)
05-21 23:19:52.232  6915  6915 E AndroidRuntime: 	at android.os.Looper.loopOnce(Looper.java:232)
05-21 23:19:52.232  6915  6915 E AndroidRuntime: 	at android.os.Looper.loop(Looper.java:317)
05-21 23:19:52.232  6915  6915 E AndroidRuntime: 	at android.app.ActivityThread.main(ActivityThread.java:8758)
05-21 23:19:52.232  6915  6915 E AndroidRuntime: 	at java.lang.reflect.Method.invoke(Native Method)
05-21 23:19:52.232  6915  6915 E AndroidRuntime: 	at com.android.internal.os.RuntimeInit$MethodAndArgsCaller.run(RuntimeInit.java:601)
05-21 23:19:52.232  6915  6915 E AndroidRuntime: 	at com.android.internal.os.ZygoteInit.main(ZygoteInit.java:962)
--------- beginning of system
05-22 01:13:26.031  1466  1715 E HandwritingModeController: Cannot get requestId: Handwriting was not initialized.
05-22 01:13:26.145  1466  1499 E ApplicationHelper: Fail to get PackageManager
05-22 01:13:26.146  1466  1499 E ApplicationHelper: Fail to get PackageManager
05-22 01:13:26.190  1466  1665 E hefenggg: vibrateInternal device = 0, opPkg = com.android.launcher3, effect = Mono{mEffect=Composed{segments=[Prebaked{effect=TEXTURE_TICK, strength=MEDIUM, fallback=true}], repeat=-1}}, reason = null, isVirbation = false, mIsCallingOrDisconnected = true
05-22 01:13:26.548  1466  1499 E ApplicationHelper: Fail to get PackageManager
05-22 01:13:26.548  1466  1499 E ApplicationHelper: Fail to get PackageManager
05-22 01:13:26.548  1466  1499 E ApplicationHelper: Fail to get PackageManager
05-22 01:13:26.548  1466  1499 E ApplicationHelper: Fail to get PackageManager
05-22 01:13:26.548  1466  1499 E ApplicationHelper: Fail to get PackageManager
05-22 01:13:26.548  1466  1499 E ApplicationHelper: Fail to get PackageManager
05-22 01:13:26.548  1466  1499 E ApplicationHelper: Fail to get PackageManager
05-22 01:13:26.548  1466  1499 E ApplicationHelper: Fail to get PackageManager
05-22 01:13:26.550  1466  1499 E ApplicationHelper: Fail to get PackageManager
05-22 01:13:26.770  1466  3154 E ActivityTaskManager: mRecentFingerAppLockParam.isSelectAppStatus++++++>>>false
05-22 01:13:26.773  1466  1466 E MBrainLocalService: notifyAppSwitch failed
05-22 01:13:26.779  1466  1466 E MBrainLocalService: notifyAppSwitch failed
05-22 01:13:26.779  1466  1499 E ApplicationHelper: Fail to get PackageManager
05-22 01:13:26.788  1466  1499 E ApplicationHelper: Fail to get PackageManager
05-22 01:13:26.788  1466  1499 E ApplicationHelper: Fail to get PackageManager
05-22 01:13:26.789  1466  1499 E ApplicationHelper: Fail to get PackageManager
05-22 01:13:26.789  1466  1499 E ApplicationHelper: Fail to get PackageManager
05-22 01:13:26.789  1466  1499 E ApplicationHelper: Fail to get PackageManager
05-22 01:13:26.789  1466  1499 E ApplicationHelper: Fail to get PackageManager
05-22 01:13:26.789  1466  1499 E ApplicationHelper: Fail to get PackageManager
05-22 01:13:26.789  1466  1499 E ApplicationHelper: Fail to get PackageManager
05-22 01:13:27.140  1466  1499 E ApplicationHelper: Fail to get PackageManager
05-22 01:13:27.140  1466  1499 E ApplicationHelper: Fail to get PackageManager
05-22 01:13:27.140  1466  1499 E ApplicationHelper: Fail to get PackageManager
05-22 01:13:27.155  1466  1499 E ApplicationHelper: Fail to get PackageManager
05-22 01:13:27.160  1466  1499 E ApplicationHelper: Fail to get PackageManager
05-22 01:13:29.187  1466  1665 E hefenggg: vibrateInternal device = 0, opPkg = android, effect = Mono{mEffect=Composed{segments=[Prebaked{effect=CLICK, strength=MEDIUM, fallback=true}], repeat=-1}}, reason = Virtual Key - Press, isVirbation = false, mIsCallingOrDisconnected = true
05-22 01:13:29.569  1466  1665 E hefenggg: vibrateInternal device = 0, opPkg = android, effect = Mono{mEffect=Composed{segments=[Prebaked{effect=CLICK, strength=MEDIUM, fallback=true}], repeat=-1}}, reason = Virtual Key - Press, isVirbation = false, mIsCallingOrDisconnected = true
05-22 01:13:29.635  1466  1466 E MBrainLocalService: notifyAppSwitch failed
05-22 01:13:29.642  1466  1499 E ApplicationHelper: Fail to get PackageManager
05-22 01:13:29.642  1466  1499 E ApplicationHelper: Fail to get PackageManager
05-22 01:13:29.642  1466  1499 E ApplicationHelper: Fail to get PackageManager
05-22 01:13:29.645  1466  1466 E MBrainLocalService: notifyAppSwitch failed
05-22 01:13:29.647  1466  1499 E ApplicationHelper: Fail to get PackageManager
05-22 01:13:29.648  1466  1499 E ApplicationHelper: Fail to get PackageManager
05-22 01:13:30.361  1466  1499 E ApplicationHelper: Fail to get PackageManager
05-22 01:13:30.391  1466  1499 E ApplicationHelper: Fail to get PackageManager
05-22 01:13:30.392  1466  1499 E ApplicationHelper: Fail to get PackageManager
05-22 01:13:30.726  1466  1662 E hefenggg: performHapticFeedbackInternal device = 0, opPkg = com.android.launcher3, always = false, constant = 0, reason = View#performHapticFeedback, fromIme = false
05-22 01:13:30.726  1466  1662 E hefenggg: vibrateInternal device = 0, opPkg = com.android.launcher3, effect = Mono{mEffect=Composed{segments=[Prebaked{effect=HEAVY_CLICK, strength=MEDIUM, fallback=true}], repeat=-1}}, reason = performHapticFeedback(constant=0): View#performHapticFeedback, isVirbation = false, mIsCallingOrDisconnected = true
05-22 01:13:30.837  1466  1499 E ApplicationHelper: Fail to get PackageManager
05-22 01:13:30.838  1466  1499 E ApplicationHelper: Fail to get PackageManager
05-22 01:13:31.196  1466  1996 E ActivityTaskManager: callerProcess.processName :  com.android.launcher3
05-22 01:13:31.205  1466  1466 E MBrainLocalService: notifyAppSwitch failed
05-22 01:13:31.205  1466  1499 E ApplicationHelper: Fail to get PackageManager
05-22 01:13:31.220  1466  1499 E ApplicationHelper: Fail to get PackageManager
05-22 01:13:31.246  1466  1499 E ApplicationHelper: Fail to get PackageManager
05-22 01:13:31.294  1466  1466 E MBrainLocalService: notifyAppSwitch failed
05-22 01:13:31.399  1466  1662 E ActivityTaskManager: callerProcess.processName :  com.android.settings
05-22 01:13:31.403  1466  1466 E MBrainLocalService: notifyAppSwitch failed
05-22 01:13:31.645  1466  1499 E ApplicationHelper: Fail to get PackageManager
05-22 01:13:31.703  1466  1466 E MBrainLocalService: notifyAppSwitch failed
05-22 01:13:31.709  1466  1499 E ApplicationHelper: Fail to get PackageManager
05-22 01:13:31.711  1466  1499 E ApplicationHelper: Fail to get PackageManager
05-22 01:13:31.715  1466  1466 E MBrainLocalService: notifyAppSwitch failed
05-22 01:13:31.728  1466  1499 E ApplicationHelper: Fail to get PackageManager
05-22 01:13:31.728  1466  1499 E ApplicationHelper: Fail to get PackageManager
05-22 01:13:31.900  1466  1499 E ApplicationHelper: Fail to get PackageManager
05-22 01:13:31.900  1466  1499 E ApplicationHelper: Fail to get PackageManager
05-22 01:13:32.463  1466  2153 E ActivityTaskManager: callerProcess.processName :  com.android.settings
05-22 01:13:32.476  1466  1499 E ApplicationHelper: Fail to get PackageManager
05-22 01:13:32.565  1466  1499 E ApplicationHelper: Fail to get PackageManager
05-22 01:13:32.594  1466  1499 E ApplicationHelper: Fail to get PackageManager
05-22 01:13:33.064  1466  1499 E ApplicationHelper: Fail to get PackageManager
05-22 01:13:33.068  1466  1499 E ApplicationHelper: Fail to get PackageManager
05-22 01:13:35.411  1466  1665 E hefenggg: vibrateInternal device = 0, opPkg = android, effect = Mono{mEffect=Composed{segments=[Prebaked{effect=CLICK, strength=MEDIUM, fallback=true}], repeat=-1}}, reason = Virtual Key - Press, isVirbation = false, mIsCallingOrDisconnected = true
05-22 01:13:35.511  1466  1466 E MBrainLocalService: notifyAppSwitch failed
05-22 01:13:35.514  1466  1499 E ApplicationHelper: Fail to get PackageManager
05-22 01:13:35.515  1466  1499 E ApplicationHelper: Fail to get PackageManager
05-22 01:13:35.515  1466  1499 E ApplicationHelper: Fail to get PackageManager
05-22 01:13:35.519  1466  1499 E ApplicationHelper: Fail to get PackageManager
05-22 01:13:35.613  1466  1665 E hefenggg: performHapticFeedbackInternal device = 0, opPkg = com.android.systemui, always = false, constant = 1, reason = View#performHapticFeedback, fromIme = false
05-22 01:13:35.614  1466  1665 E hefenggg: vibrateInternal device = 0, opPkg = com.android.systemui, effect = Mono{mEffect=Composed{segments=[Prebaked{effect=CLICK, strength=MEDIUM, fallback=true}], repeat=-1}}, reason = performHapticFeedback(constant=1): View#performHapticFeedback, isVirbation = false, mIsCallingOrDisconnected = true
05-22 01:13:35.714  1466  1499 E ApplicationHelper: Fail to get PackageManager
05-22 01:13:35.745  1466  1499 E ApplicationHelper: Fail to get PackageManager
05-22 01:13:35.745  1466  1499 E ApplicationHelper: Fail to get PackageManager
05-22 01:13:35.745  1466  1499 E ApplicationHelper: Fail to get PackageManager
05-22 01:13:35.746  1466  1499 E ApplicationHelper: Fail to get PackageManager
05-22 01:13:35.746  1466  1499 E ApplicationHelper: Fail to get PackageManager
05-22 01:13:35.746  1466  1499 E ApplicationHelper: Fail to get PackageManager
05-22 01:13:35.746  1466  1499 E ApplicationHelper: Fail to get PackageManager
05-22 01:13:35.746  1466  1499 E ApplicationHelper: Fail to get PackageManager
05-22 01:13:35.914  1466  3702 E hefenggg: vibrateInternal device = 0, opPkg = com.android.launcher3, effect = Mono{mEffect=Composed{segments=[Prebaked{effect=TEXTURE_TICK, strength=MEDIUM, fallback=true}], repeat=-1}}, reason = null, isVirbation = false, mIsCallingOrDisconnected = true
05-22 01:13:36.239  1466  1499 E ApplicationHelper: Fail to get PackageManager
05-22 01:13:37.393  1466  2853 E ActivityTaskManager: mRecentFingerAppLockParam.isSelectAppStatus++++++>>>false
05-22 01:13:37.395  1466  1466 E MBrainLocalService: notifyAppSwitch failed
05-22 01:13:37.399  1466  1466 E MBrainLocalService: notifyAppSwitch failed
05-22 01:13:37.400  1466  1499 E ApplicationHelper: Fail to get PackageManager
05-22 01:13:37.402  1466  1499 E ApplicationHelper: Fail to get PackageManager
05-22 01:13:37.402  1466  1499 E ApplicationHelper: Fail to get PackageManager
05-22 01:13:37.402  1466  1499 E ApplicationHelper: Fail to get PackageManager
05-22 01:13:37.402  1466  1499 E ApplicationHelper: Fail to get PackageManager
05-22 01:13:37.402  1466  1499 E ApplicationHelper: Fail to get PackageManager
05-22 01:13:37.402  1466  1499 E ApplicationHelper: Fail to get PackageManager
05-22 01:13:37.402  1466  1499 E ApplicationHelper: Fail to get PackageManager
05-22 01:13:37.402  1466  1499 E ApplicationHelper: Fail to get PackageManager
05-22 01:13:37.758  1466  1499 E ApplicationHelper: Fail to get PackageManager
05-22 01:13:37.758  1466  1499 E ApplicationHelper: Fail to get PackageManager
05-22 01:13:37.758  1466  1499 E ApplicationHelper: Fail to get PackageManager
05-22 01:13:37.767  1466  1499 E ApplicationHelper: Fail to get PackageManager
05-22 01:13:37.776  1466  1499 E ApplicationHelper: Fail to get PackageManager
05-22 01:13:37.777  1466  1499 E ApplicationHelper: Fail to get PackageManager
05-22 01:13:37.777  1466  1499 E ApplicationHelper: Fail to get PackageManager
05-22 01:13:37.777  1466  1499 E ApplicationHelper: Fail to get PackageManager
05-22 01:13:37.777  1466  1499 E ApplicationHelper: Fail to get PackageManager
05-22 01:13:37.777  1466  1499 E ApplicationHelper: Fail to get PackageManager
05-22 01:13:38.365  1466  2853 E hefenggg: vibrateInternal device = 0, opPkg = android, effect = Mono{mEffect=Composed{segments=[Prebaked{effect=CLICK, strength=MEDIUM, fallback=true}], repeat=-1}}, reason = Virtual Key - Press, isVirbation = false, mIsCallingOrDisconnected = true
05-22 01:13:38.458  1466  1466 E MBrainLocalService: notifyAppSwitch failed
05-22 01:13:38.466  1466  1466 E MBrainLocalService: notifyAppSwitch failed
05-22 01:13:38.467  1466  1499 E ApplicationHelper: Fail to get PackageManager
05-22 01:13:38.467  1466  1499 E ApplicationHelper: Fail to get PackageManager
05-22 01:13:38.467  1466  1499 E ApplicationHelper: Fail to get PackageManager
05-22 01:13:38.469  1466  1499 E ApplicationHelper: Fail to get PackageManager
05-22 01:13:38.469  1466  1499 E ApplicationHelper: Fail to get PackageManager
05-22 01:13:38.469  1466  1499 E ApplicationHelper: Fail to get PackageManager
05-22 01:13:38.469  1466  1499 E ApplicationHelper: Fail to get PackageManager
05-22 01:13:38.469  1466  1499 E ApplicationHelper: Fail to get PackageManager
05-22 01:13:38.469  1466  1499 E ApplicationHelper: Fail to get PackageManager
05-22 01:13:38.469  1466  1499 E ApplicationHelper: Fail to get PackageManager
05-22 01:13:39.195  1466  1499 E ApplicationHelper: Fail to get PackageManager
05-22 01:13:39.241  1466  1499 E ApplicationHelper: Fail to get PackageManager
05-22 01:13:39.470  1466  3702 E hefenggg: performHapticFeedbackInternal device = 0, opPkg = com.android.launcher3, always = false, constant = 0, reason = View#performHapticFeedback, fromIme = false
05-22 01:13:39.470  1466  3702 E hefenggg: vibrateInternal device = 0, opPkg = com.android.launcher3, effect = Mono{mEffect=Composed{segments=[Prebaked{effect=HEAVY_CLICK, strength=MEDIUM, fallback=true}], repeat=-1}}, reason = performHapticFeedback(constant=0): View#performHapticFeedback, isVirbation = false, mIsCallingOrDisconnected = true
05-22 01:13:39.934  1466  3702 E ActivityTaskManager: callerProcess.processName :  com.android.launcher3
05-22 01:13:39.943  1466  1466 E MBrainLocalService: notifyAppSwitch failed
05-22 01:13:39.944  1466  1499 E ApplicationHelper: Fail to get PackageManager
05-22 01:13:39.992  1466  1499 E ApplicationHelper: Fail to get PackageManager
05-22 01:13:40.032  1466  1466 E MBrainLocalService: notifyAppSwitch failed
05-22 01:13:40.141  1466  2850 E ActivityTaskManager: callerProcess.processName :  com.android.settings
05-22 01:13:40.146  1466  1466 E MBrainLocalService: notifyAppSwitch failed
05-22 01:13:40.283  1466  1466 E MBrainLocalService: notifyAppSwitch failed
05-22 01:13:40.283  1466  1466 E MBrainLocalService: notifyAppSwitch failed
05-22 01:13:40.288  1466  1499 E ApplicationHelper: Fail to get PackageManager
05-22 01:13:40.292  1466  1499 E ApplicationHelper: Fail to get PackageManager
05-22 01:13:40.292  1466  1499 E ApplicationHelper: Fail to get PackageManager
05-22 01:13:40.293  1466  1499 E ApplicationHelper: Fail to get PackageManager
05-22 01:13:40.293  1466  1499 E ApplicationHelper: Fail to get PackageManager
05-22 01:13:40.293  1466  1499 E ApplicationHelper: Fail to get PackageManager
05-22 01:13:40.293  1466  1499 E ApplicationHelper: Fail to get PackageManager
05-22 01:13:40.293  1466  1499 E ApplicationHelper: Fail to get PackageManager
05-22 01:13:40.293  1466  1499 E ApplicationHelper: Fail to get PackageManager
05-22 01:13:40.384  1466  1499 E ApplicationHelper: Fail to get PackageManager
05-22 01:13:40.641  1466  1499 E ApplicationHelper: Fail to get PackageManager
05-22 01:13:41.237  1466  2850 E ActivityTaskManager: callerProcess.processName :  com.android.settings
05-22 01:13:45.324  1466  1997 E hefenggg: vibrateInternal device = 0, opPkg = android, effect = Mono{mEffect=Composed{segments=[Prebaked{effect=CLICK, strength=MEDIUM, fallback=true}], repeat=-1}}, reason = Virtual Key - Press, isVirbation = false, mIsCallingOrDisconnected = true
05-22 01:13:45.872  1466  2853 E hefenggg: vibrateInternal device = 0, opPkg = android, effect = Mono{mEffect=Composed{segments=[Prebaked{effect=CLICK, strength=MEDIUM, fallback=true}], repeat=-1}}, reason = Virtual Key - Press, isVirbation = false, mIsCallingOrDisconnected = true
05-22 01:13:45.952  1466  1499 E ApplicationHelper: Fail to get PackageManager
05-22 01:13:45.952  1466  1466 E MBrainLocalService: notifyAppSwitch failed
05-22 01:13:45.957  1466  1499 E ApplicationHelper: Fail to get PackageManager
05-22 01:13:45.958  1466  1499 E ApplicationHelper: Fail to get PackageManager
05-22 01:13:45.995  1466  1499 E ApplicationHelper: Fail to get PackageManager
05-22 01:13:45.995  1466  1499 E ApplicationHelper: Fail to get PackageManager
05-22 01:13:45.995  1466  1499 E ApplicationHelper: Fail to get PackageManager
05-22 01:13:45.995  1466  1499 E ApplicationHelper: Fail to get PackageManager
05-22 01:13:45.995  1466  1499 E ApplicationHelper: Fail to get PackageManager
05-22 01:13:45.996  1466  1499 E ApplicationHelper: Fail to get PackageManager
05-22 01:13:45.996  1466  1499 E ApplicationHelper: Fail to get PackageManager
05-22 01:13:45.996  1466  1499 E ApplicationHelper: Fail to get PackageManager
05-22 01:13:46.323  1466  1499 E ApplicationHelper: Fail to get PackageManager
05-22 01:13:46.324  1466  1499 E ApplicationHelper: Fail to get PackageManager
05-22 01:13:46.324  1466  1499 E ApplicationHelper: Fail to get PackageManager
05-22 01:13:46.324  1466  1499 E ApplicationHelper: Fail to get PackageManager
05-22 01:13:46.324  1466  1499 E ApplicationHelper: Fail to get PackageManager
05-22 01:13:46.324  1466  1499 E ApplicationHelper: Fail to get PackageManager
05-22 01:13:46.324  1466  1499 E ApplicationHelper: Fail to get PackageManager
05-22 01:13:46.499  1466  2155 E hefenggg: performHapticFeedbackInternal device = 0, opPkg = com.android.systemui, always = false, constant = 1, reason = View#performHapticFeedback, fromIme = false
05-22 01:13:46.499  1466  2155 E hefenggg: vibrateInternal device = 0, opPkg = com.android.systemui, effect = Mono{mEffect=Composed{segments=[Prebaked{effect=CLICK, strength=MEDIUM, fallback=true}], repeat=-1}}, reason = performHapticFeedback(constant=1): View#performHapticFeedback, isVirbation = false, mIsCallingOrDisconnected = true
05-22 01:13:47.156  1466  3702 E hefenggg: vibrateInternal device = 0, opPkg = com.android.launcher3, effect = Mono{mEffect=Composed{segments=[Prebaked{effect=TEXTURE_TICK, strength=MEDIUM, fallback=true}], repeat=-1}}, reason = null, isVirbation = false, mIsCallingOrDisconnected = true
05-22 01:13:48.642  1466  3154 E ActivityTaskManager: mRecentFingerAppLockParam.isSelectAppStatus++++++>>>false
05-22 01:13:48.647  1466  1466 E MBrainLocalService: notifyAppSwitch failed
05-22 01:13:48.659  1466  1466 E MBrainLocalService: notifyAppSwitch failed
05-22 01:13:48.660  1466  1499 E ApplicationHelper: Fail to get PackageManager
05-22 01:13:48.661  1466  1499 E ApplicationHelper: Fail to get PackageManager
05-22 01:13:48.661  1466  1499 E ApplicationHelper: Fail to get PackageManager
05-22 01:13:48.930  1466  1499 E ApplicationHelper: Fail to get PackageManager
05-22 01:13:49.020  1466  1499 E ApplicationHelper: Fail to get PackageManager
05-22 01:13:49.020  1466  1499 E ApplicationHelper: Fail to get PackageManager
05-22 01:13:49.020  1466  1499 E ApplicationHelper: Fail to get PackageManager
05-22 01:13:49.036  1466  1499 E ApplicationHelper: Fail to get PackageManager
05-22 01:13:49.046  1466  1499 E ApplicationHelper: Fail to get PackageManager
05-22 01:13:51.528  1466  1665 E ActivityTaskManager: callerProcess.processName :  com.activitypointsnative
05-22 01:13:51.541  1466  1466 E MBrainLocalService: notifyAppSwitch failed
05-22 01:13:51.555  1466  1466 E MBrainLocalService: notifyAppSwitch failed
05-22 01:13:51.558  1466  1499 E ApplicationHelper: Fail to get PackageManager
05-22 01:13:51.654  1466  1499 E ApplicationHelper: Fail to get PackageManager
05-22 01:13:51.659  1466  1499 E ApplicationHelper: Fail to get PackageManager
05-22 01:13:51.659  1466  1499 E ApplicationHelper: Fail to get PackageManager
05-22 01:13:51.659  1466  1499 E ApplicationHelper: Fail to get PackageManager
05-22 01:13:51.659  1466  1499 E ApplicationHelper: Fail to get PackageManager
05-22 01:13:51.659  1466  1499 E ApplicationHelper: Fail to get PackageManager
05-22 01:13:51.659  1466  1499 E ApplicationHelper: Fail to get PackageManager
05-22 01:13:51.970  1466  1499 E ApplicationHelper: Fail to get PackageManager
05-22 01:14:07.806  1466  2853 E ContentProviderHelper: Unable to check Uri permission because caller is holding WM lock; assuming permission denied
05-22 01:14:07.806  1466  2853 E ContentProviderHelper: java.lang.IllegalStateException: Unable to check Uri permission because caller is holding WM lock; assuming permission denied
05-22 01:14:07.806  1466  2853 E ContentProviderHelper: 	at com.android.server.am.ContentProviderHelper.checkContentProviderUriPermission(ContentProviderHelper.java:1203)
05-22 01:14:07.806  1466  2853 E ContentProviderHelper: 	at com.android.server.am.ActivityManagerService$LocalService.checkContentProviderUriPermission(ActivityManagerService.java:18606)
05-22 01:14:07.806  1466  2853 E ContentProviderHelper: 	at com.android.server.uri.UriGrantsManagerService.checkHoldingPermissionsInternalUnlocked(UriGrantsManagerService.java:1120)
05-22 01:14:07.806  1466  2853 E ContentProviderHelper: 	at com.android.server.uri.UriGrantsManagerService.checkHoldingPermissionsUnlocked(UriGrantsManagerService.java:1030)
05-22 01:14:07.806  1466  2853 E ContentProviderHelper: 	at com.android.server.uri.UriGrantsManagerService.checkContentUriPermissionFullUnlocked(UriGrantsManagerService.java:1417)
05-22 01:14:07.806  1466  2853 E ContentProviderHelper: 	at com.android.server.uri.UriGrantsManagerService.-$$Nest$mcheckContentUriPermissionFullUnlocked(UriGrantsManagerService.java:0)
05-22 01:14:07.806  1466  2853 E ContentProviderHelper: 	at com.android.server.uri.UriGrantsManagerService$LocalService.checkUriPermission(UriGrantsManagerService.java:1627)
05-22 01:14:07.806  1466  2853 E ContentProviderHelper: 	at com.android.server.wm.ActivityCallerState.addContentUriIfUidHasPermission(ActivityCallerState.java:168)
05-22 01:14:07.806  1466  2853 E ContentProviderHelper: 	at com.android.server.wm.ActivityCallerState.computeCallerInfo(ActivityCallerState.java:114)
05-22 01:14:07.806  1466  2853 E ContentProviderHelper: 	at com.android.server.wm.ActivityRecord.computeCallerInfo(ActivityRecord.java:2113)
05-22 01:14:07.806  1466  2853 E ContentProviderHelper: 	at com.android.server.wm.ActivityRecord.finishActivityResults(ActivityRecord.java:3662)
05-22 01:14:07.806  1466  2853 E ContentProviderHelper: 	at com.android.server.wm.ActivityRecord.finishIfPossible(ActivityRecord.java:3790)
05-22 01:14:07.806  1466  2853 E ContentProviderHelper: 	at com.android.server.wm.ActivityClientController.finishActivity(ActivityClientController.java:815)
05-22 01:14:07.806  1466  2853 E ContentProviderHelper: 	at android.app.IActivityClientController$Stub.onTransact(IActivityClientController.java:813)
05-22 01:14:07.806  1466  2853 E ContentProviderHelper: 	at com.android.server.wm.ActivityClientController.onTransact(ActivityClientController.java:305)
05-22 01:14:07.806  1466  2853 E ContentProviderHelper: 	at android.os.Binder.execTransactInternal(Binder.java:1500)
05-22 01:14:07.806  1466  2853 E ContentProviderHelper: 	at android.os.Binder.execTransact(Binder.java:1444)
05-22 01:14:07.807  1466  2853 E ContentProviderHelper: Unable to check Uri permission because caller is holding WM lock; assuming permission denied
05-22 01:14:07.807  1466  2853 E ContentProviderHelper: java.lang.IllegalStateException: Unable to check Uri permission because caller is holding WM lock; assuming permission denied
05-22 01:14:07.807  1466  2853 E ContentProviderHelper: 	at com.android.server.am.ContentProviderHelper.checkContentProviderUriPermission(ContentProviderHelper.java:1203)
05-22 01:14:07.807  1466  2853 E ContentProviderHelper: 	at com.android.server.am.ActivityManagerService$LocalService.checkContentProviderUriPermission(ActivityManagerService.java:18606)
05-22 01:14:07.807  1466  2853 E ContentProviderHelper: 	at com.android.server.uri.UriGrantsManagerService.checkHoldingPermissionsInternalUnlocked(UriGrantsManagerService.java:1120)
05-22 01:14:07.807  1466  2853 E ContentProviderHelper: 	at com.android.server.uri.UriGrantsManagerService.checkHoldingPermissionsUnlocked(UriGrantsManagerService.java:1030)
05-22 01:14:07.807  1466  2853 E ContentProviderHelper: 	at com.android.server.uri.UriGrantsManagerService.checkContentUriPermissionFullUnlocked(UriGrantsManagerService.java:1417)
05-22 01:14:07.807  1466  2853 E ContentProviderHelper: 	at com.android.server.uri.UriGrantsManagerService.-$$Nest$mcheckContentUriPermissionFullUnlocked(UriGrantsManagerService.java:0)
