05-22 01:37:51.499  1466  1996 E hefenggg: vibrateInternal device = 0, opPkg = android, effect = Mono{mEffect=Composed{segments=[Prebaked{effect=CLICK, strength=MEDIUM, fallback=true}], repeat=-1}}, reason = Virtual Key - Press, isVirbation = false, mIsCallingOrDisconnected = true
05-22 01:37:51.640  1466  1466 E MBrainLocalService: notifyAppSwitch failed
05-22 01:37:51.645  1466  1466 E MBrainLocalService: notifyAppSwitch failed
05-22 01:37:51.648  1466  1499 E ApplicationHelper: Fail to get PackageManager
05-22 01:37:51.649  1466  1499 E ApplicationHelper: Fail to get PackageManager
05-22 01:37:51.649  1466  1499 E ApplicationHelper: Fail to get PackageManager
05-22 01:37:51.649  1466  1499 E ApplicationHelper: Fail to get PackageManager
05-22 01:37:51.649  1466  1499 E ApplicationHelper: Fail to get PackageManager
05-22 01:37:51.649  1466  1499 E ApplicationHelper: Fail to get PackageManager
05-22 01:37:51.649  1466  1499 E ApplicationHelper: Fail to get PackageManager
05-22 01:37:51.649  1466  1499 E ApplicationHelper: Fail to get PackageManager
05-22 01:37:51.649  1466  1499 E ApplicationHelper: Fail to get PackageManager
05-22 01:37:51.649  1466  1499 E ApplicationHelper: Fail to get PackageManager
05-22 01:37:51.649  1466  1499 E ApplicationHelper: Fail to get PackageManager
05-22 01:37:51.649  1466  1499 E ApplicationHelper: Fail to get PackageManager
05-22 01:37:51.649  1466  1499 E ApplicationHelper: Fail to get PackageManager
05-22 01:37:51.649  1466  1499 E ApplicationHelper: Fail to get PackageManager
05-22 01:37:51.652  1466  1499 E ApplicationHelper: Fail to get PackageManager
05-22 01:37:51.652  1466  1499 E ApplicationHelper: Fail to get PackageManager
05-22 01:37:51.698  1466  1499 E ApplicationHelper: Fail to get PackageManager
05-22 01:37:52.072  1466  1499 E ApplicationHelper: Fail to get PackageManager
05-22 01:37:52.076  1466  1499 E ApplicationHelper: Fail to get PackageManager
05-22 01:37:52.130  1466  1499 E ApplicationHelper: Fail to get PackageManager
05-22 01:37:53.135  1466  1499 E ApplicationHelper: Fail to get PackageManager
05-22 01:37:53.141  1466  1499 E ApplicationHelper: Fail to get PackageManager
05-22 01:37:53.159  1466  1499 E ApplicationHelper: Fail to get PackageManager
05-22 01:37:53.160  1466  1499 E ApplicationHelper: Fail to get PackageManager
05-22 01:37:53.219  1466  1466 E ScreenIntentReceiver: notifyChange failed
05-22 01:37:53.230  1466  1499 E ApplicationHelper: Fail to get PackageManager
05-22 01:37:53.232  1466  1499 E ApplicationHelper: Fail to get PackageManager
05-22 01:37:53.239  1466  1499 E ApplicationHelper: Fail to get PackageManager
05-22 01:37:53.239  1466  1499 E ApplicationHelper: Fail to get PackageManager
05-22 01:37:53.239  1466  1499 E ApplicationHelper: Fail to get PackageManager
05-22 01:37:53.256  1466  1499 E ApplicationHelper: Fail to get PackageManager
05-22 01:37:54.286  1466  1466 E MBrainLocalService: notifyAppSwitch failed
05-22 01:37:54.298  1466  1499 E ApplicationHelper: Fail to get PackageManager
05-22 01:37:54.298  1466  1499 E ApplicationHelper: Fail to get PackageManager
05-22 01:37:54.298  1466  1499 E ApplicationHelper: Fail to get PackageManager
05-22 01:37:54.298  1466  1499 E ApplicationHelper: Fail to get PackageManager
05-22 01:37:54.315  1466  1499 E ApplicationHelper: Fail to get PackageManager
05-22 01:37:56.209  1466  1499 E ApplicationHelper: Fail to get PackageManager
05-22 01:37:56.268  1466  1499 E ApplicationHelper: Fail to get PackageManager
05-22 01:37:56.271  1466  1499 E ApplicationHelper: Fail to get PackageManager
05-22 01:37:56.280  1466  1499 E ApplicationHelper: Fail to get PackageManager
05-22 01:37:56.280  1466  1499 E ApplicationHelper: Fail to get PackageManager
05-22 01:38:08.226  1466  1499 E ApplicationHelper: Fail to get PackageManager
05-22 01:38:08.228  1466  1499 E ApplicationHelper: Fail to get PackageManager
05-22 01:38:08.228  1466  1499 E ApplicationHelper: Fail to get PackageManager
05-22 01:38:08.228  1466  1499 E ApplicationHelper: Fail to get PackageManager
05-22 01:38:08.228  1466  1499 E ApplicationHelper: Fail to get PackageManager
05-22 01:38:08.228  1466  1499 E ApplicationHelper: Fail to get PackageManager
05-22 01:38:08.228  1466  1499 E ApplicationHelper: Fail to get PackageManager
05-22 01:38:08.228  1466  1499 E ApplicationHelper: Fail to get PackageManager
05-22 01:38:08.228  1466  1499 E ApplicationHelper: Fail to get PackageManager
05-22 01:38:08.228  1466  1499 E ApplicationHelper: Fail to get PackageManager
05-22 01:38:08.228  1466  1499 E ApplicationHelper: Fail to get PackageManager
05-22 01:38:08.228  1466  1499 E ApplicationHelper: Fail to get PackageManager
05-22 01:38:08.228  1466  1499 E ApplicationHelper: Fail to get PackageManager
05-22 01:38:08.228  1466  1499 E ApplicationHelper: Fail to get PackageManager
05-22 01:38:08.228  1466  1499 E ApplicationHelper: Fail to get PackageManager
05-22 01:38:08.236  1466  1499 E ApplicationHelper: Fail to get PackageManager
05-22 01:38:08.236  1466  1499 E ApplicationHelper: Fail to get PackageManager
05-22 01:38:08.239  1466  1499 E ApplicationHelper: Fail to get PackageManager
05-22 01:38:08.239  1466  1499 E ApplicationHelper: Fail to get PackageManager
05-22 01:38:08.250  1466  1499 E ApplicationHelper: Fail to get PackageManager
05-22 01:38:08.251  1466  1466 E ScreenIntentReceiver: notifyChange failed
05-22 01:38:08.258  1466  1499 E ApplicationHelper: Fail to get PackageManager
05-22 01:38:08.261  1466  1499 E ApplicationHelper: Fail to get PackageManager
05-22 01:38:08.267  1466  1499 E ApplicationHelper: Fail to get PackageManager
05-22 01:38:08.267  1466  1499 E ApplicationHelper: Fail to get PackageManager
05-22 01:38:08.268  1466  1499 E ApplicationHelper: Fail to get PackageManager
05-22 01:38:08.269  1466  1499 E ApplicationHelper: Fail to get PackageManager
05-22 01:38:08.275  1466  1499 E ApplicationHelper: Fail to get PackageManager
05-22 01:38:08.289  1466  1499 E ApplicationHelper: Fail to get PackageManager
05-22 01:38:08.300  1466  1499 E ApplicationHelper: Fail to get PackageManager
05-22 01:38:08.305  1466  1499 E ApplicationHelper: Fail to get PackageManager
05-22 01:38:08.305  1466  1499 E ApplicationHelper: Fail to get PackageManager
05-22 01:38:08.306  1466  1499 E ApplicationHelper: Fail to get PackageManager
05-22 01:38:08.306  1466  1466 E ScreenIntentReceiver: notifyChange failed
05-22 01:38:08.309  1466  1499 E ApplicationHelper: Fail to get PackageManager
05-22 01:38:08.311  1466  1499 E ApplicationHelper: Fail to get PackageManager
05-22 01:38:08.314  1466  1499 E ApplicationHelper: Fail to get PackageManager
05-22 01:38:08.315  1466  1499 E ApplicationHelper: Fail to get PackageManager
05-22 01:38:08.316  1466  1499 E ApplicationHelper: Fail to get PackageManager
05-22 01:38:08.316  1466  1499 E ApplicationHelper: Fail to get PackageManager
05-22 01:38:08.317  1466  1499 E ApplicationHelper: Fail to get PackageManager
05-22 01:38:08.330  1466  1499 E ApplicationHelper: Fail to get PackageManager
05-22 01:38:10.243  1466  1499 E ApplicationHelper: Fail to get PackageManager
05-22 01:38:10.245  1466  1499 E ApplicationHelper: Fail to get PackageManager
05-22 01:38:14.313  1466  1499 E ApplicationHelper: Fail to get PackageManager
05-22 01:38:15.319  1466  1499 E ApplicationHelper: Fail to get PackageManager
05-22 01:38:15.325  1466  1499 E ApplicationHelper: Fail to get PackageManager
05-22 01:38:16.054  1466  1499 E ApplicationHelper: Fail to get PackageManager
05-22 01:38:16.062  1466  1499 E ApplicationHelper: Fail to get PackageManager
05-22 01:38:44.720  1466  1499 E ApplicationHelper: Fail to get PackageManager
05-22 01:38:47.085  1466  1499 E ApplicationHelper: Fail to get PackageManager
05-22 01:38:51.317  1466  1499 E ApplicationHelper: Fail to get PackageManager
05-22 01:39:08.315  1466  1466 E ALSProbe: Max time exceeded for ALS logger - disabling: 23820894
05-22 01:41:52.602  1466  1499 E ApplicationHelper: Fail to get PackageManager
05-22 01:41:52.604  1466  1499 E ApplicationHelper: Fail to get PackageManager
05-22 01:42:01.132  1466  1499 E ApplicationHelper: Fail to get PackageManager
05-22 01:42:01.142  1466  1499 E ApplicationHelper: Fail to get PackageManager
05-22 01:42:04.600  1466  1499 E ApplicationHelper: Fail to get PackageManager
05-22 01:42:04.603  1466  1499 E ApplicationHelper: Fail to get PackageManager
05-22 01:42:04.606  1466  1499 E ApplicationHelper: Fail to get PackageManager
05-22 01:42:04.616  1466  1499 E ApplicationHelper: Fail to get PackageManager
05-22 01:43:22.863  1466  1499 E ApplicationHelper: Fail to get PackageManager
05-22 01:43:22.895  1466  1499 E ApplicationHelper: Fail to get PackageManager
05-22 01:43:22.942  1466  1499 E ApplicationHelper: Fail to get PackageManager
05-22 01:43:22.944  1466  1499 E ApplicationHelper: Fail to get PackageManager
05-22 01:43:23.019  1466  1499 E ApplicationHelper: Fail to get PackageManager
05-22 01:43:23.184  1466  1499 E ApplicationHelper: Fail to get PackageManager
05-22 01:43:23.587  1466  1499 E ApplicationHelper: Fail to get PackageManager
05-22 01:43:23.589  1466  1499 E ApplicationHelper: Fail to get PackageManager
05-22 01:43:25.100  1466  1499 E ApplicationHelper: Fail to get PackageManager
05-22 01:43:25.100  1466  1499 E ApplicationHelper: Fail to get PackageManager
05-22 01:43:25.108  1466  1499 E ApplicationHelper: Fail to get PackageManager
05-22 01:43:25.108  1466  1499 E ApplicationHelper: Fail to get PackageManager
05-22 01:43:25.158  1466  1499 E ApplicationHelper: Fail to get PackageManager
05-22 01:43:25.158  1466  1499 E ApplicationHelper: Fail to get PackageManager
05-22 01:43:25.165  1466  1499 E ApplicationHelper: Fail to get PackageManager
05-22 01:43:25.165  1466  1499 E ApplicationHelper: Fail to get PackageManager
05-22 01:43:25.253  1466  1499 E ApplicationHelper: Fail to get PackageManager
05-22 01:43:25.263  1466  1499 E ApplicationHelper: Fail to get PackageManager
05-22 01:43:28.715  1466  1499 E ApplicationHelper: Fail to get PackageManager
05-22 01:43:28.720  1466  1499 E ApplicationHelper: Fail to get PackageManager
05-22 01:43:38.599  1466  1499 E ApplicationHelper: Fail to get PackageManager
05-22 01:43:38.604  1466  1499 E ApplicationHelper: Fail to get PackageManager
05-22 01:47:51.395  1466  1499 E ApplicationHelper: Fail to get PackageManager
05-22 01:47:51.401  1466  1499 E ApplicationHelper: Fail to get PackageManager
05-22 01:47:59.917  1466  1499 E ApplicationHelper: Fail to get PackageManager
05-22 01:47:59.920  1466  1499 E ApplicationHelper: Fail to get PackageManager
05-22 01:48:03.380  1466  1499 E ApplicationHelper: Fail to get PackageManager
05-22 01:48:03.382  1466  1499 E ApplicationHelper: Fail to get PackageManager
05-22 01:48:03.385  1466  1499 E ApplicationHelper: Fail to get PackageManager
05-22 01:48:03.392  1466  1499 E ApplicationHelper: Fail to get PackageManager
05-22 01:53:50.191  1466  1499 E ApplicationHelper: Fail to get PackageManager
05-22 01:53:50.196  1466  1499 E ApplicationHelper: Fail to get PackageManager
05-22 01:53:58.714  1466  1499 E ApplicationHelper: Fail to get PackageManager
05-22 01:53:58.718  1466  1499 E ApplicationHelper: Fail to get PackageManager
05-22 01:54:02.186  1466  1499 E ApplicationHelper: Fail to get PackageManager
05-22 01:54:02.189  1466  1499 E ApplicationHelper: Fail to get PackageManager
05-22 01:54:02.191  1466  1499 E ApplicationHelper: Fail to get PackageManager
05-22 01:54:02.200  1466  1499 E ApplicationHelper: Fail to get PackageManager
05-22 01:59:48.971  1466  1499 E ApplicationHelper: Fail to get PackageManager
05-22 01:59:48.978  1466  1499 E ApplicationHelper: Fail to get PackageManager
05-22 01:59:49.016  1466  1499 E ApplicationHelper: Fail to get PackageManager
05-22 01:59:49.029  1466  1499 E ApplicationHelper: Fail to get PackageManager
05-22 01:59:49.033  1466  1499 E ApplicationHelper: Fail to get PackageManager
05-22 01:59:49.040  1466  1499 E ApplicationHelper: Fail to get PackageManager
05-22 01:59:49.043  1466  1499 E ApplicationHelper: Fail to get PackageManager
05-22 01:59:49.044  1466  1499 E ApplicationHelper: Fail to get PackageManager
05-22 01:59:49.044  1466  1499 E ApplicationHelper: Fail to get PackageManager
05-22 01:59:49.073  1466  1499 E ApplicationHelper: Fail to get PackageManager
05-22 01:59:49.077  1466  1499 E ApplicationHelper: Fail to get PackageManager
05-22 01:59:49.084  1466  1499 E ApplicationHelper: Fail to get PackageManager
05-22 01:59:49.084  1466  1499 E ApplicationHelper: Fail to get PackageManager
05-22 01:59:49.085  1466  1499 E ApplicationHelper: Fail to get PackageManager
05-22 01:59:49.093  1466  1499 E ApplicationHelper: Fail to get PackageManager
05-22 01:59:49.097  1466  1499 E ApplicationHelper: Fail to get PackageManager
05-22 01:59:49.213  1466  1499 E ApplicationHelper: Fail to get PackageManager
05-22 01:59:49.257  1466  1499 E ApplicationHelper: Fail to get PackageManager
05-22 01:59:49.259  1466  1499 E ApplicationHelper: Fail to get PackageManager
05-22 01:59:49.280  1466  1499 E ApplicationHelper: Fail to get PackageManager
05-22 01:59:49.281  1466  1499 E ApplicationHelper: Fail to get PackageManager
05-22 01:59:49.282  1466  1499 E ApplicationHelper: Fail to get PackageManager
05-22 01:59:49.287  1466  1499 E ApplicationHelper: Fail to get PackageManager
05-22 01:59:49.287  1466  1499 E ApplicationHelper: Fail to get PackageManager
05-22 01:59:49.370  1466  1499 E ApplicationHelper: Fail to get PackageManager
05-22 01:59:49.370  1466  1499 E ApplicationHelper: Fail to get PackageManager
05-22 01:59:49.372  1466  1499 E ApplicationHelper: Fail to get PackageManager
05-22 01:59:49.372  1466  1499 E ApplicationHelper: Fail to get PackageManager
05-22 01:59:49.461  1466  1499 E ApplicationHelper: Fail to get PackageManager
05-22 01:59:49.465  1466  1499 E ApplicationHelper: Fail to get PackageManager
05-22 01:59:49.502  1466  1499 E ApplicationHelper: Fail to get PackageManager
05-22 01:59:49.503  1466  1499 E ApplicationHelper: Fail to get PackageManager
05-22 01:59:49.508  1466  1499 E ApplicationHelper: Fail to get PackageManager
05-22 01:59:49.508  1466  1499 E ApplicationHelper: Fail to get PackageManager
05-22 01:59:49.510  1466  1499 E ApplicationHelper: Fail to get PackageManager
05-22 01:59:49.551  1466  1499 E ApplicationHelper: Fail to get PackageManager
05-22 01:59:49.554  1466  1499 E ApplicationHelper: Fail to get PackageManager
05-22 01:59:49.570  1466  1499 E ApplicationHelper: Fail to get PackageManager
05-22 01:59:49.570  1466  1499 E ApplicationHelper: Fail to get PackageManager
05-22 01:59:49.571  1466  1499 E ApplicationHelper: Fail to get PackageManager
05-22 01:59:49.571  1466  1499 E ApplicationHelper: Fail to get PackageManager
05-22 01:59:52.143  1466  1499 E ApplicationHelper: Fail to get PackageManager
05-22 01:59:52.148  1466  1499 E ApplicationHelper: Fail to get PackageManager
05-22 01:59:52.172  1466  1499 E ApplicationHelper: Fail to get PackageManager
05-22 01:59:52.175  1466  1499 E ApplicationHelper: Fail to get PackageManager
05-22 01:59:52.184  1466  1499 E ApplicationHelper: Fail to get PackageManager
05-22 01:59:52.186  1466  1499 E ApplicationHelper: Fail to get PackageManager
05-22 01:59:52.217  1466  1499 E ApplicationHelper: Fail to get PackageManager
05-22 01:59:52.219  1466  1499 E ApplicationHelper: Fail to get PackageManager
05-22 01:59:52.244  1466  1499 E ApplicationHelper: Fail to get PackageManager
05-22 01:59:52.250  1466  1499 E ApplicationHelper: Fail to get PackageManager
05-22 01:59:52.301  1466  1499 E ApplicationHelper: Fail to get PackageManager
05-22 01:59:52.304  1466  1499 E ApplicationHelper: Fail to get PackageManager
05-22 01:59:52.335  1466  1499 E ApplicationHelper: Fail to get PackageManager
05-22 01:59:52.339  1466  1499 E ApplicationHelper: Fail to get PackageManager
05-22 01:59:52.343  1466  1499 E ApplicationHelper: Fail to get PackageManager
05-22 01:59:52.344  1466  1499 E ApplicationHelper: Fail to get PackageManager
05-22 01:59:52.359  1466  1499 E ApplicationHelper: Fail to get PackageManager
05-22 01:59:52.360  1466  1499 E ApplicationHelper: Fail to get PackageManager
05-22 01:59:53.656  1466  1499 E ApplicationHelper: Fail to get PackageManager
05-22 01:59:53.658  1466  1499 E ApplicationHelper: Fail to get PackageManager
05-22 01:59:54.006  1466  1499 E ApplicationHelper: Fail to get PackageManager
05-22 01:59:54.010  1466  1499 E ApplicationHelper: Fail to get PackageManager
05-22 01:59:54.406  1466  1499 E ApplicationHelper: Fail to get PackageManager
05-22 01:59:57.455  1466  1499 E ApplicationHelper: Fail to get PackageManager
05-22 01:59:57.460  1466  1499 E ApplicationHelper: Fail to get PackageManager
05-22 01:59:59.514  1466  1499 E ApplicationHelper: Fail to get PackageManager
05-22 01:59:59.520  1466  1499 E ApplicationHelper: Fail to get PackageManager
05-22 02:00:00.007  1466  1499 E ApplicationHelper: Fail to get PackageManager
05-22 02:00:00.065  1466  1499 E ApplicationHelper: Fail to get PackageManager
05-22 02:00:00.909  1466  1499 E ApplicationHelper: Fail to get PackageManager
05-22 02:00:00.911  1466  1499 E ApplicationHelper: Fail to get PackageManager
05-22 02:00:00.915  1466  1499 E ApplicationHelper: Fail to get PackageManager
05-22 02:00:00.926  1466  1499 E ApplicationHelper: Fail to get PackageManager
05-22 02:00:04.060  1466  1499 E ApplicationHelper: Fail to get PackageManager
05-22 02:00:04.061  1466  1499 E ApplicationHelper: Fail to get PackageManager
05-22 02:00:10.024  1466  1499 E ApplicationHelper: Fail to get PackageManager
05-22 02:00:49.071  1466  1499 E ApplicationHelper: Fail to get PackageManager
05-22 02:01:15.728  1466  1499 E ApplicationHelper: Fail to get PackageManager
05-22 02:01:15.777  1466  1499 E ApplicationHelper: Fail to get PackageManager
05-22 02:01:15.795  1466  1499 E ApplicationHelper: Fail to get PackageManager
05-22 02:02:15.760  1466  1499 E ApplicationHelper: Fail to get PackageManager
05-22 02:02:58.190  1466  1499 E ApplicationHelper: Fail to get PackageManager
05-22 02:02:58.193  1466  1499 E ApplicationHelper: Fail to get PackageManager
05-22 02:02:58.193  1466  1499 E ApplicationHelper: Fail to get PackageManager
05-22 02:02:58.193  1466  1499 E ApplicationHelper: Fail to get PackageManager
05-22 02:02:58.193  1466  1499 E ApplicationHelper: Fail to get PackageManager
05-22 02:02:58.193  1466  1499 E ApplicationHelper: Fail to get PackageManager
05-22 02:02:58.193  1466  1499 E ApplicationHelper: Fail to get PackageManager
05-22 02:02:58.193  1466  1499 E ApplicationHelper: Fail to get PackageManager
05-22 02:02:58.193  1466  1499 E ApplicationHelper: Fail to get PackageManager
05-22 02:02:58.193  1466  1499 E ApplicationHelper: Fail to get PackageManager
05-22 02:02:58.193  1466  1499 E ApplicationHelper: Fail to get PackageManager
05-22 02:02:58.193  1466  1499 E ApplicationHelper: Fail to get PackageManager
05-22 02:02:58.193  1466  1499 E ApplicationHelper: Fail to get PackageManager
05-22 02:02:58.204  1466  1466 E ScreenIntentReceiver: notifyChange failed
05-22 02:02:58.211  1466  1499 E ApplicationHelper: Fail to get PackageManager
05-22 02:02:58.222  1466  1499 E ApplicationHelper: Fail to get PackageManager
05-22 02:02:58.232  1466  1499 E ApplicationHelper: Fail to get PackageManager
05-22 02:02:58.238  1466  1499 E ApplicationHelper: Fail to get PackageManager
05-22 02:02:58.238  1466  1499 E ApplicationHelper: Fail to get PackageManager
05-22 02:02:58.238  1466  1499 E ApplicationHelper: Fail to get PackageManager
05-22 02:02:58.239  1466  1499 E ApplicationHelper: Fail to get PackageManager
05-22 02:02:58.239  1466  1499 E ApplicationHelper: Fail to get PackageManager
05-22 02:02:58.263  1466  1499 E ApplicationHelper: Fail to get PackageManager
05-22 02:02:58.266  1466  1499 E ApplicationHelper: Fail to get PackageManager
05-22 02:02:58.278  1466  1499 E ApplicationHelper: Fail to get PackageManager
05-22 02:02:58.293  1466  1499 E ApplicationHelper: Fail to get PackageManager
05-22 02:02:58.309  1466  1499 E ApplicationHelper: Fail to get PackageManager
05-22 02:02:58.318  1466  1499 E ApplicationHelper: Fail to get PackageManager
05-22 02:02:58.336  1466  1499 E ApplicationHelper: Fail to get PackageManager
05-22 02:02:58.344  1466  1499 E ApplicationHelper: Fail to get PackageManager
05-22 02:02:58.347  1466  1499 E ApplicationHelper: Fail to get PackageManager
05-22 02:02:58.389  1466  1499 E ApplicationHelper: Fail to get PackageManager
05-22 02:02:58.435  1466  1499 E ApplicationHelper: Fail to get PackageManager
05-22 02:02:58.453  1466  1499 E ApplicationHelper: Fail to get PackageManager
05-22 02:02:58.489  1466  1499 E ApplicationHelper: Fail to get PackageManager
05-22 02:02:58.490  1466  1499 E ApplicationHelper: Fail to get PackageManager
05-22 02:02:58.496  1466  1499 E ApplicationHelper: Fail to get PackageManager
05-22 02:02:58.498  1466  1499 E ApplicationHelper: Fail to get PackageManager
05-22 02:02:58.511  1466  1499 E ApplicationHelper: Fail to get PackageManager
05-22 02:02:58.513  1466  1499 E ApplicationHelper: Fail to get PackageManager
05-22 02:02:58.528  1466  1499 E ApplicationHelper: Fail to get PackageManager
05-22 02:02:58.530  1466  1499 E ApplicationHelper: Fail to get PackageManager
05-22 02:02:58.566  1466  1499 E ApplicationHelper: Fail to get PackageManager
05-22 02:02:58.584  1466  1499 E ApplicationHelper: Fail to get PackageManager
05-22 02:02:58.718  1466  1499 E ApplicationHelper: Fail to get PackageManager
05-22 02:02:58.718  1466  1499 E ApplicationHelper: Fail to get PackageManager
05-22 02:02:58.719  1466  1499 E ApplicationHelper: Fail to get PackageManager
05-22 02:02:58.719  1466  1499 E ApplicationHelper: Fail to get PackageManager
05-22 02:02:58.739  1466  1499 E ApplicationHelper: Fail to get PackageManager
05-22 02:02:58.741  1466  1499 E ApplicationHelper: Fail to get PackageManager
05-22 02:02:59.002  1466  1499 E ApplicationHelper: Fail to get PackageManager
05-22 02:02:59.024  1466  1499 E ApplicationHelper: Fail to get PackageManager
05-22 02:02:59.067  1466  1499 E ApplicationHelper: Fail to get PackageManager
05-22 02:02:59.082  1466  1499 E ApplicationHelper: Fail to get PackageManager
05-22 02:02:59.084  1466  1788 E FingerprintProvider/default: onPointerUp received during client: null
05-22 02:02:59.113  1466  3154 E hefenggg: performHapticFeedbackInternal device = 0, opPkg = com.android.systemui, always = true, constant = 16, reason = View#performHapticFeedback, fromIme = false
05-22 02:02:59.113  1466  3154 E hefenggg: vibrateInternal device = 0, opPkg = com.android.systemui, effect = Mono{mEffect=Composed{segments=[Prebaked{effect=CLICK, strength=MEDIUM, fallback=true}], repeat=-1}}, reason = performHapticFeedback(constant=16): View#performHapticFeedback, isVirbation = false, mIsCallingOrDisconnected = true
05-22 02:02:59.116  1466  1499 E ApplicationHelper: Fail to get PackageManager
05-22 02:02:59.116  1466  1499 E ApplicationHelper: Fail to get PackageManager
05-22 02:02:59.116  1466  1499 E ApplicationHelper: Fail to get PackageManager
05-22 02:02:59.116  1466  1499 E ApplicationHelper: Fail to get PackageManager
05-22 02:02:59.116  1466  1499 E ApplicationHelper: Fail to get PackageManager
05-22 02:02:59.116  1466  1499 E ApplicationHelper: Fail to get PackageManager
05-22 02:02:59.116  1466  1499 E ApplicationHelper: Fail to get PackageManager
05-22 02:02:59.116  1466  1499 E ApplicationHelper: Fail to get PackageManager
05-22 02:02:59.116  1466  1499 E ApplicationHelper: Fail to get PackageManager
05-22 02:02:59.116  1466  1499 E ApplicationHelper: Fail to get PackageManager
05-22 02:02:59.116  1466  1499 E ApplicationHelper: Fail to get PackageManager
05-22 02:02:59.116  1466  1499 E ApplicationHelper: Fail to get PackageManager
05-22 02:02:59.123  1466  1499 E ApplicationHelper: Fail to get PackageManager
05-22 02:02:59.123  1466  1499 E ApplicationHelper: Fail to get PackageManager
05-22 02:02:59.208  1466  1499 E ApplicationHelper: Fail to get PackageManager
05-22 02:02:59.359  1466  1499 E ApplicationHelper: Fail to get PackageManager
05-22 02:02:59.360  1466  1499 E ApplicationHelper: Fail to get PackageManager
05-22 02:02:59.458  1466  1499 E ApplicationHelper: Fail to get PackageManager
05-22 02:02:59.461  1466  1499 E ApplicationHelper: Fail to get PackageManager
05-22 02:02:59.467  1466  1499 E ApplicationHelper: Fail to get PackageManager
05-22 02:02:59.468  1466  1499 E ApplicationHelper: Fail to get PackageManager
05-22 02:02:59.469  1466  1466 E ScreenIntentReceiver: notifyChange failed
05-22 02:02:59.488  1466  1499 E ApplicationHelper: Fail to get PackageManager
05-22 02:02:59.559  1466 26666 E AdbDebuggingManager: Caught an exception opening the socket: java.io.IOException: Connection refused
05-22 02:02:59.574  1466  1499 E ApplicationHelper: Fail to get PackageManager
05-22 02:02:59.913  1466  1499 E ApplicationHelper: Fail to get PackageManager
05-22 02:02:59.915  1466  1499 E ApplicationHelper: Fail to get PackageManager
05-22 02:02:59.921  1466  1499 E ApplicationHelper: Fail to get PackageManager
05-22 02:02:59.926  1466  1499 E ApplicationHelper: Fail to get PackageManager
05-22 02:02:59.926  1466  1499 E ApplicationHelper: Fail to get PackageManager
05-22 02:02:59.928  1466  1499 E ApplicationHelper: Fail to get PackageManager
05-22 02:02:59.936  1466  1499 E ApplicationHelper: Fail to get PackageManager
05-22 02:02:59.938  1466  1499 E ApplicationHelper: Fail to get PackageManager
05-22 02:02:59.938  1466  1499 E ApplicationHelper: Fail to get PackageManager
05-22 02:02:59.941  1466  1499 E ApplicationHelper: Fail to get PackageManager
05-22 02:02:59.942  1466  1499 E ApplicationHelper: Fail to get PackageManager
05-22 02:02:59.944  1466  1499 E ApplicationHelper: Fail to get PackageManager
05-22 02:02:59.945  1466  1499 E ApplicationHelper: Fail to get PackageManager
05-22 02:02:59.947  1466  1499 E ApplicationHelper: Fail to get PackageManager
05-22 02:02:59.962  1466  1499 E ApplicationHelper: Fail to get PackageManager
05-22 02:02:59.968  1466  1499 E ApplicationHelper: Fail to get PackageManager
05-22 02:02:59.986  1466  1499 E ApplicationHelper: Fail to get PackageManager
05-22 02:02:59.989  1466  1499 E ApplicationHelper: Fail to get PackageManager
05-22 02:02:59.991  1466  1499 E ApplicationHelper: Fail to get PackageManager
05-22 02:02:59.994  1466  1499 E ApplicationHelper: Fail to get PackageManager
05-22 02:02:59.995  1466  1499 E ApplicationHelper: Fail to get PackageManager
05-22 02:02:59.998  1466  1499 E ApplicationHelper: Fail to get PackageManager
05-22 02:02:59.999  1466  1499 E ApplicationHelper: Fail to get PackageManager
05-22 02:03:00.004  1466  1499 E ApplicationHelper: Fail to get PackageManager
05-22 02:03:00.007  1466  1499 E ApplicationHelper: Fail to get PackageManager
05-22 02:03:00.009  1466  1499 E ApplicationHelper: Fail to get PackageManager
05-22 02:03:00.010  1466  1499 E ApplicationHelper: Fail to get PackageManager
05-22 02:03:00.013  1466  1499 E ApplicationHelper: Fail to get PackageManager
05-22 02:03:00.014  1466  1499 E ApplicationHelper: Fail to get PackageManager
05-22 02:03:00.018  1466  1499 E ApplicationHelper: Fail to get PackageManager
05-22 02:03:00.019  1466  1499 E ApplicationHelper: Fail to get PackageManager
05-22 02:03:00.189  1466  1499 E ApplicationHelper: Fail to get PackageManager
05-22 02:03:00.189  1466  1499 E ApplicationHelper: Fail to get PackageManager
05-22 02:03:00.189  1466  1499 E ApplicationHelper: Fail to get PackageManager
05-22 02:03:00.189  1466  1499 E ApplicationHelper: Fail to get PackageManager
05-22 02:03:00.189  1466  1499 E ApplicationHelper: Fail to get PackageManager
05-22 02:03:00.189  1466  1499 E ApplicationHelper: Fail to get PackageManager
05-22 02:03:00.189  1466  1499 E ApplicationHelper: Fail to get PackageManager
05-22 02:03:00.189  1466  1499 E ApplicationHelper: Fail to get PackageManager
05-22 02:03:00.189  1466  1499 E ApplicationHelper: Fail to get PackageManager
05-22 02:03:00.206  1466  1499 E ApplicationHelper: Fail to get PackageManager
05-22 02:03:00.249  1466  1466 E ScreenIntentReceiver: notifyChange failed
05-22 02:03:00.256  1466  1499 E ApplicationHelper: Fail to get PackageManager
05-22 02:03:00.256  1466  1499 E ApplicationHelper: Fail to get PackageManager
05-22 02:03:00.257  1466  1499 E ApplicationHelper: Fail to get PackageManager
05-22 02:03:00.258  1466  1499 E ApplicationHelper: Fail to get PackageManager
05-22 02:03:00.260  1466  1499 E ApplicationHelper: Fail to get PackageManager
05-22 02:03:00.260  1466  1499 E ApplicationHelper: Fail to get PackageManager
05-22 02:03:00.261  1466  1499 E ApplicationHelper: Fail to get PackageManager
05-22 02:03:00.283  1466  1499 E ApplicationHelper: Fail to get PackageManager
05-22 02:03:00.511  1466  1499 E ApplicationHelper: Fail to get PackageManager
05-22 02:03:00.517  1466  1499 E ApplicationHelper: Fail to get PackageManager
05-22 02:03:00.523  1466  1499 E ApplicationHelper: Fail to get PackageManager
05-22 02:03:00.523  1466  1499 E ApplicationHelper: Fail to get PackageManager
05-22 02:03:00.926  1466  1499 E ApplicationHelper: Fail to get PackageManager
05-22 02:03:00.926  1466  1499 E ApplicationHelper: Fail to get PackageManager
05-22 02:03:00.930  1466  1499 E ApplicationHelper: Fail to get PackageManager
05-22 02:03:00.930  1466  1499 E ApplicationHelper: Fail to get PackageManager
05-22 02:03:00.984  1466  1499 E ApplicationHelper: Fail to get PackageManager
05-22 02:03:00.984  1466  1499 E ApplicationHelper: Fail to get PackageManager
05-22 02:03:00.987  1466  1499 E ApplicationHelper: Fail to get PackageManager
05-22 02:03:00.987  1466  1499 E ApplicationHelper: Fail to get PackageManager
05-22 02:03:01.173  1466  1499 E ApplicationHelper: Fail to get PackageManager
05-22 02:03:01.174  1466  1499 E ApplicationHelper: Fail to get PackageManager
05-22 02:03:01.174  1466  1499 E ApplicationHelper: Fail to get PackageManager
05-22 02:03:01.179  1466  1499 E ApplicationHelper: Fail to get PackageManager
05-22 02:03:01.179  1466  1499 E ApplicationHelper: Fail to get PackageManager
05-22 02:03:01.179  1466  1499 E ApplicationHelper: Fail to get PackageManager
05-22 02:03:01.353  1466  1499 E ApplicationHelper: Fail to get PackageManager
05-22 02:03:01.353  1466  1499 E ApplicationHelper: Fail to get PackageManager
05-22 02:03:01.353  1466  1499 E ApplicationHelper: Fail to get PackageManager
05-22 02:03:01.353  1466  1499 E ApplicationHelper: Fail to get PackageManager
05-22 02:03:01.353  1466  1499 E ApplicationHelper: Fail to get PackageManager
05-22 02:03:01.353  1466  1499 E ApplicationHelper: Fail to get PackageManager
05-22 02:03:01.353  1466  1499 E ApplicationHelper: Fail to get PackageManager
05-22 02:03:01.353  1466  1499 E ApplicationHelper: Fail to get PackageManager
05-22 02:03:01.353  1466  1499 E ApplicationHelper: Fail to get PackageManager
05-22 02:03:01.353  1466  1499 E ApplicationHelper: Fail to get PackageManager
05-22 02:03:01.353  1466  1499 E ApplicationHelper: Fail to get PackageManager
05-22 02:03:01.353  1466  1499 E ApplicationHelper: Fail to get PackageManager
05-22 02:03:01.353  1466  1499 E ApplicationHelper: Fail to get PackageManager
05-22 02:03:01.372  1466  1499 E ApplicationHelper: Fail to get PackageManager
05-22 02:03:03.340  1466  1499 E ApplicationHelper: Fail to get PackageManager
05-22 02:03:03.629  1466  1499 E ApplicationHelper: Fail to get PackageManager
05-22 02:03:03.631  1466  1499 E ApplicationHelper: Fail to get PackageManager
05-22 02:03:04.352  1466  1499 E ApplicationHelper: Fail to get PackageManager
05-22 02:03:05.246  1466  1499 E ApplicationHelper: Fail to get PackageManager
05-22 02:03:06.064  1466  1499 E ApplicationHelper: Fail to get PackageManager
05-22 02:03:06.066  1466  1499 E ApplicationHelper: Fail to get PackageManager
05-22 02:03:12.296  1466  1499 E ApplicationHelper: Fail to get PackageManager
05-22 02:03:12.299  1466  1499 E ApplicationHelper: Fail to get PackageManager
05-22 02:03:13.763  1466  1499 E ApplicationHelper: Fail to get PackageManager
05-22 02:03:13.767  1466  1499 E ApplicationHelper: Fail to get PackageManager
05-22 02:03:15.000  1466  1499 E ApplicationHelper: Fail to get PackageManager
05-22 02:03:15.256  1466  1499 E ApplicationHelper: Fail to get PackageManager
05-22 02:03:15.256  1466  1499 E ApplicationHelper: Fail to get PackageManager
05-22 02:03:15.265  1466  1499 E ApplicationHelper: Fail to get PackageManager
05-22 02:03:15.279  1466  1466 E ScreenIntentReceiver: notifyChange failed
05-22 02:03:15.290  1466  1499 E ApplicationHelper: Fail to get PackageManager
05-22 02:03:15.293  1466  1499 E ApplicationHelper: Fail to get PackageManager
05-22 02:03:15.297  1466  1499 E ApplicationHelper: Fail to get PackageManager
05-22 02:03:15.298  1466  1499 E ApplicationHelper: Fail to get PackageManager
05-22 02:03:15.302  1466  1499 E ApplicationHelper: Fail to get PackageManager
05-22 02:03:15.302  1466  1499 E ApplicationHelper: Fail to get PackageManager
05-22 02:03:15.309  1466  1499 E ApplicationHelper: Fail to get PackageManager
05-22 02:03:15.320  1466  1499 E ApplicationHelper: Fail to get PackageManager
05-22 02:03:15.335  1466  1466 E ScreenIntentReceiver: notifyChange failed
05-22 02:03:15.345  1466  1499 E ApplicationHelper: Fail to get PackageManager
05-22 02:03:15.347  1466  1499 E ApplicationHelper: Fail to get PackageManager
05-22 02:03:15.347  1466  1499 E ApplicationHelper: Fail to get PackageManager
05-22 02:03:15.347  1466  1499 E ApplicationHelper: Fail to get PackageManager
05-22 02:03:15.349  1466  1499 E ApplicationHelper: Fail to get PackageManager
05-22 02:03:15.350  1466  1499 E ApplicationHelper: Fail to get PackageManager
05-22 02:03:15.350  1466  1499 E ApplicationHelper: Fail to get PackageManager
05-22 02:03:15.351  1466  1499 E ApplicationHelper: Fail to get PackageManager
05-22 02:03:15.351  1466  1499 E ApplicationHelper: Fail to get PackageManager
05-22 02:03:15.352  1466  1499 E ApplicationHelper: Fail to get PackageManager
05-22 02:03:15.374  1466  1499 E ApplicationHelper: Fail to get PackageManager
05-22 02:03:15.765  1466  1499 E ApplicationHelper: Fail to get PackageManager
05-22 02:03:15.768  1466  1499 E ApplicationHelper: Fail to get PackageManager
05-22 02:03:15.770  1466  1499 E ApplicationHelper: Fail to get PackageManager
05-22 02:03:17.274  1466  1499 E ApplicationHelper: Fail to get PackageManager
05-22 02:03:17.276  1466  1499 E ApplicationHelper: Fail to get PackageManager
05-22 02:03:21.361  1466  1499 E ApplicationHelper: Fail to get PackageManager
05-22 02:03:28.276  1466  1499 E ApplicationHelper: Fail to get PackageManager
05-22 02:03:28.307  1466  1499 E ApplicationHelper: Fail to get PackageManager
05-22 02:03:35.354  1466  1499 E ApplicationHelper: Fail to get PackageManager
05-22 02:03:37.809  1466  1499 E ApplicationHelper: Fail to get PackageManager
05-22 02:03:43.821  1466  1499 E ApplicationHelper: Fail to get PackageManager
05-22 02:03:46.542  1466  1499 E ApplicationHelper: Fail to get PackageManager
05-22 02:03:46.547  1466  1499 E ApplicationHelper: Fail to get PackageManager
05-22 02:03:51.260  1466  1499 E ApplicationHelper: Fail to get PackageManager
05-22 02:03:51.295  1466  1499 E ApplicationHelper: Fail to get PackageManager
05-22 02:03:51.333  1466  1499 E ApplicationHelper: Fail to get PackageManager
05-22 02:03:51.341  1466  1499 E ApplicationHelper: Fail to get PackageManager
05-22 02:03:58.272  1466  1499 E ApplicationHelper: Fail to get PackageManager
05-22 02:03:58.273  1466  1499 E ApplicationHelper: Fail to get PackageManager
05-22 02:03:59.028  1466  1499 E ApplicationHelper: Fail to get PackageManager
05-22 02:04:15.335  1466  1466 E ALSProbe: Max time exceeded for ALS logger - disabling: 15644452
05-22 02:05:47.740  1466  1499 E ApplicationHelper: Fail to get PackageManager
05-22 02:05:47.746  1466  1499 E ApplicationHelper: Fail to get PackageManager
05-22 02:05:56.240  1466  1499 E ApplicationHelper: Fail to get PackageManager
05-22 02:05:56.246  1466  1499 E ApplicationHelper: Fail to get PackageManager
05-22 02:05:56.308  1466  1499 E ApplicationHelper: Fail to get PackageManager
05-22 02:05:59.712  1466  1499 E ApplicationHelper: Fail to get PackageManager
05-22 02:05:59.715  1466  1499 E ApplicationHelper: Fail to get PackageManager
05-22 02:05:59.718  1466  1499 E ApplicationHelper: Fail to get PackageManager
05-22 02:05:59.731  1466  1499 E ApplicationHelper: Fail to get PackageManager
05-22 02:06:02.324  1466  1499 E ApplicationHelper: Fail to get PackageManager
05-22 02:06:30.809  1466  1499 E ApplicationHelper: Fail to get PackageManager
05-22 02:06:30.809  1466  1499 E ApplicationHelper: Fail to get PackageManager
05-22 02:06:30.811  1466  1499 E ApplicationHelper: Fail to get PackageManager
05-22 02:06:36.825  1466  1499 E ApplicationHelper: Fail to get PackageManager
05-22 02:06:44.014  1466  1499 E ApplicationHelper: Fail to get PackageManager
05-22 02:06:50.032  1466  1499 E ApplicationHelper: Fail to get PackageManager
05-22 02:06:58.219  1466  1499 E ApplicationHelper: Fail to get PackageManager
05-22 02:07:04.229  1466  1499 E ApplicationHelper: Fail to get PackageManager
05-22 02:07:06.030  1466  1499 E ApplicationHelper: Fail to get PackageManager
05-22 02:07:06.075  1466  1499 E ApplicationHelper: Fail to get PackageManager
05-22 02:07:06.089  1466  1499 E ApplicationHelper: Fail to get PackageManager
05-22 02:07:06.098  1466  1499 E ApplicationHelper: Fail to get PackageManager
05-22 02:07:06.101  1466  1499 E ApplicationHelper: Fail to get PackageManager
05-22 02:07:07.343  1466  1499 E ApplicationHelper: Fail to get PackageManager
05-22 02:07:08.372  1466  1499 E ApplicationHelper: Fail to get PackageManager
05-22 02:07:08.373  1466  1499 E ApplicationHelper: Fail to get PackageManager
05-22 02:07:08.373  1466  1499 E ApplicationHelper: Fail to get PackageManager
05-22 02:07:08.374  1466  1499 E ApplicationHelper: Fail to get PackageManager
05-22 02:07:08.374  1466  1499 E ApplicationHelper: Fail to get PackageManager
05-22 02:07:08.374  1466  1499 E ApplicationHelper: Fail to get PackageManager
05-22 02:07:08.374  1466  1499 E ApplicationHelper: Fail to get PackageManager
05-22 02:07:08.374  1466  1499 E ApplicationHelper: Fail to get PackageManager
05-22 02:07:08.374  1466  1499 E ApplicationHelper: Fail to get PackageManager
05-22 02:07:08.374  1466  1499 E ApplicationHelper: Fail to get PackageManager
05-22 02:07:08.374  1466  1499 E ApplicationHelper: Fail to get PackageManager
05-22 02:07:08.374  1466  1499 E ApplicationHelper: Fail to get PackageManager
05-22 02:07:08.374  1466  1499 E ApplicationHelper: Fail to get PackageManager
05-22 02:07:08.374  1466  1499 E ApplicationHelper: Fail to get PackageManager
05-22 02:07:08.383  1466  1466 E ScreenIntentReceiver: notifyChange failed
05-22 02:07:08.388  1466  1499 E ApplicationHelper: Fail to get PackageManager
05-22 02:07:08.389  1466  1499 E ApplicationHelper: Fail to get PackageManager
05-22 02:07:08.390  1466  1499 E ApplicationHelper: Fail to get PackageManager
05-22 02:07:08.390  1466  1499 E ApplicationHelper: Fail to get PackageManager
05-22 02:07:08.391  1466  1499 E ApplicationHelper: Fail to get PackageManager
05-22 02:07:08.392  1466  1499 E ApplicationHelper: Fail to get PackageManager
05-22 02:07:08.401  1466  1499 E ApplicationHelper: Fail to get PackageManager
05-22 02:07:08.412  1466  1499 E ApplicationHelper: Fail to get PackageManager
05-22 02:07:09.257  1466  1788 E FingerprintProvider/default: onPointerUp received during client: null
05-22 02:07:09.275  1466  3172 E hefenggg: performHapticFeedbackInternal device = 0, opPkg = com.android.systemui, always = true, constant = 16, reason = View#performHapticFeedback, fromIme = false
05-22 02:07:09.275  1466  3172 E hefenggg: vibrateInternal device = 0, opPkg = com.android.systemui, effect = Mono{mEffect=Composed{segments=[Prebaked{effect=CLICK, strength=MEDIUM, fallback=true}], repeat=-1}}, reason = performHapticFeedback(constant=16): View#performHapticFeedback, isVirbation = false, mIsCallingOrDisconnected = true
05-22 02:07:09.279  1466  1499 E ApplicationHelper: Fail to get PackageManager
05-22 02:07:09.284  1466  1499 E ApplicationHelper: Fail to get PackageManager
05-22 02:07:09.284  1466  1499 E ApplicationHelper: Fail to get PackageManager
05-22 02:07:09.290  1466  1499 E ApplicationHelper: Fail to get PackageManager
05-22 02:07:09.342  1466  1499 E ApplicationHelper: Fail to get PackageManager
05-22 02:07:09.342  1466  1499 E ApplicationHelper: Fail to get PackageManager
05-22 02:07:09.342  1466  1499 E ApplicationHelper: Fail to get PackageManager
05-22 02:07:09.342  1466  1499 E ApplicationHelper: Fail to get PackageManager
05-22 02:07:09.342  1466  1499 E ApplicationHelper: Fail to get PackageManager
05-22 02:07:09.342  1466  1499 E ApplicationHelper: Fail to get PackageManager
05-22 02:07:09.616  1466  1466 E ScreenIntentReceiver: notifyChange failed
05-22 02:07:09.722  1466  1499 E ApplicationHelper: Fail to get PackageManager
05-22 02:07:10.119  1466  1499 E ApplicationHelper: Fail to get PackageManager
05-22 02:07:10.122  1466  1499 E ApplicationHelper: Fail to get PackageManager
05-22 02:07:10.126  1466  1499 E ApplicationHelper: Fail to get PackageManager
05-22 02:07:10.130  1466  1499 E ApplicationHelper: Fail to get PackageManager
05-22 02:07:10.132  1466  1499 E ApplicationHelper: Fail to get PackageManager
05-22 02:07:10.141  1466  1499 E ApplicationHelper: Fail to get PackageManager
05-22 02:07:10.143  1466  1499 E ApplicationHelper: Fail to get PackageManager
05-22 02:07:10.158  1466  1499 E ApplicationHelper: Fail to get PackageManager
05-22 02:07:10.160  1466  1499 E ApplicationHelper: Fail to get PackageManager
05-22 02:07:10.162  1466  1499 E ApplicationHelper: Fail to get PackageManager
05-22 02:07:10.163  1466  1499 E ApplicationHelper: Fail to get PackageManager
05-22 02:07:10.165  1466  1499 E ApplicationHelper: Fail to get PackageManager
05-22 02:07:10.171  1466  1499 E ApplicationHelper: Fail to get PackageManager
05-22 02:07:10.171  1466  1499 E ApplicationHelper: Fail to get PackageManager
05-22 02:07:10.176  1466  1499 E ApplicationHelper: Fail to get PackageManager
05-22 02:07:10.177  1466  1499 E ApplicationHelper: Fail to get PackageManager
05-22 02:07:10.181  1466  1499 E ApplicationHelper: Fail to get PackageManager
05-22 02:07:10.182  1466  1499 E ApplicationHelper: Fail to get PackageManager
05-22 02:07:10.186  1466  1499 E ApplicationHelper: Fail to get PackageManager
05-22 02:07:10.187  1466  1499 E ApplicationHelper: Fail to get PackageManager
05-22 02:07:10.192  1466  1499 E ApplicationHelper: Fail to get PackageManager
05-22 02:07:10.192  1466  1499 E ApplicationHelper: Fail to get PackageManager
05-22 02:07:10.197  1466  1499 E ApplicationHelper: Fail to get PackageManager
05-22 02:07:10.198  1466  1499 E ApplicationHelper: Fail to get PackageManager
05-22 02:07:10.201  1466  1499 E ApplicationHelper: Fail to get PackageManager
05-22 02:07:10.202  1466  1499 E ApplicationHelper: Fail to get PackageManager
05-22 02:07:10.846  1466  1486 E AlarmManager: Attempt to decrement existing alarm count 0 by 1 for uid 1000
05-22 02:07:10.865  1466  1499 E ApplicationHelper: Fail to get PackageManager
05-22 02:07:10.879  1466  1499 E ApplicationHelper: Fail to get PackageManager
05-22 02:07:10.879  1466  1499 E ApplicationHelper: Fail to get PackageManager
05-22 02:07:10.886  1466  1499 E ApplicationHelper: Fail to get PackageManager
05-22 02:07:10.895  1466  1499 E ApplicationHelper: Fail to get PackageManager
05-22 02:07:10.913  1466  1499 E ApplicationHelper: Fail to get PackageManager
05-22 02:07:10.916  1466  1499 E ApplicationHelper: Fail to get PackageManager
05-22 02:07:10.983  1466  1499 E ApplicationHelper: Fail to get PackageManager
05-22 02:07:10.983  1466  1499 E ApplicationHelper: Fail to get PackageManager
05-22 02:07:10.983  1466  1499 E ApplicationHelper: Fail to get PackageManager
05-22 02:07:10.983  1466  1499 E ApplicationHelper: Fail to get PackageManager
05-22 02:07:11.222  1466  1499 E ApplicationHelper: Fail to get PackageManager
05-22 02:07:11.227  1466  1499 E ApplicationHelper: Fail to get PackageManager
05-22 02:07:11.510  1466  1997 E ActivityTaskManager: callerProcess.processName :  com.android.launcher3
05-22 02:07:11.536  1466  1499 E ApplicationHelper: Fail to get PackageManager
05-22 02:07:11.536  1466  1499 E ApplicationHelper: Fail to get PackageManager
05-22 02:07:11.536  1466  1499 E ApplicationHelper: Fail to get PackageManager
05-22 02:07:11.543  1466  1499 E ApplicationHelper: Fail to get PackageManager
05-22 02:07:11.571  1466  1499 E ApplicationHelper: Fail to get PackageManager
05-22 02:07:11.637  1466  1499 E ApplicationHelper: Fail to get PackageManager
05-22 02:07:11.672  1466  1466 E MBrainLocalService: notifyAppSwitch failed
05-22 02:07:12.007  1466  1466 E MBrainLocalService: notifyAppSwitch failed
05-22 02:07:12.009  1466  1499 E ApplicationHelper: Fail to get PackageManager
05-22 02:07:12.011  1466  1499 E ApplicationHelper: Fail to get PackageManager
05-22 02:07:12.011  1466  1499 E ApplicationHelper: Fail to get PackageManager
05-22 02:07:12.011  1466  1499 E ApplicationHelper: Fail to get PackageManager
05-22 02:07:12.011  1466  1499 E ApplicationHelper: Fail to get PackageManager
05-22 02:07:12.012  1466  1499 E ApplicationHelper: Fail to get PackageManager
05-22 02:07:12.012  1466  1499 E ApplicationHelper: Fail to get PackageManager
05-22 02:07:12.012  1466  1499 E ApplicationHelper: Fail to get PackageManager
05-22 02:07:12.012  1466  1499 E ApplicationHelper: Fail to get PackageManager
05-22 02:07:12.042  1466  1499 E ApplicationHelper: Fail to get PackageManager
05-22 02:07:12.093  1466  1466 E MBrainLocalService: notifyAppSwitch failed
05-22 02:07:12.094  1466  1499 E ApplicationHelper: Fail to get PackageManager
05-22 02:07:12.094  1466  1499 E ApplicationHelper: Fail to get PackageManager
05-22 02:07:12.103  1466  1499 E ApplicationHelper: Fail to get PackageManager
05-22 02:07:12.114  1466  1499 E ApplicationHelper: Fail to get PackageManager
05-22 02:07:12.262  1466  1499 E ApplicationHelper: Fail to get PackageManager
05-22 02:07:12.262  1466  1499 E ApplicationHelper: Fail to get PackageManager
05-22 02:07:13.350  1466  1499 E ApplicationHelper: Fail to get PackageManager
05-22 02:07:14.176 28175 28264 E AconfigFlags: Failed to read Aconfig values from /vendor/etc/aconfig_flags.pb
05-22 02:07:14.176 28175 28264 E AconfigFlags: java.io.FileNotFoundException: /vendor/etc/aconfig_flags.pb: open failed: ENOENT (No such file or directory)
05-22 02:07:14.176 28175 28264 E AconfigFlags: 	at libcore.io.IoBridge.open(IoBridge.java:574)
05-22 02:07:14.176 28175 28264 E AconfigFlags: 	at java.io.FileInputStream.<init>(FileInputStream.java:179)
05-22 02:07:14.176 28175 28264 E AconfigFlags: 	at java.io.FileInputStream.<init>(FileInputStream.java:133)
05-22 02:07:14.176 28175 28264 E AconfigFlags: 	at com.android.internal.pm.pkg.component.AconfigFlags.<init>(AconfigFlags.java:71)
05-22 02:07:14.176 28175 28264 E AconfigFlags: 	at com.android.internal.pm.pkg.parsing.ParsingPackageUtils.<clinit>(ParsingPackageUtils.java:296)
05-22 02:07:14.176 28175 28264 E AconfigFlags: 	at com.android.internal.pm.parsing.PackageParser2.<init>(PackageParser2.java:99)
05-22 02:07:14.176 28175 28264 E AconfigFlags: 	at android.content.pm.PackageManager.getPackageArchiveInfo(PackageManager.java:8842)
05-22 02:07:14.176 28175 28264 E AconfigFlags: 	at android.content.pm.PackageManager.getPackageArchiveInfo(PackageManager.java:8816)
05-22 02:07:14.176 28175 28264 E AconfigFlags: 	at ax.U2.d.q(SourceFile:6)
05-22 02:07:14.176 28175 28264 E AconfigFlags: 	at ax.U2.d.s(SourceFile:16)
05-22 02:07:14.176 28175 28264 E AconfigFlags: 	at com.alphainventor.filemanager.file.x.Z0(SourceFile:114)
05-22 02:07:14.176 28175 28264 E AconfigFlags: 	at com.alphainventor.filemanager.file.x.A(SourceFile:19)
05-22 02:07:14.176 28175 28264 E AconfigFlags: 	at com.alphainventor.filemanager.file.o.A(SourceFile:3)
05-22 02:07:14.176 28175 28264 E AconfigFlags: 	at ax.r3.b.i(SourceFile:124)
05-22 02:07:14.176 28175 28264 E AconfigFlags: 	at ax.ga.a.a(SourceFile:16)
05-22 02:07:14.176 28175 28264 E AconfigFlags: 	at ax.ba.h.i(SourceFile:14)
05-22 02:07:14.176 28175 28264 E AconfigFlags: 	at ax.ba.h.u(SourceFile:14)
05-22 02:07:14.176 28175 28264 E AconfigFlags: 	at ax.ba.h.v(SourceFile:131)
05-22 02:07:14.176 28175 28264 E AconfigFlags: 	at ax.ba.h.run(SourceFile:94)
05-22 02:07:14.176 28175 28264 E AconfigFlags: 	at java.util.concurrent.ThreadPoolExecutor.runWorker(ThreadPoolExecutor.java:1154)
05-22 02:07:14.176 28175 28264 E AconfigFlags: 	at java.util.concurrent.ThreadPoolExecutor$Worker.run(ThreadPoolExecutor.java:652)
05-22 02:07:14.176 28175 28264 E AconfigFlags: 	at ax.u3.v$a$a.run(SourceFile:16)
05-22 02:07:14.176 28175 28264 E AconfigFlags: 	at java.lang.Thread.run(Thread.java:1564)
05-22 02:07:14.176 28175 28264 E AconfigFlags: Caused by: android.system.ErrnoException: open failed: ENOENT (No such file or directory)
05-22 02:07:14.176 28175 28264 E AconfigFlags: 	at libcore.io.Linux.open(Native Method)
05-22 02:07:14.176 28175 28264 E AconfigFlags: 	at libcore.io.ForwardingOs.open(ForwardingOs.java:574)
05-22 02:07:14.176 28175 28264 E AconfigFlags: 	at libcore.io.BlockGuardOs.open(BlockGuardOs.java:274)
05-22 02:07:14.176 28175 28264 E AconfigFlags: 	at libcore.io.ForwardingOs.open(ForwardingOs.java:574)
05-22 02:07:14.176 28175 28264 E AconfigFlags: 	at android.app.ActivityThread$AndroidOs.open(ActivityThread.java:8642)
05-22 02:07:14.176 28175 28264 E AconfigFlags: 	at libcore.io.IoBridge.open(IoBridge.java:560)
