05-22 01:16:54.416  1466  3702 E hefenggg: vibrateInternal device = 0, opPkg = android, effect = Mono{mEffect=Composed{segments=[Prebaked{effect=CLICK, strength=MEDIUM, fallback=true}], repeat=-1}}, reason = Virtual Key - Press, isVirbation = false, mIsCallingOrDisconnected = true
05-22 01:16:54.533  1466  1466 E MBrainLocalService: notifyAppSwitch failed
05-22 01:16:54.540  1466  1499 E ApplicationHelper: Fail to get PackageManager
05-22 01:16:54.540  1466  1499 E ApplicationHelper: Fail to get PackageManager
05-22 01:16:54.540  1466  1499 E ApplicationHelper: Fail to get PackageManager
05-22 01:16:54.546  1466  1466 E MBrainLocalService: notifyAppSwitch failed
05-22 01:16:54.549  1466  1499 E ApplicationHelper: Fail to get PackageManager
05-22 01:16:54.549  1466  1499 E ApplicationHelper: Fail to get PackageManager
05-22 01:16:54.549  1466  1499 E ApplicationHelper: Fail to get PackageManager
05-22 01:16:54.549  1466  1499 E ApplicationHelper: Fail to get PackageManager
05-22 01:16:54.549  1466  1499 E ApplicationHelper: Fail to get PackageManager
05-22 01:16:54.549  1466  1499 E ApplicationHelper: Fail to get PackageManager
05-22 01:16:54.549  1466  1499 E ApplicationHelper: Fail to get PackageManager
05-22 01:16:54.549  1466  1499 E ApplicationHelper: Fail to get PackageManager
05-22 01:16:55.158  1466  1499 E ApplicationHelper: Fail to get PackageManager
05-22 01:16:55.188  1466  1499 E ApplicationHelper: Fail to get PackageManager
05-22 01:16:55.519  1466  1996 E hefenggg: performHapticFeedbackInternal device = 0, opPkg = com.android.launcher3, always = false, constant = 0, reason = View#performHapticFeedback, fromIme = false
05-22 01:16:55.520  1466  1996 E hefenggg: vibrateInternal device = 0, opPkg = com.android.launcher3, effect = Mono{mEffect=Composed{segments=[Prebaked{effect=HEAVY_CLICK, strength=MEDIUM, fallback=true}], repeat=-1}}, reason = performHapticFeedback(constant=0): View#performHapticFeedback, isVirbation = false, mIsCallingOrDisconnected = true
05-22 01:16:55.960  1466  1996 E ActivityTaskManager: callerProcess.processName :  com.android.launcher3
05-22 01:16:55.964  1466  1466 E MBrainLocalService: notifyAppSwitch failed
05-22 01:16:55.970  1466  1466 E MBrainLocalService: notifyAppSwitch failed
05-22 01:16:55.977  1466  1499 E ApplicationHelper: Fail to get PackageManager
05-22 01:16:55.977  1466  1499 E ApplicationHelper: Fail to get PackageManager
05-22 01:16:55.978  1466  1466 E MBrainLocalService: notifyAppSwitch failed
05-22 01:16:55.986  1466  1499 E ApplicationHelper: Fail to get PackageManager
05-22 01:16:55.986  1466  1499 E ApplicationHelper: Fail to get PackageManager
05-22 01:16:55.986  1466  1499 E ApplicationHelper: Fail to get PackageManager
05-22 01:16:55.986  1466  1499 E ApplicationHelper: Fail to get PackageManager
05-22 01:16:55.986  1466  1499 E ApplicationHelper: Fail to get PackageManager
05-22 01:16:55.986  1466  1499 E ApplicationHelper: Fail to get PackageManager
05-22 01:16:55.986  1466  1499 E ApplicationHelper: Fail to get PackageManager
05-22 01:16:55.986  1466  1499 E ApplicationHelper: Fail to get PackageManager
05-22 01:16:55.986  1466  1499 E ApplicationHelper: Fail to get PackageManager
05-22 01:16:56.052  1466  1665 E ActivityTaskManager: callerProcess.processName :  com.android.settings
05-22 01:16:56.055  1466  1466 E MBrainLocalService: notifyAppSwitch failed
05-22 01:16:56.207  1466  1499 E ApplicationHelper: Fail to get PackageManager
05-22 01:16:56.305  1466  1466 E MBrainLocalService: notifyAppSwitch failed
05-22 01:16:56.309  1466  1499 E ApplicationHelper: Fail to get PackageManager
05-22 01:16:56.309  1466  1499 E ApplicationHelper: Fail to get PackageManager
05-22 01:16:56.309  1466  1499 E ApplicationHelper: Fail to get PackageManager
05-22 01:16:56.309  1466  1466 E MBrainLocalService: notifyAppSwitch failed
05-22 01:16:56.331  1466  1499 E ApplicationHelper: Fail to get PackageManager
05-22 01:16:56.340  1466  1499 E ApplicationHelper: Fail to get PackageManager
05-22 01:16:56.340  1466  1499 E ApplicationHelper: Fail to get PackageManager
05-22 01:16:56.340  1466  1499 E ApplicationHelper: Fail to get PackageManager
05-22 01:16:56.340  1466  1499 E ApplicationHelper: Fail to get PackageManager
05-22 01:16:56.340  1466  1499 E ApplicationHelper: Fail to get PackageManager
05-22 01:16:56.340  1466  1499 E ApplicationHelper: Fail to get PackageManager
05-22 01:16:56.672  1466  1499 E ApplicationHelper: Fail to get PackageManager
05-22 01:16:57.451  1466  2853 E hefenggg: performHapticFeedbackInternal device = 0, opPkg = com.android.systemui, always = false, constant = 1, reason = View#performHapticFeedback, fromIme = false
05-22 01:16:57.451  1466  2853 E hefenggg: vibrateInternal device = 0, opPkg = com.android.systemui, effect = Mono{mEffect=Composed{segments=[Prebaked{effect=CLICK, strength=MEDIUM, fallback=true}], repeat=-1}}, reason = performHapticFeedback(constant=1): View#performHapticFeedback, isVirbation = false, mIsCallingOrDisconnected = true
05-22 01:16:57.507  1466  1499 E ApplicationHelper: Fail to get PackageManager
05-22 01:16:57.513  1466  1499 E ApplicationHelper: Fail to get PackageManager
05-22 01:16:57.518  1466  1466 E MBrainLocalService: notifyAppSwitch failed
05-22 01:16:57.567  1466  1715 E HandwritingModeController: Cannot get requestId: Handwriting was not initialized.
05-22 01:16:57.570  1466  1499 E ApplicationHelper: Fail to get PackageManager
05-22 01:16:57.749  1466  1499 E ApplicationHelper: Fail to get PackageManager
05-22 01:16:57.750  1466  1499 E ApplicationHelper: Fail to get PackageManager
05-22 01:16:57.891  1466  1996 E hefenggg: vibrateInternal device = 0, opPkg = com.android.launcher3, effect = Mono{mEffect=Composed{segments=[Prebaked{effect=TEXTURE_TICK, strength=MEDIUM, fallback=true}], repeat=-1}}, reason = null, isVirbation = false, mIsCallingOrDisconnected = true
05-22 01:16:58.005  1466  1499 E ApplicationHelper: Fail to get PackageManager
05-22 01:16:58.005  1466  1499 E ApplicationHelper: Fail to get PackageManager
05-22 01:16:58.005  1466  1499 E ApplicationHelper: Fail to get PackageManager
05-22 01:16:58.005  1466  1499 E ApplicationHelper: Fail to get PackageManager
05-22 01:16:58.005  1466  1499 E ApplicationHelper: Fail to get PackageManager
05-22 01:16:58.005  1466  1499 E ApplicationHelper: Fail to get PackageManager
05-22 01:16:58.082  1466  1823 E hefenggg: vibrateInternal device = 0, opPkg = com.android.launcher3, effect = Mono{mEffect=Composed{segments=[Prebaked{effect=TEXTURE_TICK, strength=MEDIUM, fallback=true}], repeat=-1}}, reason = null, isVirbation = false, mIsCallingOrDisconnected = true
05-22 01:16:58.649  1466  1823 E hefenggg: vibrateInternal device = 0, opPkg = com.android.launcher3, effect = Mono{mEffect=Composed{segments=[Prebaked{effect=TEXTURE_TICK, strength=MEDIUM, fallback=true}], repeat=-1}}, reason = null, isVirbation = false, mIsCallingOrDisconnected = true
05-22 01:16:58.875  1466  1466 E MBrainLocalService: notifyAppSwitch failed
05-22 01:16:58.875  1466  1499 E ApplicationHelper: Fail to get PackageManager
05-22 01:16:58.973  1466  1665 E hefenggg: vibrateInternal device = 0, opPkg = com.android.launcher3, effect = Mono{mEffect=Composed{segments=[Prebaked{effect=TEXTURE_TICK, strength=MEDIUM, fallback=true}], repeat=-1}}, reason = null, isVirbation = false, mIsCallingOrDisconnected = true
05-22 01:16:59.092  1466  1499 E ApplicationHelper: Fail to get PackageManager
05-22 01:16:59.336  1466  1466 E MBrainLocalService: notifyAppSwitch failed
05-22 01:16:59.338  1466  1499 E ApplicationHelper: Fail to get PackageManager
05-22 01:16:59.338  1466  1499 E ApplicationHelper: Fail to get PackageManager
05-22 01:16:59.338  1466  1499 E ApplicationHelper: Fail to get PackageManager
05-22 01:16:59.338  1466  1499 E ApplicationHelper: Fail to get PackageManager
05-22 01:16:59.452  1466  1499 E ApplicationHelper: Fail to get PackageManager
05-22 01:16:59.453  1466  1499 E ApplicationHelper: Fail to get PackageManager
05-22 01:16:59.473  1466  1499 E ApplicationHelper: Fail to get PackageManager
05-22 01:16:59.971  1466  1466 E MBrainLocalService: notifyAppSwitch failed
05-22 01:16:59.975  1466  1466 E MBrainLocalService: notifyAppSwitch failed
05-22 01:16:59.981  1466  1499 E ApplicationHelper: Fail to get PackageManager
05-22 01:16:59.981  1466  1499 E ApplicationHelper: Fail to get PackageManager
05-22 01:16:59.981  1466  1499 E ApplicationHelper: Fail to get PackageManager
05-22 01:16:59.981  1466  1499 E ApplicationHelper: Fail to get PackageManager
05-22 01:16:59.983  1466  1499 E ApplicationHelper: Fail to get PackageManager
05-22 01:16:59.983  1466  1499 E ApplicationHelper: Fail to get PackageManager
05-22 01:16:59.983  1466  1499 E ApplicationHelper: Fail to get PackageManager
05-22 01:16:59.983  1466  1499 E ApplicationHelper: Fail to get PackageManager
05-22 01:16:59.983  1466  1499 E ApplicationHelper: Fail to get PackageManager
05-22 01:16:59.983  1466  1499 E ApplicationHelper: Fail to get PackageManager
05-22 01:16:59.983  1466  1499 E ApplicationHelper: Fail to get PackageManager
05-22 01:16:59.983  1466  1499 E ApplicationHelper: Fail to get PackageManager
05-22 01:16:59.993  1466  1499 E ApplicationHelper: Fail to get PackageManager
05-22 01:16:59.993  1466  1499 E ApplicationHelper: Fail to get PackageManager
05-22 01:16:59.993  1466  1499 E ApplicationHelper: Fail to get PackageManager
05-22 01:17:00.009  1466  1499 E ApplicationHelper: Fail to get PackageManager
05-22 01:17:00.016  1466  1499 E ApplicationHelper: Fail to get PackageManager
05-22 01:17:00.444  1466  2853 E ActivityTaskManager: callerProcess.processName :  com.android.settings
05-22 01:17:00.451  1466  1466 E MBrainLocalService: notifyAppSwitch failed
05-22 01:17:00.546  1466  1499 E ApplicationHelper: Fail to get PackageManager
05-22 01:17:00.553  1466  1499 E ApplicationHelper: Fail to get PackageManager
05-22 01:17:01.033  1466  1499 E ApplicationHelper: Fail to get PackageManager
05-22 01:17:01.036  1466  1499 E ApplicationHelper: Fail to get PackageManager
05-22 01:17:01.311  1466  1983 E hefenggg: vibrateInternal device = 0, opPkg = android, effect = Mono{mEffect=Composed{segments=[Prebaked{effect=CLICK, strength=MEDIUM, fallback=true}], repeat=-1}}, reason = Virtual Key - Press, isVirbation = false, mIsCallingOrDisconnected = true
05-22 01:17:01.457  1466  1499 E ApplicationHelper: Fail to get PackageManager
05-22 01:17:01.470  1466  1499 E ApplicationHelper: Fail to get PackageManager
05-22 01:17:01.970  1466  1499 E ApplicationHelper: Fail to get PackageManager
05-22 01:17:01.977  1466  1499 E ApplicationHelper: Fail to get PackageManager
05-22 01:17:02.271  1466  1823 E ActivityTaskManager: callerProcess.processName :  com.android.settings
05-22 01:17:02.361  1466  1499 E ApplicationHelper: Fail to get PackageManager
05-22 01:17:02.367  1466  1499 E ApplicationHelper: Fail to get PackageManager
05-22 01:17:02.857  1466  1499 E ApplicationHelper: Fail to get PackageManager
05-22 01:17:02.861  1466  1499 E ApplicationHelper: Fail to get PackageManager
05-22 01:17:04.032  1466  2848 E hefenggg: vibrateInternal device = 0, opPkg = android, effect = Mono{mEffect=Composed{segments=[Prebaked{effect=CLICK, strength=MEDIUM, fallback=true}], repeat=-1}}, reason = Virtual Key - Press, isVirbation = false, mIsCallingOrDisconnected = true
05-22 01:17:04.242  1466  1499 E ApplicationHelper: Fail to get PackageManager
05-22 01:17:04.749  1466  1499 E ApplicationHelper: Fail to get PackageManager
05-22 01:17:04.764  1466  1499 E ApplicationHelper: Fail to get PackageManager
05-22 01:17:05.271  1466  1996 E hefenggg: vibrateInternal device = 0, opPkg = android, effect = Mono{mEffect=Composed{segments=[Prebaked{effect=CLICK, strength=MEDIUM, fallback=true}], repeat=-1}}, reason = Virtual Key - Press, isVirbation = false, mIsCallingOrDisconnected = true
05-22 01:17:05.356  1466  1466 E MBrainLocalService: notifyAppSwitch failed
05-22 01:17:05.359  1466  1499 E ApplicationHelper: Fail to get PackageManager
05-22 01:17:05.360  1466  1499 E ApplicationHelper: Fail to get PackageManager
05-22 01:17:05.360  1466  1499 E ApplicationHelper: Fail to get PackageManager
05-22 01:17:05.361  1466  1499 E ApplicationHelper: Fail to get PackageManager
05-22 01:17:05.753  1466  1499 E ApplicationHelper: Fail to get PackageManager
05-22 01:17:05.807  1466  1499 E ApplicationHelper: Fail to get PackageManager
05-22 01:17:06.871  1466  3172 E hefenggg: performHapticFeedbackInternal device = 0, opPkg = com.android.launcher3, always = false, constant = 0, reason = View#performHapticFeedback, fromIme = false
05-22 01:17:06.871  1466  3172 E hefenggg: vibrateInternal device = 0, opPkg = com.android.launcher3, effect = Mono{mEffect=Composed{segments=[Prebaked{effect=HEAVY_CLICK, strength=MEDIUM, fallback=true}], repeat=-1}}, reason = performHapticFeedback(constant=0): View#performHapticFeedback, isVirbation = false, mIsCallingOrDisconnected = true
05-22 01:17:07.338  1466  3172 E ActivityTaskManager: callerProcess.processName :  com.android.launcher3
05-22 01:17:07.349  1466  1466 E MBrainLocalService: notifyAppSwitch failed
05-22 01:17:07.350  1466  1499 E ApplicationHelper: Fail to get PackageManager
05-22 01:17:07.355  1466  1499 E ApplicationHelper: Fail to get PackageManager
05-22 01:17:07.362  1466  1466 E MBrainLocalService: notifyAppSwitch failed
05-22 01:17:07.367  1466  1499 E ApplicationHelper: Fail to get PackageManager
05-22 01:17:07.367  1466  1499 E ApplicationHelper: Fail to get PackageManager
05-22 01:17:07.367  1466  1499 E ApplicationHelper: Fail to get PackageManager
05-22 01:17:07.367  1466  1499 E ApplicationHelper: Fail to get PackageManager
05-22 01:17:07.435  1466  3154 E ActivityTaskManager: callerProcess.processName :  com.android.settings
05-22 01:17:07.439  1466  1466 E MBrainLocalService: notifyAppSwitch failed
05-22 01:17:07.679  1466  1466 E MBrainLocalService: notifyAppSwitch failed
05-22 01:17:07.681  1466  1499 E ApplicationHelper: Fail to get PackageManager
05-22 01:17:07.681  1466  1499 E ApplicationHelper: Fail to get PackageManager
05-22 01:17:07.681  1466  1499 E ApplicationHelper: Fail to get PackageManager
05-22 01:17:07.683  1466  1466 E MBrainLocalService: notifyAppSwitch failed
05-22 01:17:07.702  1466  1499 E ApplicationHelper: Fail to get PackageManager
05-22 01:17:07.710  1466  1499 E ApplicationHelper: Fail to get PackageManager
05-22 01:17:07.710  1466  1499 E ApplicationHelper: Fail to get PackageManager
05-22 01:17:07.710  1466  1499 E ApplicationHelper: Fail to get PackageManager
05-22 01:17:08.041  1466  1499 E ApplicationHelper: Fail to get PackageManager
05-22 01:17:08.627  1466  1969 E ActivityTaskManager: callerProcess.processName :  com.android.settings
05-22 01:17:10.017  1466  2923 E hefenggg: vibrateInternal device = 0, opPkg = android, effect = Mono{mEffect=Composed{segments=[Prebaked{effect=CLICK, strength=MEDIUM, fallback=true}], repeat=-1}}, reason = Virtual Key - Press, isVirbation = false, mIsCallingOrDisconnected = true
05-22 01:17:10.120  1466  1499 E ApplicationHelper: Fail to get PackageManager
05-22 01:17:10.121  1466  1499 E ApplicationHelper: Fail to get PackageManager
05-22 01:17:10.125  1466  1499 E ApplicationHelper: Fail to get PackageManager
05-22 01:17:10.125  1466  1499 E ApplicationHelper: Fail to get PackageManager
05-22 01:17:10.134  1466  1466 E MBrainLocalService: notifyAppSwitch failed
05-22 01:17:10.174  1466  1499 E ApplicationHelper: Fail to get PackageManager
05-22 01:17:10.174  1466  1499 E ApplicationHelper: Fail to get PackageManager
05-22 01:17:10.174  1466  1499 E ApplicationHelper: Fail to get PackageManager
05-22 01:17:10.214  1466  3176 E hefenggg: performHapticFeedbackInternal device = 0, opPkg = com.android.systemui, always = false, constant = 1, reason = View#performHapticFeedback, fromIme = false
05-22 01:17:10.214  1466  3176 E hefenggg: vibrateInternal device = 0, opPkg = com.android.systemui, effect = Mono{mEffect=Composed{segments=[Prebaked{effect=CLICK, strength=MEDIUM, fallback=true}], repeat=-1}}, reason = performHapticFeedback(constant=1): View#performHapticFeedback, isVirbation = false, mIsCallingOrDisconnected = true
05-22 01:17:10.275  1466  1499 E ApplicationHelper: Fail to get PackageManager
05-22 01:17:10.315  1466  1499 E ApplicationHelper: Fail to get PackageManager
05-22 01:17:10.466  1466  3176 E hefenggg: vibrateInternal device = 0, opPkg = com.android.launcher3, effect = Mono{mEffect=Composed{segments=[Prebaked{effect=TEXTURE_TICK, strength=MEDIUM, fallback=true}], repeat=-1}}, reason = null, isVirbation = false, mIsCallingOrDisconnected = true
05-22 01:17:10.812  1466  1499 E ApplicationHelper: Fail to get PackageManager
05-22 01:17:10.923  1466  2923 E hefenggg: vibrateInternal device = 0, opPkg = com.android.launcher3, effect = Mono{mEffect=Composed{segments=[Prebaked{effect=TEXTURE_TICK, strength=MEDIUM, fallback=true}], repeat=-1}}, reason = null, isVirbation = false, mIsCallingOrDisconnected = true
05-22 01:17:11.278  1466  1466 E MBrainLocalService: notifyAppSwitch failed
05-22 01:17:11.282  1466  1499 E ApplicationHelper: Fail to get PackageManager
05-22 01:17:11.283  1466  1499 E ApplicationHelper: Fail to get PackageManager
05-22 01:17:11.283  1466  1499 E ApplicationHelper: Fail to get PackageManager
05-22 01:17:11.377  1466  1499 E ApplicationHelper: Fail to get PackageManager
05-22 01:17:11.386  1466  1499 E ApplicationHelper: Fail to get PackageManager
05-22 01:17:11.783  1466  1664 E ActivityTaskManager: callerProcess.processName :  com.android.launcher3
05-22 01:17:11.794  1466  1466 E MBrainLocalService: notifyAppSwitch failed
05-22 01:17:11.806  1466  1499 E ApplicationHelper: Fail to get PackageManager
05-22 01:17:11.812  1466  1499 E ApplicationHelper: Fail to get PackageManager
05-22 01:17:11.812  1466  1499 E ApplicationHelper: Fail to get PackageManager
05-22 01:17:11.812  1466  1499 E ApplicationHelper: Fail to get PackageManager
05-22 01:17:11.812  1466  1499 E ApplicationHelper: Fail to get PackageManager
05-22 01:17:11.812  1466  1499 E ApplicationHelper: Fail to get PackageManager
05-22 01:17:11.812  1466  1499 E ApplicationHelper: Fail to get PackageManager
05-22 01:17:11.835  1466  1499 E ApplicationHelper: Fail to get PackageManager
05-22 01:17:11.912  1466  1466 E MBrainLocalService: notifyAppSwitch failed
05-22 01:17:12.011  1466  1499 E ApplicationHelper: Fail to get PackageManager
05-22 01:17:12.011  1466  1499 E ApplicationHelper: Fail to get PackageManager
05-22 01:17:12.358  1466  1499 E ApplicationHelper: Fail to get PackageManager
05-22 01:17:12.358  1466  1499 E ApplicationHelper: Fail to get PackageManager
05-22 01:17:12.358  1466  1499 E ApplicationHelper: Fail to get PackageManager
05-22 01:17:12.370  1466  1499 E ApplicationHelper: Fail to get PackageManager
05-22 01:17:12.370  1466  1499 E ApplicationHelper: Fail to get PackageManager
05-22 01:17:12.449  1466  1499 E ApplicationHelper: Fail to get PackageManager
05-22 01:17:13.299  1466  1499 E ApplicationHelper: Fail to get PackageManager
05-22 01:17:13.459  1466  3176 E ActivityTaskManager: callerProcess.processName :  com.activitypointsnative
05-22 01:17:13.472  1466  1466 E MBrainLocalService: notifyAppSwitch failed
05-22 01:17:13.484  1466  1499 E ApplicationHelper: Fail to get PackageManager
05-22 01:17:13.485  1466  1466 E MBrainLocalService: notifyAppSwitch failed
05-22 01:17:13.517  1466  1499 E ApplicationHelper: Fail to get PackageManager
05-22 01:17:13.538  1466  1499 E ApplicationHelper: Fail to get PackageManager
05-22 01:17:13.551  1466  1499 E ApplicationHelper: Fail to get PackageManager
05-22 01:17:13.583  1466  1499 E ApplicationHelper: Fail to get PackageManager
05-22 01:17:13.584  1466  1466 E MBrainLocalService: notifyAppSwitch failed
05-22 01:17:13.589  1466  1499 E ApplicationHelper: Fail to get PackageManager
05-22 01:17:13.602  1466  1466 E MBrainLocalService: notifyAppSwitch failed
05-22 01:17:13.612  1466  1499 E ApplicationHelper: Fail to get PackageManager
05-22 01:17:13.628  1466  1499 E ApplicationHelper: Fail to get PackageManager
05-22 01:17:13.628  1466  1499 E ApplicationHelper: Fail to get PackageManager
05-22 01:17:13.629  1466  1499 E ApplicationHelper: Fail to get PackageManager
05-22 01:17:13.629  1466  1499 E ApplicationHelper: Fail to get PackageManager
05-22 01:17:13.629  1466  1499 E ApplicationHelper: Fail to get PackageManager
05-22 01:17:13.629  1466  1499 E ApplicationHelper: Fail to get PackageManager
05-22 01:17:13.629  1466  1499 E ApplicationHelper: Fail to get PackageManager
05-22 01:17:13.629  1466  1499 E ApplicationHelper: Fail to get PackageManager
05-22 01:17:13.629  1466  1499 E ApplicationHelper: Fail to get PackageManager
05-22 01:17:14.398  1466  3176 E hefenggg: performHapticFeedbackInternal device = 0, opPkg = com.android.systemui, always = false, constant = 1, reason = View#performHapticFeedback, fromIme = false
05-22 01:17:14.399  1466  3176 E hefenggg: vibrateInternal device = 0, opPkg = com.android.systemui, effect = Mono{mEffect=Composed{segments=[Prebaked{effect=CLICK, strength=MEDIUM, fallback=true}], repeat=-1}}, reason = performHapticFeedback(constant=1): View#performHapticFeedback, isVirbation = false, mIsCallingOrDisconnected = true
05-22 01:17:14.956  1466  1499 E ApplicationHelper: Fail to get PackageManager
05-22 01:17:18.488  1466  1499 E ApplicationHelper: Fail to get PackageManager
05-22 01:17:19.340  1466  1499 E ApplicationHelper: Fail to get PackageManager
05-22 01:17:19.340  1466  1499 E ApplicationHelper: Fail to get PackageManager
05-22 01:17:19.744  1466  1499 E ApplicationHelper: Fail to get PackageManager
05-22 01:17:23.586  1466  1499 E ApplicationHelper: Fail to get PackageManager
05-22 01:17:23.586  1466  1499 E ApplicationHelper: Fail to get PackageManager
05-22 01:17:28.592  1466  1499 E ApplicationHelper: Fail to get PackageManager
05-22 01:17:28.597  1466  1499 E ApplicationHelper: Fail to get PackageManager
05-22 01:17:35.195  1466  1499 E ApplicationHelper: Fail to get PackageManager
05-22 01:17:36.848  1466  1499 E ApplicationHelper: Fail to get PackageManager
05-22 01:17:36.848  1466  1499 E ApplicationHelper: Fail to get PackageManager
05-22 01:17:36.850  1466  1499 E ApplicationHelper: Fail to get PackageManager
05-22 01:17:38.381  1466  1499 E ApplicationHelper: Fail to get PackageManager
05-22 01:17:38.438  1466  1499 E ApplicationHelper: Fail to get PackageManager
05-22 01:17:38.443  1466  1499 E ApplicationHelper: Fail to get PackageManager
05-22 01:17:38.450  1466  1499 E ApplicationHelper: Fail to get PackageManager
05-22 01:17:38.450  1466  1499 E ApplicationHelper: Fail to get PackageManager
05-22 01:17:38.473  1466  1499 E ApplicationHelper: Fail to get PackageManager
05-22 01:17:38.479  1466  1499 E ApplicationHelper: Fail to get PackageManager
05-22 01:17:39.153  1466  1499 E ApplicationHelper: Fail to get PackageManager
05-22 01:17:39.156  1466  1499 E ApplicationHelper: Fail to get PackageManager
05-22 01:17:43.378  1466  1499 E ApplicationHelper: Fail to get PackageManager
05-22 01:17:43.652  1466  1499 E ApplicationHelper: Fail to get PackageManager
05-22 01:17:46.056  1466  1499 E ApplicationHelper: Fail to get PackageManager
05-22 01:17:48.044  1466  3172 E hefenggg: vibrateInternal device = 0, opPkg = android, effect = Mono{mEffect=Composed{segments=[Prebaked{effect=CLICK, strength=MEDIUM, fallback=true}], repeat=-1}}, reason = Virtual Key - Press, isVirbation = false, mIsCallingOrDisconnected = true
05-22 01:17:48.694  1466  2850 E hefenggg: vibrateInternal device = 0, opPkg = android, effect = Mono{mEffect=Composed{segments=[Prebaked{effect=CLICK, strength=MEDIUM, fallback=true}], repeat=-1}}, reason = Virtual Key - Press, isVirbation = false, mIsCallingOrDisconnected = true
05-22 01:17:48.800  1466  1466 E MBrainLocalService: notifyAppSwitch failed
05-22 01:17:48.811  1466  1466 E MBrainLocalService: notifyAppSwitch failed
05-22 01:17:48.814  1466  1499 E ApplicationHelper: Fail to get PackageManager
05-22 01:17:48.815  1466  1499 E ApplicationHelper: Fail to get PackageManager
05-22 01:17:48.815  1466  1499 E ApplicationHelper: Fail to get PackageManager
05-22 01:17:48.815  1466  1499 E ApplicationHelper: Fail to get PackageManager
05-22 01:17:48.815  1466  1499 E ApplicationHelper: Fail to get PackageManager
05-22 01:17:48.815  1466  1499 E ApplicationHelper: Fail to get PackageManager
05-22 01:17:48.815  1466  1499 E ApplicationHelper: Fail to get PackageManager
05-22 01:17:48.815  1466  1499 E ApplicationHelper: Fail to get PackageManager
05-22 01:17:48.815  1466  1499 E ApplicationHelper: Fail to get PackageManager
05-22 01:17:48.817  1466  1499 E ApplicationHelper: Fail to get PackageManager
05-22 01:17:48.817  1466  1499 E ApplicationHelper: Fail to get PackageManager
05-22 01:17:48.872  1466  1499 E ApplicationHelper: Fail to get PackageManager
05-22 01:17:48.946  1466  1499 E ApplicationHelper: Fail to get PackageManager
05-22 01:17:48.949  1466  1499 E ApplicationHelper: Fail to get PackageManager
05-22 01:17:49.383  1466  1499 E ApplicationHelper: Fail to get PackageManager
05-22 01:17:49.404  1466  1499 E ApplicationHelper: Fail to get PackageManager
05-22 01:17:49.413  1466  1499 E ApplicationHelper: Fail to get PackageManager
05-22 01:17:49.415  1466  1499 E ApplicationHelper: Fail to get PackageManager
05-22 01:17:49.438  1466  1499 E ApplicationHelper: Fail to get PackageManager
05-22 01:17:49.439  1466  1499 E ApplicationHelper: Fail to get PackageManager
05-22 01:17:49.439  1466  1499 E ApplicationHelper: Fail to get PackageManager
05-22 01:17:49.439  1466  1499 E ApplicationHelper: Fail to get PackageManager
05-22 01:17:49.439  1466  1499 E ApplicationHelper: Fail to get PackageManager
05-22 01:17:49.439  1466  1499 E ApplicationHelper: Fail to get PackageManager
05-22 01:17:49.439  1466  1499 E ApplicationHelper: Fail to get PackageManager
05-22 01:17:49.622  1466  1499 E ApplicationHelper: Fail to get PackageManager
05-22 01:17:49.653  1466  1499 E ApplicationHelper: Fail to get PackageManager
05-22 01:17:49.657  1466  1499 E ApplicationHelper: Fail to get PackageManager
05-22 01:17:49.664  1466  1499 E ApplicationHelper: Fail to get PackageManager
05-22 01:17:49.729  1466  1499 E ApplicationHelper: Fail to get PackageManager
05-22 01:17:49.762  1466  1499 E ApplicationHelper: Fail to get PackageManager
05-22 01:17:49.762  1466  1499 E ApplicationHelper: Fail to get PackageManager
05-22 01:17:49.852  1466  1499 E ApplicationHelper: Fail to get PackageManager
05-22 01:17:49.853  1466  1499 E ApplicationHelper: Fail to get PackageManager
05-22 01:17:50.032  1466  3172 E ActivityTaskManager: callerProcess.processName :  com.android.launcher3
05-22 01:17:50.047  1466  1466 E MBrainLocalService: notifyAppSwitch failed
05-22 01:17:50.051  1466  1499 E ApplicationHelper: Fail to get PackageManager
05-22 01:17:50.067  1466  1499 E ApplicationHelper: Fail to get PackageManager
05-22 01:17:50.097  1466  1499 E ApplicationHelper: Fail to get PackageManager
05-22 01:17:50.177  1466  1499 E ApplicationHelper: Fail to get PackageManager
05-22 01:17:50.213  1466  1466 E MBrainLocalService: notifyAppSwitch failed
05-22 01:17:50.270  1466  1499 E ApplicationHelper: Fail to get PackageManager
05-22 01:17:50.274  1466  1499 E ApplicationHelper: Fail to get PackageManager
05-22 01:17:50.274  1466  1499 E ApplicationHelper: Fail to get PackageManager
05-22 01:17:50.275  1466  1499 E ApplicationHelper: Fail to get PackageManager
05-22 01:17:50.276  1466  1499 E ApplicationHelper: Fail to get PackageManager
05-22 01:17:50.276  1466  1499 E ApplicationHelper: Fail to get PackageManager
05-22 01:17:50.540  1466  1499 E ApplicationHelper: Fail to get PackageManager
05-22 01:17:50.540  1466  1499 E ApplicationHelper: Fail to get PackageManager
05-22 01:17:50.540  1466  1499 E ApplicationHelper: Fail to get PackageManager
05-22 01:17:50.540  1466  1499 E ApplicationHelper: Fail to get PackageManager
05-22 01:17:50.540  1466  1499 E ApplicationHelper: Fail to get PackageManager
05-22 01:17:50.540  1466  1499 E ApplicationHelper: Fail to get PackageManager
05-22 01:17:50.540  1466  1499 E ApplicationHelper: Fail to get PackageManager
05-22 01:17:50.540  1466  1499 E ApplicationHelper: Fail to get PackageManager
05-22 01:17:50.540  1466  1499 E ApplicationHelper: Fail to get PackageManager
05-22 01:17:50.540  1466  1499 E ApplicationHelper: Fail to get PackageManager
05-22 01:17:50.540  1466  1499 E ApplicationHelper: Fail to get PackageManager
05-22 01:17:50.540  1466  1499 E ApplicationHelper: Fail to get PackageManager
05-22 01:17:50.540  1466  1499 E ApplicationHelper: Fail to get PackageManager
05-22 01:17:50.624  1466  1499 E ApplicationHelper: Fail to get PackageManager
05-22 01:17:50.624  1466  1499 E ApplicationHelper: Fail to get PackageManager
05-22 01:17:50.628  1466  1499 E ApplicationHelper: Fail to get PackageManager
05-22 01:17:50.637  1466  1499 E ApplicationHelper: Fail to get PackageManager
05-22 01:17:50.853  1466  1499 E ApplicationHelper: Fail to get PackageManager
05-22 01:17:50.857  1466  5185 E AppOpService: Blocked setUidMode call for runtime permission app op: uid = 10089, code = COARSE_LOCATION, mode = foreground, callingUid = 1000, oldMode = allow
05-22 01:17:50.857  1466  5185 E AppOpService: java.lang.RuntimeException
05-22 01:17:50.857  1466  5185 E AppOpService: 	at com.android.server.permission.access.appop.AppOpService.setUidMode(AppOpService.kt:268)
05-22 01:17:50.857  1466  5185 E AppOpService: 	at com.android.server.appop.AppOpsCheckingServiceTracingDecorator.setUidMode(AppOpsCheckingServiceTracingDecorator.java:120)
05-22 01:17:50.857  1466  5185 E AppOpService: 	at com.android.server.appop.AppOpsService.setUidMode(AppOpsService.java:2104)
05-22 01:17:50.857  1466  5185 E AppOpService: 	at com.android.server.appop.AppOpsService.setUidMode(AppOpsService.java:2054)
05-22 01:17:50.857  1466  5185 E AppOpService: 	at android.app.AppOpsManager.setUidMode(AppOpsManager.java:8107)
05-22 01:17:50.857  1466  5185 E AppOpService: 	at com.android.role.controller.model.Permissions.setAppOpModeAsUser(Permissions.java:908)
05-22 01:17:50.857  1466  5185 E AppOpService: 	at com.android.role.controller.model.Permissions.setAppOpUidModeAsUser(Permissions.java:885)
05-22 01:17:50.857  1466  5185 E AppOpService: 	at com.android.role.controller.model.Permissions.grantPermissionAndAppOpAsUser(Permissions.java:373)
05-22 01:17:50.857  1466  5185 E AppOpService: 	at com.android.role.controller.model.Permissions.grantSingleAsUser(Permissions.java:247)
05-22 01:17:50.857  1466  5185 E AppOpService: 	at com.android.role.controller.model.Permissions.grantAsUser(Permissions.java:205)
05-22 01:17:50.857  1466  5185 E AppOpService: 	at com.android.role.controller.model.Role.grantAsUser(Role.java:941)
05-22 01:17:50.857  1466  5185 E AppOpService: 	at com.android.role.controller.service.RoleControllerServiceImpl.addRoleHolderInternal(RoleControllerServiceImpl.java:380)
05-22 01:17:50.857  1466  5185 E AppOpService: 	at com.android.role.controller.service.RoleControllerServiceImpl.onGrantDefaultRoles(RoleControllerServiceImpl.java:163)
05-22 01:17:50.857  1466  5185 E AppOpService: 	at com.android.role.LocalRoleController.lambda$grantDefaultRoles$1(LocalRoleController.java:56)
05-22 01:17:50.857  1466  5185 E AppOpService: 	at com.android.role.LocalRoleController.$r8$lambda$ye-flP7Mf14AbTzwSmiTgndT6Cg(LocalRoleController.java:0)
05-22 01:17:50.857  1466  5185 E AppOpService: 	at com.android.role.LocalRoleController$$ExternalSyntheticLambda1.run(R8$$SyntheticClass:0)
05-22 01:17:50.857  1466  5185 E AppOpService: 	at android.os.Handler.handleCallback(Handler.java:959)
05-22 01:17:50.857  1466  5185 E AppOpService: 	at android.os.Handler.dispatchMessage(Handler.java:100)
05-22 01:17:50.857  1466  5185 E AppOpService: 	at android.os.Looper.loopOnce(Looper.java:232)
05-22 01:17:50.857  1466  5185 E AppOpService: 	at android.os.Looper.loop(Looper.java:317)
05-22 01:17:50.857  1466  5185 E AppOpService: 	at android.os.HandlerThread.run(HandlerThread.java:85)
05-22 01:17:50.857  1466  1499 E ApplicationHelper: Fail to get PackageManager
05-22 01:17:50.859  1466  5185 E AppOpService: Blocked setUidMode call for runtime permission app op: uid = 10088, code = FINE_LOCATION, mode = foreground, callingUid = 1000, oldMode = allow
05-22 01:17:50.859  1466  5185 E AppOpService: java.lang.RuntimeException
05-22 01:17:50.859  1466  5185 E AppOpService: 	at com.android.server.permission.access.appop.AppOpService.setUidMode(AppOpService.kt:268)
05-22 01:17:50.859  1466  5185 E AppOpService: 	at com.android.server.appop.AppOpsCheckingServiceTracingDecorator.setUidMode(AppOpsCheckingServiceTracingDecorator.java:120)
05-22 01:17:50.859  1466  5185 E AppOpService: 	at com.android.server.appop.AppOpsService.setUidMode(AppOpsService.java:2104)
05-22 01:17:50.859  1466  5185 E AppOpService: 	at com.android.server.appop.AppOpsService.setUidMode(AppOpsService.java:2054)
05-22 01:17:50.859  1466  5185 E AppOpService: 	at android.app.AppOpsManager.setUidMode(AppOpsManager.java:8107)
05-22 01:17:50.859  1466  5185 E AppOpService: 	at com.android.role.controller.model.Permissions.setAppOpModeAsUser(Permissions.java:908)
05-22 01:17:50.859  1466  5185 E AppOpService: 	at com.android.role.controller.model.Permissions.setAppOpUidModeAsUser(Permissions.java:885)
05-22 01:17:50.859  1466  5185 E AppOpService: 	at com.android.role.controller.model.Permissions.grantPermissionAndAppOpAsUser(Permissions.java:373)
05-22 01:17:50.859  1466  5185 E AppOpService: 	at com.android.role.controller.model.Permissions.grantSingleAsUser(Permissions.java:247)
05-22 01:17:50.859  1466  5185 E AppOpService: 	at com.android.role.controller.model.Permissions.grantAsUser(Permissions.java:205)
05-22 01:17:50.859  1466  5185 E AppOpService: 	at com.android.role.controller.model.Role.grantAsUser(Role.java:941)
05-22 01:17:50.859  1466  5185 E AppOpService: 	at com.android.role.controller.service.RoleControllerServiceImpl.addRoleHolderInternal(RoleControllerServiceImpl.java:380)
05-22 01:17:50.859  1466  5185 E AppOpService: 	at com.android.role.controller.service.RoleControllerServiceImpl.onGrantDefaultRoles(RoleControllerServiceImpl.java:163)
05-22 01:17:50.859  1466  5185 E AppOpService: 	at com.android.role.LocalRoleController.lambda$grantDefaultRoles$1(LocalRoleController.java:56)
05-22 01:17:50.859  1466  5185 E AppOpService: 	at com.android.role.LocalRoleController.$r8$lambda$ye-flP7Mf14AbTzwSmiTgndT6Cg(LocalRoleController.java:0)
05-22 01:17:50.859  1466  5185 E AppOpService: 	at com.android.role.LocalRoleController$$ExternalSyntheticLambda1.run(R8$$SyntheticClass:0)
05-22 01:17:50.859  1466  5185 E AppOpService: 	at android.os.Handler.handleCallback(Handler.java:959)
05-22 01:17:50.859  1466  5185 E AppOpService: 	at android.os.Handler.dispatchMessage(Handler.java:100)
05-22 01:17:50.859  1466  5185 E AppOpService: 	at android.os.Looper.loopOnce(Looper.java:232)
05-22 01:17:50.859  1466  5185 E AppOpService: 	at android.os.Looper.loop(Looper.java:317)
05-22 01:17:50.859  1466  5185 E AppOpService: 	at android.os.HandlerThread.run(HandlerThread.java:85)
05-22 01:17:50.861  1466  5185 E AppOpService: Blocked setUidMode call for runtime permission app op: uid = 10088, code = COARSE_LOCATION, mode = foreground, callingUid = 1000, oldMode = allow
05-22 01:17:50.861  1466  5185 E AppOpService: java.lang.RuntimeException
05-22 01:17:50.861  1466  5185 E AppOpService: 	at com.android.server.permission.access.appop.AppOpService.setUidMode(AppOpService.kt:268)
05-22 01:17:50.861  1466  5185 E AppOpService: 	at com.android.server.appop.AppOpsCheckingServiceTracingDecorator.setUidMode(AppOpsCheckingServiceTracingDecorator.java:120)
05-22 01:17:50.861  1466  5185 E AppOpService: 	at com.android.server.appop.AppOpsService.setUidMode(AppOpsService.java:2104)
05-22 01:17:50.861  1466  5185 E AppOpService: 	at com.android.server.appop.AppOpsService.setUidMode(AppOpsService.java:2054)
05-22 01:17:50.861  1466  5185 E AppOpService: 	at android.app.AppOpsManager.setUidMode(AppOpsManager.java:8107)
05-22 01:17:50.861  1466  5185 E AppOpService: 	at com.android.role.controller.model.Permissions.setAppOpModeAsUser(Permissions.java:908)
05-22 01:17:50.861  1466  5185 E AppOpService: 	at com.android.role.controller.model.Permissions.setAppOpUidModeAsUser(Permissions.java:885)
05-22 01:17:50.861  1466  5185 E AppOpService: 	at com.android.role.controller.model.Permissions.grantPermissionAndAppOpAsUser(Permissions.java:373)
05-22 01:17:50.861  1466  5185 E AppOpService: 	at com.android.role.controller.model.Permissions.grantSingleAsUser(Permissions.java:247)
05-22 01:17:50.861  1466  5185 E AppOpService: 	at com.android.role.controller.model.Permissions.grantAsUser(Permissions.java:205)
05-22 01:17:50.861  1466  5185 E AppOpService: 	at com.android.role.controller.model.Role.grantAsUser(Role.java:941)
05-22 01:17:50.861  1466  5185 E AppOpService: 	at com.android.role.controller.service.RoleControllerServiceImpl.addRoleHolderInternal(RoleControllerServiceImpl.java:380)
05-22 01:17:50.861  1466  5185 E AppOpService: 	at com.android.role.controller.service.RoleControllerServiceImpl.onGrantDefaultRoles(RoleControllerServiceImpl.java:163)
05-22 01:17:50.861  1466  5185 E AppOpService: 	at com.android.role.LocalRoleController.lambda$grantDefaultRoles$1(LocalRoleController.java:56)
05-22 01:17:50.861  1466  5185 E AppOpService: 	at com.android.role.LocalRoleController.$r8$lambda$ye-flP7Mf14AbTzwSmiTgndT6Cg(LocalRoleController.java:0)
05-22 01:17:50.861  1466  5185 E AppOpService: 	at com.android.role.LocalRoleController$$ExternalSyntheticLambda1.run(R8$$SyntheticClass:0)
05-22 01:17:50.861  1466  5185 E AppOpService: 	at android.os.Handler.handleCallback(Handler.java:959)
05-22 01:17:50.861  1466  5185 E AppOpService: 	at android.os.Handler.dispatchMessage(Handler.java:100)
05-22 01:17:50.861  1466  5185 E AppOpService: 	at android.os.Looper.loopOnce(Looper.java:232)
05-22 01:17:50.861  1466  5185 E AppOpService: 	at android.os.Looper.loop(Looper.java:317)
05-22 01:17:50.861  1466  5185 E AppOpService: 	at android.os.HandlerThread.run(HandlerThread.java:85)
05-22 01:17:50.869  1466  5185 E AppOpService: Blocked setUidMode call for runtime permission app op: uid = 10089, code = COARSE_LOCATION, mode = foreground, callingUid = 1000, oldMode = allow
05-22 01:17:50.869  1466  5185 E AppOpService: java.lang.RuntimeException
05-22 01:17:50.869  1466  5185 E AppOpService: 	at com.android.server.permission.access.appop.AppOpService.setUidMode(AppOpService.kt:268)
05-22 01:17:50.869  1466  5185 E AppOpService: 	at com.android.server.appop.AppOpsCheckingServiceTracingDecorator.setUidMode(AppOpsCheckingServiceTracingDecorator.java:120)
05-22 01:17:50.869  1466  5185 E AppOpService: 	at com.android.server.appop.AppOpsService.setUidMode(AppOpsService.java:2104)
05-22 01:17:50.869  1466  5185 E AppOpService: 	at com.android.server.appop.AppOpsService.setUidMode(AppOpsService.java:2054)
05-22 01:17:50.869  1466  5185 E AppOpService: 	at android.app.AppOpsManager.setUidMode(AppOpsManager.java:8107)
05-22 01:17:50.869  1466  5185 E AppOpService: 	at com.android.role.controller.model.Permissions.setAppOpModeAsUser(Permissions.java:908)
05-22 01:17:50.869  1466  5185 E AppOpService: 	at com.android.role.controller.model.Permissions.setAppOpUidModeAsUser(Permissions.java:885)
05-22 01:17:50.869  1466  5185 E AppOpService: 	at com.android.role.controller.model.Permissions.grantPermissionAndAppOpAsUser(Permissions.java:373)
05-22 01:17:50.869  1466  5185 E AppOpService: 	at com.android.role.controller.model.Permissions.grantSingleAsUser(Permissions.java:247)
05-22 01:17:50.869  1466  5185 E AppOpService: 	at com.android.role.controller.model.Permissions.grantAsUser(Permissions.java:205)
05-22 01:17:50.869  1466  5185 E AppOpService: 	at com.android.role.controller.model.Role.grantAsUser(Role.java:941)
05-22 01:17:50.869  1466  5185 E AppOpService: 	at com.android.role.controller.service.RoleControllerServiceImpl.addRoleHolderInternal(RoleControllerServiceImpl.java:380)
05-22 01:17:50.869  1466  5185 E AppOpService: 	at com.android.role.controller.service.RoleControllerServiceImpl.onGrantDefaultRoles(RoleControllerServiceImpl.java:163)
05-22 01:17:50.869  1466  5185 E AppOpService: 	at com.android.role.LocalRoleController.lambda$grantDefaultRoles$1(LocalRoleController.java:56)
05-22 01:17:50.869  1466  5185 E AppOpService: 	at com.android.role.LocalRoleController.$r8$lambda$ye-flP7Mf14AbTzwSmiTgndT6Cg(LocalRoleController.java:0)
05-22 01:17:50.869  1466  5185 E AppOpService: 	at com.android.role.LocalRoleController$$ExternalSyntheticLambda1.run(R8$$SyntheticClass:0)
05-22 01:17:50.869  1466  5185 E AppOpService: 	at android.os.Handler.handleCallback(Handler.java:959)
05-22 01:17:50.869  1466  5185 E AppOpService: 	at android.os.Handler.dispatchMessage(Handler.java:100)
05-22 01:17:50.869  1466  5185 E AppOpService: 	at android.os.Looper.loopOnce(Looper.java:232)
05-22 01:17:50.869  1466  5185 E AppOpService: 	at android.os.Looper.loop(Looper.java:317)
05-22 01:17:50.869  1466  5185 E AppOpService: 	at android.os.HandlerThread.run(HandlerThread.java:85)
05-22 01:17:50.941  1466  5185 E AppOpService: Blocked setUidMode call for runtime permission app op: uid = 10112, code = FINE_LOCATION, mode = foreground, callingUid = 1000, oldMode = allow
05-22 01:17:50.941  1466  5185 E AppOpService: java.lang.RuntimeException
05-22 01:17:50.941  1466  5185 E AppOpService: 	at com.android.server.permission.access.appop.AppOpService.setUidMode(AppOpService.kt:268)
05-22 01:17:50.941  1466  5185 E AppOpService: 	at com.android.server.appop.AppOpsCheckingServiceTracingDecorator.setUidMode(AppOpsCheckingServiceTracingDecorator.java:120)
05-22 01:17:50.941  1466  5185 E AppOpService: 	at com.android.server.appop.AppOpsService.setUidMode(AppOpsService.java:2104)
05-22 01:17:50.941  1466  5185 E AppOpService: 	at com.android.server.appop.AppOpsService.setUidMode(AppOpsService.java:2054)
05-22 01:17:50.941  1466  5185 E AppOpService: 	at android.app.AppOpsManager.setUidMode(AppOpsManager.java:8107)
05-22 01:17:50.941  1466  5185 E AppOpService: 	at com.android.role.controller.model.Permissions.setAppOpModeAsUser(Permissions.java:908)
05-22 01:17:50.941  1466  5185 E AppOpService: 	at com.android.role.controller.model.Permissions.setAppOpUidModeAsUser(Permissions.java:885)
05-22 01:17:50.941  1466  5185 E AppOpService: 	at com.android.role.controller.model.Permissions.grantPermissionAndAppOpAsUser(Permissions.java:373)
05-22 01:17:50.941  1466  5185 E AppOpService: 	at com.android.role.controller.model.Permissions.grantSingleAsUser(Permissions.java:247)
05-22 01:17:50.941  1466  5185 E AppOpService: 	at com.android.role.controller.model.Permissions.grantAsUser(Permissions.java:205)
05-22 01:17:50.941  1466  5185 E AppOpService: 	at com.android.role.controller.behavior.BrowserRoleBehavior.grantAsUser(BrowserRoleBehavior.java:142)
05-22 01:17:50.941  1466  5185 E AppOpService: 	at com.android.role.controller.model.Role.grantAsUser(Role.java:967)
05-22 01:17:50.941  1466  5185 E AppOpService: 	at com.android.role.controller.service.RoleControllerServiceImpl.addRoleHolderInternal(RoleControllerServiceImpl.java:380)
05-22 01:17:50.941  1466  5185 E AppOpService: 	at com.android.role.controller.service.RoleControllerServiceImpl.onGrantDefaultRoles(RoleControllerServiceImpl.java:163)
05-22 01:17:50.941  1466  5185 E AppOpService: 	at com.android.role.LocalRoleController.lambda$grantDefaultRoles$1(LocalRoleController.java:56)
05-22 01:17:50.941  1466  5185 E AppOpService: 	at com.android.role.LocalRoleController.$r8$lambda$ye-flP7Mf14AbTzwSmiTgndT6Cg(LocalRoleController.java:0)
05-22 01:17:50.941  1466  5185 E AppOpService: 	at com.android.role.LocalRoleController$$ExternalSyntheticLambda1.run(R8$$SyntheticClass:0)
05-22 01:17:50.941  1466  5185 E AppOpService: 	at android.os.Handler.handleCallback(Handler.java:959)
05-22 01:17:50.941  1466  5185 E AppOpService: 	at android.os.Handler.dispatchMessage(Handler.java:100)
05-22 01:17:50.941  1466  5185 E AppOpService: 	at android.os.Looper.loopOnce(Looper.java:232)
05-22 01:17:50.941  1466  5185 E AppOpService: 	at android.os.Looper.loop(Looper.java:317)
05-22 01:17:50.941  1466  5185 E AppOpService: 	at android.os.HandlerThread.run(HandlerThread.java:85)
05-22 01:17:50.941  1466  5185 E AppOpService: Blocked setUidMode call for runtime permission app op: uid = 10112, code = COARSE_LOCATION, mode = foreground, callingUid = 1000, oldMode = allow
05-22 01:17:50.941  1466  5185 E AppOpService: java.lang.RuntimeException
05-22 01:17:50.941  1466  5185 E AppOpService: 	at com.android.server.permission.access.appop.AppOpService.setUidMode(AppOpService.kt:268)
05-22 01:17:50.941  1466  5185 E AppOpService: 	at com.android.server.appop.AppOpsCheckingServiceTracingDecorator.setUidMode(AppOpsCheckingServiceTracingDecorator.java:120)
05-22 01:17:50.941  1466  5185 E AppOpService: 	at com.android.server.appop.AppOpsService.setUidMode(AppOpsService.java:2104)
05-22 01:17:50.941  1466  5185 E AppOpService: 	at com.android.server.appop.AppOpsService.setUidMode(AppOpsService.java:2054)
05-22 01:17:50.941  1466  5185 E AppOpService: 	at android.app.AppOpsManager.setUidMode(AppOpsManager.java:8107)
05-22 01:17:50.941  1466  5185 E AppOpService: 	at com.android.role.controller.model.Permissions.setAppOpModeAsUser(Permissions.java:908)
05-22 01:17:50.941  1466  5185 E AppOpService: 	at com.android.role.controller.model.Permissions.setAppOpUidModeAsUser(Permissions.java:885)
05-22 01:17:50.941  1466  5185 E AppOpService: 	at com.android.role.controller.model.Permissions.grantPermissionAndAppOpAsUser(Permissions.java:373)
05-22 01:17:50.941  1466  5185 E AppOpService: 	at com.android.role.controller.model.Permissions.grantSingleAsUser(Permissions.java:247)
05-22 01:17:50.941  1466  5185 E AppOpService: 	at com.android.role.controller.model.Permissions.grantAsUser(Permissions.java:205)
05-22 01:17:50.941  1466  5185 E AppOpService: 	at com.android.role.controller.behavior.BrowserRoleBehavior.grantAsUser(BrowserRoleBehavior.java:142)
05-22 01:17:50.941  1466  5185 E AppOpService: 	at com.android.role.controller.model.Role.grantAsUser(Role.java:967)
05-22 01:17:50.941  1466  5185 E AppOpService: 	at com.android.role.controller.service.RoleControllerServiceImpl.addRoleHolderInternal(RoleControllerServiceImpl.java:380)
05-22 01:17:50.941  1466  5185 E AppOpService: 	at com.android.role.controller.service.RoleControllerServiceImpl.onGrantDefaultRoles(RoleControllerServiceImpl.java:163)
05-22 01:17:50.941  1466  5185 E AppOpService: 	at com.android.role.LocalRoleController.lambda$grantDefaultRoles$1(LocalRoleController.java:56)
05-22 01:17:50.941  1466  5185 E AppOpService: 	at com.android.role.LocalRoleController.$r8$lambda$ye-flP7Mf14AbTzwSmiTgndT6Cg(LocalRoleController.java:0)
05-22 01:17:50.941  1466  5185 E AppOpService: 	at com.android.role.LocalRoleController$$ExternalSyntheticLambda1.run(R8$$SyntheticClass:0)
05-22 01:17:50.941  1466  5185 E AppOpService: 	at android.os.Handler.handleCallback(Handler.java:959)
05-22 01:17:50.941  1466  5185 E AppOpService: 	at android.os.Handler.dispatchMessage(Handler.java:100)
05-22 01:17:50.941  1466  5185 E AppOpService: 	at android.os.Looper.loopOnce(Looper.java:232)
05-22 01:17:50.941  1466  5185 E AppOpService: 	at android.os.Looper.loop(Looper.java:317)
05-22 01:17:50.941  1466  5185 E AppOpService: 	at android.os.HandlerThread.run(HandlerThread.java:85)
05-22 01:17:51.345  1466  1499 E ApplicationHelper: Fail to get PackageManager
05-22 01:17:51.351  1466  1499 E ApplicationHelper: Fail to get PackageManager
05-22 01:17:52.010 24724 24887 E AconfigFlags: Failed to read Aconfig values from /vendor/etc/aconfig_flags.pb
05-22 01:17:52.010 24724 24887 E AconfigFlags: java.io.FileNotFoundException: /vendor/etc/aconfig_flags.pb: open failed: ENOENT (No such file or directory)
05-22 01:17:52.010 24724 24887 E AconfigFlags: 	at libcore.io.IoBridge.open(IoBridge.java:574)
05-22 01:17:52.010 24724 24887 E AconfigFlags: 	at java.io.FileInputStream.<init>(FileInputStream.java:179)
05-22 01:17:52.010 24724 24887 E AconfigFlags: 	at java.io.FileInputStream.<init>(FileInputStream.java:133)
05-22 01:17:52.010 24724 24887 E AconfigFlags: 	at com.android.internal.pm.pkg.component.AconfigFlags.<init>(AconfigFlags.java:71)
05-22 01:17:52.010 24724 24887 E AconfigFlags: 	at com.android.internal.pm.pkg.parsing.ParsingPackageUtils.<clinit>(ParsingPackageUtils.java:296)
05-22 01:17:52.010 24724 24887 E AconfigFlags: 	at com.android.internal.pm.parsing.PackageParser2.<init>(PackageParser2.java:99)
05-22 01:17:52.010 24724 24887 E AconfigFlags: 	at android.content.pm.PackageManager.getPackageArchiveInfo(PackageManager.java:8842)
05-22 01:17:52.010 24724 24887 E AconfigFlags: 	at android.content.pm.PackageManager.getPackageArchiveInfo(PackageManager.java:8816)
05-22 01:17:52.010 24724 24887 E AconfigFlags: 	at ax.U2.d.q(SourceFile:6)
05-22 01:17:52.010 24724 24887 E AconfigFlags: 	at ax.U2.d.s(SourceFile:16)
05-22 01:17:52.010 24724 24887 E AconfigFlags: 	at com.alphainventor.filemanager.file.x.Z0(SourceFile:114)
05-22 01:17:52.010 24724 24887 E AconfigFlags: 	at com.alphainventor.filemanager.file.x.A(SourceFile:19)
05-22 01:17:52.010 24724 24887 E AconfigFlags: 	at com.alphainventor.filemanager.file.o.A(SourceFile:3)
05-22 01:17:52.010 24724 24887 E AconfigFlags: 	at ax.r3.b.i(SourceFile:124)
05-22 01:17:52.010 24724 24887 E AconfigFlags: 	at ax.ga.a.a(SourceFile:16)
05-22 01:17:52.010 24724 24887 E AconfigFlags: 	at ax.ba.h.i(SourceFile:14)
05-22 01:17:52.010 24724 24887 E AconfigFlags: 	at ax.ba.h.u(SourceFile:14)
