05-22 01:36:35.087 27047 27047 F DEBUG   :       #06 pc 0000000000552cec  /data/app/~~JBot1IXQHbj3fxgmSQ-EpA==/com.activitypointsnative-9wrTXMkKvUmc5egcrJUuwA==/base.apk!libreactnative.so (offset 0x9a0000) (BuildId: 0f886ef5554d247646ab8a9aabc62b4b12cfa24a)
05-22 01:36:35.087 27047 27047 F DEBUG   :       #07 pc 000000000031acf4  /data/app/~~JBot1IXQHbj3fxgmSQ-EpA==/com.activitypointsnative-9wrTXMkKvUmc5egcrJUuwA==/base.apk!libreactnative.so (offset 0x9a0000) (facebook::react::JsErrorHandler::handleErrorWithCppPipeline(facebook::jsi::Runtime&, facebook::jsi::JSError&, bool, bool)+7440) (BuildId: 0f886ef5554d247646ab8a9aabc62b4b12cfa24a)
05-22 01:36:35.087 27047 27047 F DEBUG   :       #08 pc 0000000000318c98  /data/app/~~JBot1IXQHbj3fxgmSQ-EpA==/com.activitypointsnative-9wrTXMkKvUmc5egcrJUuwA==/base.apk!libreactnative.so (offset 0x9a0000) (facebook::react::JsErrorHandler::handleError(facebook::jsi::Runtime&, facebook::jsi::JSError&, bool, bool)+1692) (BuildId: 0f886ef5554d247646ab8a9aabc62b4b12cfa24a)
05-22 01:36:35.087 27047 27047 F DEBUG   :       #09 pc 00000000002c71f0  /data/app/~~JBot1IXQHbj3fxgmSQ-EpA==/com.activitypointsnative-9wrTXMkKvUmc5egcrJUuwA==/base.apk!libreactnative.so (offset 0x9a0000) (BuildId: 0f886ef5554d247646ab8a9aabc62b4b12cfa24a)
05-22 01:36:35.087 27047 27047 F DEBUG   :       #10 pc 00000000000d0a74  /data/app/~~JBot1IXQHbj3fxgmSQ-EpA==/com.activitypointsnative-9wrTXMkKvUmc5egcrJUuwA==/base.apk!libhermesvm.so (offset 0x538000) (BuildId: a2273328f3b3a6e35a1e4568ffcdc320e0031612)
05-22 01:36:35.087 27047 27047 F DEBUG   :       #11 pc 00000000000d07b0  /data/app/~~JBot1IXQHbj3fxgmSQ-EpA==/com.activitypointsnative-9wrTXMkKvUmc5egcrJUuwA==/base.apk!libhermesvm.so (offset 0x538000) (BuildId: a2273328f3b3a6e35a1e4568ffcdc320e0031612)
05-22 01:36:35.087 27047 27047 F DEBUG   :       #12 pc 0000000000191e48  /data/app/~~JBot1IXQHbj3fxgmSQ-EpA==/com.activitypointsnative-9wrTXMkKvUmc5egcrJUuwA==/base.apk!libhermesvm.so (offset 0x538000) (BuildId: a2273328f3b3a6e35a1e4568ffcdc320e0031612)
05-22 01:36:35.087 27047 27047 F DEBUG   :       #13 pc 000000000019eb98  /data/app/~~JBot1IXQHbj3fxgmSQ-EpA==/com.activitypointsnative-9wrTXMkKvUmc5egcrJUuwA==/base.apk!libhermesvm.so (offset 0x538000) (BuildId: a2273328f3b3a6e35a1e4568ffcdc320e0031612)
05-22 01:36:35.087 27047 27047 F DEBUG   :       #14 pc 000000000019e52c  /data/app/~~JBot1IXQHbj3fxgmSQ-EpA==/com.activitypointsnative-9wrTXMkKvUmc5egcrJUuwA==/base.apk!libhermesvm.so (offset 0x538000) (BuildId: a2273328f3b3a6e35a1e4568ffcdc320e0031612)
05-22 01:36:35.087 27047 27047 F DEBUG   :       #15 pc 00000000001d141c  /data/app/~~JBot1IXQHbj3fxgmSQ-EpA==/com.activitypointsnative-9wrTXMkKvUmc5egcrJUuwA==/base.apk!libhermesvm.so (offset 0x538000) (BuildId: a2273328f3b3a6e35a1e4568ffcdc320e0031612)
05-22 01:36:35.087 27047 27047 F DEBUG   :       #16 pc 00000000000c5af0  /data/app/~~JBot1IXQHbj3fxgmSQ-EpA==/com.activitypointsnative-9wrTXMkKvUmc5egcrJUuwA==/base.apk!libhermesvm.so (offset 0x538000) (BuildId: a2273328f3b3a6e35a1e4568ffcdc320e0031612)
05-22 01:36:35.087 27047 27047 F DEBUG   :       #17 pc 00000000000cc30c  /data/app/~~JBot1IXQHbj3fxgmSQ-EpA==/com.activitypointsnative-9wrTXMkKvUmc5egcrJUuwA==/base.apk!libhermesvm.so (offset 0x538000) (BuildId: a2273328f3b3a6e35a1e4568ffcdc320e0031612)
05-22 01:36:35.087 27047 27047 F DEBUG   :       #18 pc 00000000000c58dc  /data/app/~~JBot1IXQHbj3fxgmSQ-EpA==/com.activitypointsnative-9wrTXMkKvUmc5egcrJUuwA==/base.apk!libhermesvm.so (offset 0x538000) (BuildId: a2273328f3b3a6e35a1e4568ffcdc320e0031612)
05-22 01:36:35.087 27047 27047 F DEBUG   :       #19 pc 00000000002c2b70  /data/app/~~JBot1IXQHbj3fxgmSQ-EpA==/com.activitypointsnative-9wrTXMkKvUmc5egcrJUuwA==/base.apk!libreactnative.so (offset 0x9a0000) (BuildId: 0f886ef5554d247646ab8a9aabc62b4b12cfa24a)
05-22 01:36:35.087 27047 27047 F DEBUG   :       #20 pc 00000000004ee594  /data/app/~~JBot1IXQHbj3fxgmSQ-EpA==/com.activitypointsnative-9wrTXMkKvUmc5egcrJUuwA==/base.apk!libreactnative.so (offset 0x9a0000) (facebook::react::Task::execute(facebook::jsi::Runtime&, bool)+312) (BuildId: 0f886ef5554d247646ab8a9aabc62b4b12cfa24a)
05-22 01:36:35.087 27047 27047 F DEBUG   :       #21 pc 00000000004ec724  /data/app/~~JBot1IXQHbj3fxgmSQ-EpA==/com.activitypointsnative-9wrTXMkKvUmc5egcrJUuwA==/base.apk!libreactnative.so (offset 0x9a0000) (facebook::react::RuntimeScheduler_Modern::executeTask(facebook::jsi::Runtime&, facebook::react::Task&, bool) const+60) (BuildId: 0f886ef5554d247646ab8a9aabc62b4b12cfa24a)
05-22 01:36:35.087 27047 27047 F DEBUG   :       #22 pc 00000000004ed034  /data/app/~~JBot1IXQHbj3fxgmSQ-EpA==/com.activitypointsnative-9wrTXMkKvUmc5egcrJUuwA==/base.apk!libreactnative.so (offset 0x9a0000) (facebook::react::RuntimeScheduler_Modern::runEventLoopTick(facebook::jsi::Runtime&, facebook::react::Task&)+124) (BuildId: 0f886ef5554d247646ab8a9aabc62b4b12cfa24a)
05-22 01:36:35.087 27047 27047 F DEBUG   :       #23 pc 00000000004ecd44  /data/app/~~JBot1IXQHbj3fxgmSQ-EpA==/com.activitypointsnative-9wrTXMkKvUmc5egcrJUuwA==/base.apk!libreactnative.so (offset 0x9a0000) (facebook::react::RuntimeScheduler_Modern::runEventLoop(facebook::jsi::Runtime&)+88) (BuildId: 0f886ef5554d247646ab8a9aabc62b4b12cfa24a)
05-22 01:36:35.087 27047 27047 F DEBUG   :       #24 pc 00000000002c07b0  /data/app/~~JBot1IXQHbj3fxgmSQ-EpA==/com.activitypointsnative-9wrTXMkKvUmc5egcrJUuwA==/base.apk!libreactnative.so (offset 0x9a0000) (BuildId: 0f886ef5554d247646ab8a9aabc62b4b12cfa24a)
05-22 01:36:35.087 27047 27047 F DEBUG   :       #25 pc 00000000005242ac  /data/app/~~JBot1IXQHbj3fxgmSQ-EpA==/com.activitypointsnative-9wrTXMkKvUmc5egcrJUuwA==/base.apk!libreactnative.so (offset 0x9a0000) (BuildId: 0f886ef5554d247646ab8a9aabc62b4b12cfa24a)
05-22 01:36:35.087 27047 27047 F DEBUG   :       #26 pc 0000000000017dd0  /data/app/~~JBot1IXQHbj3fxgmSQ-EpA==/com.activitypointsnative-9wrTXMkKvUmc5egcrJUuwA==/base.apk!libfbjni.so (offset 0x4e8000) (facebook::jni::detail::MethodWrapper<void (facebook::jni::JNativeRunnable::*)(), &facebook::jni::JNativeRunnable::run(), facebook::jni::JNativeRunnable, void>::dispatch(facebook::jni::alias_ref<facebook::jni::detail::JTypeFor<facebook::jni::HybridClass<facebook::jni::JNativeRunnable, facebook::jni::JRunnable>::JavaPart, facebook::jni::JRunnable, void>::_javaobject*>)+72) (BuildId: e438f6554af1d86b210a05412e96c4251e570157)
05-22 01:36:35.088 27047 27047 F DEBUG   :       #27 pc 0000000000017d10  /data/app/~~JBot1IXQHbj3fxgmSQ-EpA==/com.activitypointsnative-9wrTXMkKvUmc5egcrJUuwA==/base.apk!libfbjni.so (offset 0x4e8000) (facebook::jni::detail::FunctionWrapper<void (*)(facebook::jni::alias_ref<facebook::jni::detail::JTypeFor<facebook::jni::HybridClass<facebook::jni::JNativeRunnable, facebook::jni::JRunnable>::JavaPart, facebook::jni::JRunnable, void>::_javaobject*>), facebook::jni::detail::JTypeFor<facebook::jni::HybridClass<facebook::jni::JNativeRunnable, facebook::jni::JRunnable>::JavaPart, facebook::jni::JRunnable, void>::_javaobject*, void>::call(_JNIEnv*, _jobject*, void (*)(facebook::jni::alias_ref<facebook::jni::detail::JTypeFor<facebook::jni::HybridClass<facebook::jni::JNativeRunnable, facebook::jni::JRunnable>::JavaPart, facebook::jni::JRunnable, void>::_javaobject*>))+60) (BuildId: e438f6554af1d86b210a05412e96c4251e570157)
05-22 01:36:35.088 27047 27047 F DEBUG   :       #28 pc 0000000000efb470  /data/misc/apexdata/com.android.art/dalvik-cache/arm64/boot.oat (art_jni_trampoline+112)
05-22 01:36:35.088 27047 27047 F DEBUG   :       #29 pc 00000000009a54c4  /data/misc/apexdata/com.android.art/dalvik-cache/arm64/boot.oat (android.os.Handler.dispatchMessage+68)
05-22 01:36:35.088 27047 27047 F DEBUG   :       #30 pc 0000000000669380  /apex/com.android.art/lib64/libart.so (nterp_helper+4016) (BuildId: 7087b2f2160bfbf3335d54ba9779e325)
05-22 01:36:35.088 27047 27047 F DEBUG   :       #31 pc 0000000000274612  /data/app/~~JBot1IXQHbj3fxgmSQ-EpA==/com.activitypointsnative-9wrTXMkKvUmc5egcrJUuwA==/oat/arm64/base.vdex (com.facebook.react.bridge.queue.MessageQueueThreadHandler.dispatchMessage+10)
05-22 01:36:35.088 27047 27047 F DEBUG   :       #32 pc 00000000009a8fa4  /data/misc/apexdata/com.android.art/dalvik-cache/arm64/boot.oat (android.os.Looper.loopOnce+980)
05-22 01:36:35.088 27047 27047 F DEBUG   :       #33 pc 00000000009a8b2c  /data/misc/apexdata/com.android.art/dalvik-cache/arm64/boot.oat (android.os.Looper.loop+540)
05-22 01:36:35.088 27047 27047 F DEBUG   :       #34 pc 0000000000668468  /apex/com.android.art/lib64/libart.so (nterp_helper+152) (BuildId: 7087b2f2160bfbf3335d54ba9779e325)
05-22 01:36:35.088 27047 27047 F DEBUG   :       #35 pc 0000000000274838  /data/app/~~JBot1IXQHbj3fxgmSQ-EpA==/com.activitypointsnative-9wrTXMkKvUmc5egcrJUuwA==/oat/arm64/base.vdex (com.facebook.react.bridge.queue.MessageQueueThreadImpl$Companion.startNewBackgroundThread$lambda$0+28)
05-22 01:36:35.088 27047 27047 F DEBUG   :       #36 pc 0000000000668404  /apex/com.android.art/lib64/libart.so (nterp_helper+52) (BuildId: 7087b2f2160bfbf3335d54ba9779e325)
05-22 01:36:35.088 27047 27047 F DEBUG   :       #37 pc 00000000002747d4  /data/app/~~JBot1IXQHbj3fxgmSQ-EpA==/com.activitypointsnative-9wrTXMkKvUmc5egcrJUuwA==/oat/arm64/base.vdex (com.facebook.react.bridge.queue.MessageQueueThreadImpl$Companion.a+0)
05-22 01:36:35.088 27047 27047 F DEBUG   :       #38 pc 0000000000668404  /apex/com.android.art/lib64/libart.so (nterp_helper+52) (BuildId: 7087b2f2160bfbf3335d54ba9779e325)
05-22 01:36:35.088 27047 27047 F DEBUG   :       #39 pc 0000000000139a3a  /data/app/~~JBot1IXQHbj3fxgmSQ-EpA==/com.activitypointsnative-9wrTXMkKvUmc5egcrJUuwA==/oat/arm64/base.vdex (B2.m.run+286)
05-22 01:36:35.088 27047 27047 F DEBUG   :       #40 pc 00000000003755f0  /data/misc/apexdata/com.android.art/dalvik-cache/arm64/boot.oat (java.lang.Thread.run+64)
05-22 01:36:35.088 27047 27047 F DEBUG   :       #41 pc 00000000002aad94  /apex/com.android.art/lib64/libart.so (art_quick_invoke_stub+612) (BuildId: 7087b2f2160bfbf3335d54ba9779e325)
05-22 01:36:35.088 27047 27047 F DEBUG   :       #42 pc 00000000002707ac  /apex/com.android.art/lib64/libart.so (art::ArtMethod::Invoke(art::Thread*, unsigned int*, unsigned int, art::JValue*, char const*)+220) (BuildId: 7087b2f2160bfbf3335d54ba9779e325)
05-22 01:36:35.088 27047 27047 F DEBUG   :       #43 pc 00000000004bdc28  /apex/com.android.art/lib64/libart.so (art::Thread::CreateCallback(void*)+1184) (BuildId: 7087b2f2160bfbf3335d54ba9779e325)
05-22 01:36:35.088 27047 27047 F DEBUG   :       #44 pc 00000000004bd778  /apex/com.android.art/lib64/libart.so (art::Thread::CreateCallbackWithUffdGc(void*)+8) (BuildId: 7087b2f2160bfbf3335d54ba9779e325)
05-22 01:36:35.088 27047 27047 F DEBUG   :       #45 pc 0000000000070318  /apex/com.android.runtime/lib64/bionic/libc.so (__pthread_start(void*)+200) (BuildId: 6e76359fff0246708d6b5e1f36cd815c)
05-22 01:36:35.088 27047 27047 F DEBUG   :       #46 pc 0000000000061690  /apex/com.android.runtime/lib64/bionic/libc.so (__start_thread+64) (BuildId: 6e76359fff0246708d6b5e1f36cd815c)
05-22 01:36:35.115  1466  1466 E MBrainLocalService: notifyAppSwitch failed
05-22 01:36:35.122  1466  1466 E MBrainLocalService: notifyAppSwitch failed
05-22 01:36:35.129  1466  1499 E ApplicationHelper: Fail to get PackageManager
05-22 01:36:35.129  1466  1499 E ApplicationHelper: Fail to get PackageManager
05-22 01:36:35.129  1466  1499 E ApplicationHelper: Fail to get PackageManager
05-22 01:36:35.169  1466  1499 E ApplicationHelper: Fail to get PackageManager
05-22 01:36:35.619  1466  1499 E ApplicationHelper: Fail to get PackageManager
05-22 01:36:35.623  1466  1499 E ApplicationHelper: Fail to get PackageManager
05-22 01:36:35.625  1466  1499 E ApplicationHelper: Fail to get PackageManager
05-22 01:36:35.628  1466  1499 E ApplicationHelper: Fail to get PackageManager
05-22 01:36:35.630  1466  1499 E ApplicationHelper: Fail to get PackageManager
05-22 01:36:35.632  1466  1499 E ApplicationHelper: Fail to get PackageManager
05-22 01:36:35.635  1466  1499 E ApplicationHelper: Fail to get PackageManager
05-22 01:36:35.636  1466  1499 E ApplicationHelper: Fail to get PackageManager
05-22 01:36:35.703  1466  2155 E hefenggg: performHapticFeedbackInternal device = 0, opPkg = com.android.systemui, always = false, constant = 1, reason = View#performHapticFeedback, fromIme = false
05-22 01:36:35.704  1466  2155 E hefenggg: vibrateInternal device = 0, opPkg = com.android.systemui, effect = Mono{mEffect=Composed{segments=[Prebaked{effect=CLICK, strength=MEDIUM, fallback=true}], repeat=-1}}, reason = performHapticFeedback(constant=1): View#performHapticFeedback, isVirbation = false, mIsCallingOrDisconnected = true
05-22 01:36:36.424  1466  1996 E hefenggg: vibrateInternal device = 0, opPkg = com.android.launcher3, effect = Mono{mEffect=Composed{segments=[Prebaked{effect=TEXTURE_TICK, strength=MEDIUM, fallback=true}], repeat=-1}}, reason = null, isVirbation = false, mIsCallingOrDisconnected = true
05-22 01:36:36.725  1466  1499 E ApplicationHelper: Fail to get PackageManager
05-22 01:36:36.727  1466  1499 E ApplicationHelper: Fail to get PackageManager
05-22 01:36:36.831  1466  1823 E hefenggg: vibrateInternal device = 0, opPkg = com.android.launcher3, effect = Mono{mEffect=Composed{segments=[Prebaked{effect=TEXTURE_TICK, strength=MEDIUM, fallback=true}], repeat=-1}}, reason = null, isVirbation = false, mIsCallingOrDisconnected = true
05-22 01:36:37.220  1466  2155 E hefenggg: vibrateInternal device = 0, opPkg = com.android.launcher3, effect = Mono{mEffect=Composed{segments=[Prebaked{effect=TEXTURE_TICK, strength=MEDIUM, fallback=true}], repeat=-1}}, reason = null, isVirbation = false, mIsCallingOrDisconnected = true
05-22 01:36:37.567  1466  1466 E MBrainLocalService: notifyAppSwitch failed
05-22 01:36:37.569  1466  1499 E ApplicationHelper: Fail to get PackageManager
05-22 01:36:37.671  1466  1499 E ApplicationHelper: Fail to get PackageManager
05-22 01:36:37.676  1466  1499 E ApplicationHelper: Fail to get PackageManager
05-22 01:36:38.108  1466  3176 E ActivityTaskManager: callerProcess.processName :  com.android.launcher3
05-22 01:36:38.122  1466  1466 E MBrainLocalService: notifyAppSwitch failed
05-22 01:36:38.125  1466  1499 E ApplicationHelper: Fail to get PackageManager
05-22 01:36:38.135  1466  1499 E ApplicationHelper: Fail to get PackageManager
05-22 01:36:38.136  1466  1499 E ApplicationHelper: Fail to get PackageManager
05-22 01:36:38.136  1466  1499 E ApplicationHelper: Fail to get PackageManager
05-22 01:36:38.136  1466  1499 E ApplicationHelper: Fail to get PackageManager
05-22 01:36:38.136  1466  1499 E ApplicationHelper: Fail to get PackageManager
05-22 01:36:38.136  1466  1499 E ApplicationHelper: Fail to get PackageManager
05-22 01:36:38.136  1466  1499 E ApplicationHelper: Fail to get PackageManager
05-22 01:36:38.136  1466  1499 E ApplicationHelper: Fail to get PackageManager
05-22 01:36:38.136  1466  1499 E ApplicationHelper: Fail to get PackageManager
05-22 01:36:38.136  1466  1499 E ApplicationHelper: Fail to get PackageManager
05-22 01:36:38.136  1466  1499 E ApplicationHelper: Fail to get PackageManager
05-22 01:36:38.136  1466  1499 E ApplicationHelper: Fail to get PackageManager
05-22 01:36:38.136  1466  1499 E ApplicationHelper: Fail to get PackageManager
05-22 01:36:38.136  1466  1499 E ApplicationHelper: Fail to get PackageManager
05-22 01:36:38.136  1466  1499 E ApplicationHelper: Fail to get PackageManager
05-22 01:36:38.158  1466  1499 E ApplicationHelper: Fail to get PackageManager
05-22 01:36:38.223  1466  1466 E MBrainLocalService: notifyAppSwitch failed
05-22 01:36:38.328  1466  1499 E ApplicationHelper: Fail to get PackageManager
05-22 01:36:38.328  1466  1499 E ApplicationHelper: Fail to get PackageManager
05-22 01:36:38.355 27062 27090 F libc    : Fatal signal 6 (SIGABRT), code -1 (SI_QUEUE) in tid 27090 (mqt_v_js), pid 27062 (itypointsnative)
05-22 01:36:38.575 27106 27106 F DEBUG   : *** *** *** *** *** *** *** *** *** *** *** *** *** *** *** ***
05-22 01:36:38.575 27106 27106 F DEBUG   : Build fingerprint: 'LAVA/LXX521/LXX521:15/AP3A.240905.015.A2/25425:user/release-keys'
05-22 01:36:38.575 27106 27106 F DEBUG   : Revision: '0'
05-22 01:36:38.575 27106 27106 F DEBUG   : ABI: 'arm64'
05-22 01:36:38.575 27106 27106 F DEBUG   : Timestamp: 2026-05-22 01:36:38.412033817+0530
05-22 01:36:38.575 27106 27106 F DEBUG   : Process uptime: 1s
05-22 01:36:38.575 27106 27106 F DEBUG   : Cmdline: com.activitypointsnative
05-22 01:36:38.575 27106 27106 F DEBUG   : pid: 27062, tid: 27090, name: mqt_v_js  >>> com.activitypointsnative <<<
05-22 01:36:38.575 27106 27106 F DEBUG   : uid: 10452
05-22 01:36:38.575 27106 27106 F DEBUG   : tagged_addr_ctrl: 0000000000000001 (PR_TAGGED_ADDR_ENABLE)
05-22 01:36:38.575 27106 27106 F DEBUG   : signal 6 (SIGABRT), code -1 (SI_QUEUE), fault addr --------
05-22 01:36:38.575 27106 27106 F DEBUG   : Abort message: 'terminating due to uncaught exception of type facebook::jni::JniException: com.facebook.react.common.JavascriptException: [runtime not ready]: ReferenceError: Property 'createMaterialTopTabNavigator' doesn't exist, stack:
05-22 01:36:38.575 27106 27106 F DEBUG   : anonymous@1:182710
05-22 01:36:38.575 27106 27106 F DEBUG   : loadModuleImplementation@1:249483
05-22 01:36:38.575 27106 27106 F DEBUG   : guardedLoadModule@1:249104
05-22 01:36:38.575 27106 27106 F DEBUG   : metroRequire@1:248543
05-22 01:36:38.575 27106 27106 F DEBUG   : anonymous@1:172485
05-22 01:36:38.575 27106 27106 F DEBUG   : loadModuleImplementation@1:249483
05-22 01:36:38.575 27106 27106 F DEBUG   : guardedLoadModule@1:249104
05-22 01:36:38.575 27106 27106 F DEBUG   : metroRequire@1:248543
05-22 01:36:38.575 27106 27106 F DEBUG   : anonymous@1:156602
05-22 01:36:38.575 27106 27106 F DEBUG   : loadModuleImplementation@1:249483
05-22 01:36:38.575 27106 27106 F DEBUG   : guardedLoadModule@1:249104
05-22 01:36:38.575 27106 27106 F DEBUG   : metroRequire@1:248543
05-22 01:36:38.575 27106 27106 F DEBUG   : anonymous@1:28493
05-22 01:36:38.575 27106 27106 F DEBUG   : loadModuleImplementation@1:249483
05-22 01:36:38.575 27106 27106 F DEBUG   : guardedLoadModule@1:249063
05-22 01:36:38.575 27106 27106 F DEBUG   : metroRequire@1:248543
05-22 01:36:38.575 27106 27106 F DEBUG   : global@1:28430
05-22 01:36:38.575 27106 27106 F DEBUG   : 
05-22 01:36:38.575 27106 27106 F DEBUG   : 	at com.facebook.react.modules.core.ExceptionsManagerModule.reportException(r8-map-id-4581dbe2eb411c7ebd341193d48a70fe8836584df3e9f92e1f8b353f811d5a92:71)
05-22 01:36:38.575 27106 27106 F DEBUG   : 	at com.facebook.react.runtime.ReactInstance$ReactJsExceptionHandlerImpl.reportJsException(r8-map-id-4581dbe2eb411c7ebd341193d48a70fe8836584df3e9f92e1f8b353f811d5a92:22)
05-22 01:36:38.575 27106 27106 F DEBUG   : 	at com.facebook.jni.NativeRunnable.run(Native Method)
05-22 01:36:38.575 27106 27106 F DEBUG   : 	at android.os.Handler.handleCallback(Handler.java:959)
05-22 01:36:38.575 27106 27106 F DEBUG   : 	at android.os.Handler.dispatchMessage(Handler.java:100)
05-22 01:36:38.575 27106 27106 F DEBUG   : 	at com.facebook.react.bridge.queue.MessageQueueThreadHandler.dispatchMessage(r8-map-id-4581dbe2eb411c7ebd341193d48a70fe8836584df3e9f92e1f8b353f811d5a92:6)
05-22 01:36:38.575 27106 27106 F DEBUG   : 	at android.os.Looper.loopOnce(Looper.java:232)
05-22 01:36:38.575 27106 27106 F DEBUG   : 	at android.os.Looper.loop(Looper.java:317)
05-22 01:36:38.575 27106 27106 F DEBUG   : 	at com.facebook.react.bridge.queue.MessageQueueThreadImpl$Companion.startNewBackgroundThread$lambda$0(r8-map-id-4581dbe2eb411c7ebd341193d48a70fe8836584df3e9f92e1f8b353f811d5a92:15)
05-22 01:36:38.575 27106 27106 F DEBUG   : 	at com.facebook.react.bridge.queue.MessageQueueThreadImpl$Companion.a(r8-map-id-4581dbe2eb411c7ebd341193d48a70fe8836584df3e9f92e1f8b353f811d5a92:1)
05-22 01:36:38.575 27106 27106 F DEBUG   : 	at B2.m.run(r8-map-id-4581dbe2eb411c7ebd341193d48a70fe8836584df3e9f92e1f8b353f811d5a92:144)
05-22 01:36:38.575 27106 27106 F DEBUG   : 	at java.lang.Thread.run(Thread.java:1564)'
05-22 01:36:38.575 27106 27106 F DEBUG   :     x0  0000000000000000  x1  00000000000069d2  x2  0000000000000006  x3  00000076b251c880
05-22 01:36:38.575 27106 27106 F DEBUG   :     x4  646277641f736766  x5  646277641f736766  x6  646277641f736766  x7  7f7f7f7f7f7f7f7f
05-22 01:36:38.575 27106 27106 F DEBUG   :     x8  00000000000000f0  x9  0000007a79477528  x10 0000000000000001  x11 0000007a794c92f0
05-22 01:36:38.575 27106 27106 F DEBUG   :     x12 000000006a0f65ce  x13 000000007fffffff  x14 0000000020218dce  x15 0000216f71f037f3
05-22 01:36:38.575 27106 27106 F DEBUG   :     x16 0000007a79532fe8  x17 0000007a7951cd40  x18 00000076b1998000  x19 00000000000069b6
05-22 01:36:38.575 27106 27106 F DEBUG   :     x20 00000000000069d2  x21 00000000ffffffff  x22 00000076b251c9b0  x23 00000076b251c9f0
05-22 01:36:38.575 27106 27106 F DEBUG   :     x24 00000076b251caa0  x25 0000000000000011  x26 00000076ba65ef69  x27 00000076ba65b76e
05-22 01:36:38.575 27106 27106 F DEBUG   :     x28 00000076ba6559a6  x29 00000076b251c900
05-22 01:36:38.575 27106 27106 F DEBUG   :     lr  0000007a794b1c18  sp  00000076b251c860  pc  0000007a794b1c44  pst 0000000000001000
05-22 01:36:38.575 27106 27106 F DEBUG   : 47 total frames
05-22 01:36:38.575 27106 27106 F DEBUG   : backtrace:
05-22 01:36:38.575 27106 27106 F DEBUG   :       #00 pc 000000000005dc44  /apex/com.android.runtime/lib64/bionic/libc.so (abort+164) (BuildId: 6e76359fff0246708d6b5e1f36cd815c)
05-22 01:36:38.575 27106 27106 F DEBUG   :       #01 pc 00000000000a0210  /data/app/~~JBot1IXQHbj3fxgmSQ-EpA==/com.activitypointsnative-9wrTXMkKvUmc5egcrJUuwA==/base.apk!libc++_shared.so (offset 0x3a8000) (BuildId: 6783a7f3a0d9c67c55a74cadc441ed55aaa493da)
05-22 01:36:38.575 27106 27106 F DEBUG   :       #02 pc 000000000009eeb0  /data/app/~~JBot1IXQHbj3fxgmSQ-EpA==/com.activitypointsnative-9wrTXMkKvUmc5egcrJUuwA==/base.apk!libc++_shared.so (offset 0x3a8000) (BuildId: 6783a7f3a0d9c67c55a74cadc441ed55aaa493da)
05-22 01:36:38.575 27106 27106 F DEBUG   :       #03 pc 000000000009f374  /data/app/~~JBot1IXQHbj3fxgmSQ-EpA==/com.activitypointsnative-9wrTXMkKvUmc5egcrJUuwA==/base.apk!libc++_shared.so (offset 0x3a8000) (BuildId: 6783a7f3a0d9c67c55a74cadc441ed55aaa493da)
05-22 01:36:38.575 27106 27106 F DEBUG   :       #04 pc 000000000009f314  /data/app/~~JBot1IXQHbj3fxgmSQ-EpA==/com.activitypointsnative-9wrTXMkKvUmc5egcrJUuwA==/base.apk!libc++_shared.so (offset 0x3a8000) (std::terminate()+56) (BuildId: 6783a7f3a0d9c67c55a74cadc441ed55aaa493da)
05-22 01:36:38.575 27106 27106 F DEBUG   :       #05 pc 00000000002b7fd4  /data/app/~~JBot1IXQHbj3fxgmSQ-EpA==/com.activitypointsnative-9wrTXMkKvUmc5egcrJUuwA==/base.apk!libreactnative.so (offset 0x9a0000) (BuildId: 0f886ef5554d247646ab8a9aabc62b4b12cfa24a)
05-22 01:36:38.575 27106 27106 F DEBUG   :       #06 pc 0000000000552cec  /data/app/~~JBot1IXQHbj3fxgmSQ-EpA==/com.activitypointsnative-9wrTXMkKvUmc5egcrJUuwA==/base.apk!libreactnative.so (offset 0x9a0000) (BuildId: 0f886ef5554d247646ab8a9aabc62b4b12cfa24a)
05-22 01:36:38.575 27106 27106 F DEBUG   :       #07 pc 000000000031acf4  /data/app/~~JBot1IXQHbj3fxgmSQ-EpA==/com.activitypointsnative-9wrTXMkKvUmc5egcrJUuwA==/base.apk!libreactnative.so (offset 0x9a0000) (facebook::react::JsErrorHandler::handleErrorWithCppPipeline(facebook::jsi::Runtime&, facebook::jsi::JSError&, bool, bool)+7440) (BuildId: 0f886ef5554d247646ab8a9aabc62b4b12cfa24a)
05-22 01:36:38.575 27106 27106 F DEBUG   :       #08 pc 0000000000318c98  /data/app/~~JBot1IXQHbj3fxgmSQ-EpA==/com.activitypointsnative-9wrTXMkKvUmc5egcrJUuwA==/base.apk!libreactnative.so (offset 0x9a0000) (facebook::react::JsErrorHandler::handleError(facebook::jsi::Runtime&, facebook::jsi::JSError&, bool, bool)+1692) (BuildId: 0f886ef5554d247646ab8a9aabc62b4b12cfa24a)
05-22 01:36:38.575 27106 27106 F DEBUG   :       #09 pc 00000000002c71f0  /data/app/~~JBot1IXQHbj3fxgmSQ-EpA==/com.activitypointsnative-9wrTXMkKvUmc5egcrJUuwA==/base.apk!libreactnative.so (offset 0x9a0000) (BuildId: 0f886ef5554d247646ab8a9aabc62b4b12cfa24a)
05-22 01:36:38.576 27106 27106 F DEBUG   :       #10 pc 00000000000d0a74  /data/app/~~JBot1IXQHbj3fxgmSQ-EpA==/com.activitypointsnative-9wrTXMkKvUmc5egcrJUuwA==/base.apk!libhermesvm.so (offset 0x538000) (BuildId: a2273328f3b3a6e35a1e4568ffcdc320e0031612)
05-22 01:36:38.576 27106 27106 F DEBUG   :       #11 pc 00000000000d07b0  /data/app/~~JBot1IXQHbj3fxgmSQ-EpA==/com.activitypointsnative-9wrTXMkKvUmc5egcrJUuwA==/base.apk!libhermesvm.so (offset 0x538000) (BuildId: a2273328f3b3a6e35a1e4568ffcdc320e0031612)
05-22 01:36:38.576 27106 27106 F DEBUG   :       #12 pc 0000000000191e48  /data/app/~~JBot1IXQHbj3fxgmSQ-EpA==/com.activitypointsnative-9wrTXMkKvUmc5egcrJUuwA==/base.apk!libhermesvm.so (offset 0x538000) (BuildId: a2273328f3b3a6e35a1e4568ffcdc320e0031612)
05-22 01:36:38.576 27106 27106 F DEBUG   :       #13 pc 000000000019eb98  /data/app/~~JBot1IXQHbj3fxgmSQ-EpA==/com.activitypointsnative-9wrTXMkKvUmc5egcrJUuwA==/base.apk!libhermesvm.so (offset 0x538000) (BuildId: a2273328f3b3a6e35a1e4568ffcdc320e0031612)
05-22 01:36:38.576 27106 27106 F DEBUG   :       #14 pc 000000000019e52c  /data/app/~~JBot1IXQHbj3fxgmSQ-EpA==/com.activitypointsnative-9wrTXMkKvUmc5egcrJUuwA==/base.apk!libhermesvm.so (offset 0x538000) (BuildId: a2273328f3b3a6e35a1e4568ffcdc320e0031612)
05-22 01:36:38.576 27106 27106 F DEBUG   :       #15 pc 00000000001d141c  /data/app/~~JBot1IXQHbj3fxgmSQ-EpA==/com.activitypointsnative-9wrTXMkKvUmc5egcrJUuwA==/base.apk!libhermesvm.so (offset 0x538000) (BuildId: a2273328f3b3a6e35a1e4568ffcdc320e0031612)
05-22 01:36:38.576 27106 27106 F DEBUG   :       #16 pc 00000000000c5af0  /data/app/~~JBot1IXQHbj3fxgmSQ-EpA==/com.activitypointsnative-9wrTXMkKvUmc5egcrJUuwA==/base.apk!libhermesvm.so (offset 0x538000) (BuildId: a2273328f3b3a6e35a1e4568ffcdc320e0031612)
05-22 01:36:38.576 27106 27106 F DEBUG   :       #17 pc 00000000000cc30c  /data/app/~~JBot1IXQHbj3fxgmSQ-EpA==/com.activitypointsnative-9wrTXMkKvUmc5egcrJUuwA==/base.apk!libhermesvm.so (offset 0x538000) (BuildId: a2273328f3b3a6e35a1e4568ffcdc320e0031612)
05-22 01:36:38.576 27106 27106 F DEBUG   :       #18 pc 00000000000c58dc  /data/app/~~JBot1IXQHbj3fxgmSQ-EpA==/com.activitypointsnative-9wrTXMkKvUmc5egcrJUuwA==/base.apk!libhermesvm.so (offset 0x538000) (BuildId: a2273328f3b3a6e35a1e4568ffcdc320e0031612)
05-22 01:36:38.576 27106 27106 F DEBUG   :       #19 pc 00000000002c2b70  /data/app/~~JBot1IXQHbj3fxgmSQ-EpA==/com.activitypointsnative-9wrTXMkKvUmc5egcrJUuwA==/base.apk!libreactnative.so (offset 0x9a0000) (BuildId: 0f886ef5554d247646ab8a9aabc62b4b12cfa24a)
05-22 01:36:38.576 27106 27106 F DEBUG   :       #20 pc 00000000004ee594  /data/app/~~JBot1IXQHbj3fxgmSQ-EpA==/com.activitypointsnative-9wrTXMkKvUmc5egcrJUuwA==/base.apk!libreactnative.so (offset 0x9a0000) (facebook::react::Task::execute(facebook::jsi::Runtime&, bool)+312) (BuildId: 0f886ef5554d247646ab8a9aabc62b4b12cfa24a)
05-22 01:36:38.576 27106 27106 F DEBUG   :       #21 pc 00000000004ec724  /data/app/~~JBot1IXQHbj3fxgmSQ-EpA==/com.activitypointsnative-9wrTXMkKvUmc5egcrJUuwA==/base.apk!libreactnative.so (offset 0x9a0000) (facebook::react::RuntimeScheduler_Modern::executeTask(facebook::jsi::Runtime&, facebook::react::Task&, bool) const+60) (BuildId: 0f886ef5554d247646ab8a9aabc62b4b12cfa24a)
05-22 01:36:38.576 27106 27106 F DEBUG   :       #22 pc 00000000004ed034  /data/app/~~JBot1IXQHbj3fxgmSQ-EpA==/com.activitypointsnative-9wrTXMkKvUmc5egcrJUuwA==/base.apk!libreactnative.so (offset 0x9a0000) (facebook::react::RuntimeScheduler_Modern::runEventLoopTick(facebook::jsi::Runtime&, facebook::react::Task&)+124) (BuildId: 0f886ef5554d247646ab8a9aabc62b4b12cfa24a)
05-22 01:36:38.576 27106 27106 F DEBUG   :       #23 pc 00000000004ecd44  /data/app/~~JBot1IXQHbj3fxgmSQ-EpA==/com.activitypointsnative-9wrTXMkKvUmc5egcrJUuwA==/base.apk!libreactnative.so (offset 0x9a0000) (facebook::react::RuntimeScheduler_Modern::runEventLoop(facebook::jsi::Runtime&)+88) (BuildId: 0f886ef5554d247646ab8a9aabc62b4b12cfa24a)
05-22 01:36:38.576 27106 27106 F DEBUG   :       #24 pc 00000000002c07b0  /data/app/~~JBot1IXQHbj3fxgmSQ-EpA==/com.activitypointsnative-9wrTXMkKvUmc5egcrJUuwA==/base.apk!libreactnative.so (offset 0x9a0000) (BuildId: 0f886ef5554d247646ab8a9aabc62b4b12cfa24a)
05-22 01:36:38.576 27106 27106 F DEBUG   :       #25 pc 00000000005242ac  /data/app/~~JBot1IXQHbj3fxgmSQ-EpA==/com.activitypointsnative-9wrTXMkKvUmc5egcrJUuwA==/base.apk!libreactnative.so (offset 0x9a0000) (BuildId: 0f886ef5554d247646ab8a9aabc62b4b12cfa24a)
05-22 01:36:38.576 27106 27106 F DEBUG   :       #26 pc 0000000000017dd0  /data/app/~~JBot1IXQHbj3fxgmSQ-EpA==/com.activitypointsnative-9wrTXMkKvUmc5egcrJUuwA==/base.apk!libfbjni.so (offset 0x4e8000) (facebook::jni::detail::MethodWrapper<void (facebook::jni::JNativeRunnable::*)(), &facebook::jni::JNativeRunnable::run(), facebook::jni::JNativeRunnable, void>::dispatch(facebook::jni::alias_ref<facebook::jni::detail::JTypeFor<facebook::jni::HybridClass<facebook::jni::JNativeRunnable, facebook::jni::JRunnable>::JavaPart, facebook::jni::JRunnable, void>::_javaobject*>)+72) (BuildId: e438f6554af1d86b210a05412e96c4251e570157)
05-22 01:36:38.576 27106 27106 F DEBUG   :       #27 pc 0000000000017d10  /data/app/~~JBot1IXQHbj3fxgmSQ-EpA==/com.activitypointsnative-9wrTXMkKvUmc5egcrJUuwA==/base.apk!libfbjni.so (offset 0x4e8000) (facebook::jni::detail::FunctionWrapper<void (*)(facebook::jni::alias_ref<facebook::jni::detail::JTypeFor<facebook::jni::HybridClass<facebook::jni::JNativeRunnable, facebook::jni::JRunnable>::JavaPart, facebook::jni::JRunnable, void>::_javaobject*>), facebook::jni::detail::JTypeFor<facebook::jni::HybridClass<facebook::jni::JNativeRunnable, facebook::jni::JRunnable>::JavaPart, facebook::jni::JRunnable, void>::_javaobject*, void>::call(_JNIEnv*, _jobject*, void (*)(facebook::jni::alias_ref<facebook::jni::detail::JTypeFor<facebook::jni::HybridClass<facebook::jni::JNativeRunnable, facebook::jni::JRunnable>::JavaPart, facebook::jni::JRunnable, void>::_javaobject*>))+60) (BuildId: e438f6554af1d86b210a05412e96c4251e570157)
05-22 01:36:38.576 27106 27106 F DEBUG   :       #28 pc 0000000000efb470  /data/misc/apexdata/com.android.art/dalvik-cache/arm64/boot.oat (art_jni_trampoline+112)
05-22 01:36:38.576 27106 27106 F DEBUG   :       #29 pc 00000000009a54c4  /data/misc/apexdata/com.android.art/dalvik-cache/arm64/boot.oat (android.os.Handler.dispatchMessage+68)
05-22 01:36:38.576 27106 27106 F DEBUG   :       #30 pc 0000000000669380  /apex/com.android.art/lib64/libart.so (nterp_helper+4016) (BuildId: 7087b2f2160bfbf3335d54ba9779e325)
05-22 01:36:38.576 27106 27106 F DEBUG   :       #31 pc 0000000000274612  /data/app/~~JBot1IXQHbj3fxgmSQ-EpA==/com.activitypointsnative-9wrTXMkKvUmc5egcrJUuwA==/oat/arm64/base.vdex (com.facebook.react.bridge.queue.MessageQueueThreadHandler.dispatchMessage+10)
05-22 01:36:38.576 27106 27106 F DEBUG   :       #32 pc 00000000009a8fa4  /data/misc/apexdata/com.android.art/dalvik-cache/arm64/boot.oat (android.os.Looper.loopOnce+980)
05-22 01:36:38.576 27106 27106 F DEBUG   :       #33 pc 00000000009a8b2c  /data/misc/apexdata/com.android.art/dalvik-cache/arm64/boot.oat (android.os.Looper.loop+540)
05-22 01:36:38.576 27106 27106 F DEBUG   :       #34 pc 0000000000668468  /apex/com.android.art/lib64/libart.so (nterp_helper+152) (BuildId: 7087b2f2160bfbf3335d54ba9779e325)
05-22 01:36:38.576 27106 27106 F DEBUG   :       #35 pc 0000000000274838  /data/app/~~JBot1IXQHbj3fxgmSQ-EpA==/com.activitypointsnative-9wrTXMkKvUmc5egcrJUuwA==/oat/arm64/base.vdex (com.facebook.react.bridge.queue.MessageQueueThreadImpl$Companion.startNewBackgroundThread$lambda$0+28)
05-22 01:36:38.576 27106 27106 F DEBUG   :       #36 pc 0000000000668404  /apex/com.android.art/lib64/libart.so (nterp_helper+52) (BuildId: 7087b2f2160bfbf3335d54ba9779e325)
05-22 01:36:38.576 27106 27106 F DEBUG   :       #37 pc 00000000002747d4  /data/app/~~JBot1IXQHbj3fxgmSQ-EpA==/com.activitypointsnative-9wrTXMkKvUmc5egcrJUuwA==/oat/arm64/base.vdex (com.facebook.react.bridge.queue.MessageQueueThreadImpl$Companion.a+0)
05-22 01:36:38.576 27106 27106 F DEBUG   :       #38 pc 0000000000668404  /apex/com.android.art/lib64/libart.so (nterp_helper+52) (BuildId: 7087b2f2160bfbf3335d54ba9779e325)
05-22 01:36:38.576 27106 27106 F DEBUG   :       #39 pc 0000000000139a3a  /data/app/~~JBot1IXQHbj3fxgmSQ-EpA==/com.activitypointsnative-9wrTXMkKvUmc5egcrJUuwA==/oat/arm64/base.vdex (B2.m.run+286)
05-22 01:36:38.576 27106 27106 F DEBUG   :       #40 pc 00000000003755f0  /data/misc/apexdata/com.android.art/dalvik-cache/arm64/boot.oat (java.lang.Thread.run+64)
05-22 01:36:38.576 27106 27106 F DEBUG   :       #41 pc 00000000002aad94  /apex/com.android.art/lib64/libart.so (art_quick_invoke_stub+612) (BuildId: 7087b2f2160bfbf3335d54ba9779e325)
05-22 01:36:38.576 27106 27106 F DEBUG   :       #42 pc 00000000002707ac  /apex/com.android.art/lib64/libart.so (art::ArtMethod::Invoke(art::Thread*, unsigned int*, unsigned int, art::JValue*, char const*)+220) (BuildId: 7087b2f2160bfbf3335d54ba9779e325)
05-22 01:36:38.576 27106 27106 F DEBUG   :       #43 pc 00000000004bdc28  /apex/com.android.art/lib64/libart.so (art::Thread::CreateCallback(void*)+1184) (BuildId: 7087b2f2160bfbf3335d54ba9779e325)
05-22 01:36:38.576 27106 27106 F DEBUG   :       #44 pc 00000000004bd778  /apex/com.android.art/lib64/libart.so (art::Thread::CreateCallbackWithUffdGc(void*)+8) (BuildId: 7087b2f2160bfbf3335d54ba9779e325)
05-22 01:36:38.576 27106 27106 F DEBUG   :       #45 pc 0000000000070318  /apex/com.android.runtime/lib64/bionic/libc.so (__pthread_start(void*)+200) (BuildId: 6e76359fff0246708d6b5e1f36cd815c)
05-22 01:36:38.576 27106 27106 F DEBUG   :       #46 pc 0000000000061690  /apex/com.android.runtime/lib64/bionic/libc.so (__start_thread+64) (BuildId: 6e76359fff0246708d6b5e1f36cd815c)
05-22 01:36:38.599  1466  1466 E MBrainLocalService: notifyAppSwitch failed
05-22 01:36:38.608  1466  1466 E MBrainLocalService: notifyAppSwitch failed
05-22 01:36:38.640  1466  1499 E ApplicationHelper: Fail to get PackageManager
05-22 01:36:38.640  1466  1499 E ApplicationHelper: Fail to get PackageManager
05-22 01:36:38.644  1466  1499 E ApplicationHelper: Fail to get PackageManager
05-22 01:36:38.681  1466  1499 E ApplicationHelper: Fail to get PackageManager
05-22 01:36:40.038  1466  1499 E ApplicationHelper: Fail to get PackageManager
05-22 01:36:40.100  1466  1466 E ScreenIntentReceiver: notifyChange failed
05-22 01:36:40.105  1466  1499 E ApplicationHelper: Fail to get PackageManager
05-22 01:36:40.106  1466  1499 E ApplicationHelper: Fail to get PackageManager
05-22 01:36:40.106  1466  1499 E ApplicationHelper: Fail to get PackageManager
05-22 01:36:40.108  1466  1499 E ApplicationHelper: Fail to get PackageManager
05-22 01:36:40.109  1466  1499 E ApplicationHelper: Fail to get PackageManager
05-22 01:36:40.110  1466  1499 E ApplicationHelper: Fail to get PackageManager
05-22 01:36:40.111  1466  1499 E ApplicationHelper: Fail to get PackageManager
05-22 01:36:40.125  1466  1499 E ApplicationHelper: Fail to get PackageManager
05-22 01:36:41.174  1466  1466 E MBrainLocalService: notifyAppSwitch failed
05-22 01:36:41.180  1466  1499 E ApplicationHelper: Fail to get PackageManager
05-22 01:36:41.180  1466  1499 E ApplicationHelper: Fail to get PackageManager
05-22 01:36:41.180  1466  1499 E ApplicationHelper: Fail to get PackageManager
05-22 01:36:41.227  1466  1499 E ApplicationHelper: Fail to get PackageManager
05-22 01:36:43.203  1466  1499 E ApplicationHelper: Fail to get PackageManager
05-22 01:36:44.795  1466  1499 E ApplicationHelper: Fail to get PackageManager
05-22 01:36:44.800  1466  1499 E ApplicationHelper: Fail to get PackageManager
05-22 01:36:48.806  1466  1499 E ApplicationHelper: Fail to get PackageManager
05-22 01:36:51.208  1466  1499 E ApplicationHelper: Fail to get PackageManager
05-22 01:36:51.208  1466  1499 E ApplicationHelper: Fail to get PackageManager
05-22 01:36:51.208  1466  1499 E ApplicationHelper: Fail to get PackageManager
05-22 01:36:51.208  1466  1499 E ApplicationHelper: Fail to get PackageManager
05-22 01:36:51.208  1466  1499 E ApplicationHelper: Fail to get PackageManager
05-22 01:36:51.208  1466  1499 E ApplicationHelper: Fail to get PackageManager
05-22 01:36:51.208  1466  1499 E ApplicationHelper: Fail to get PackageManager
05-22 01:36:51.208  1466  1499 E ApplicationHelper: Fail to get PackageManager
05-22 01:36:52.803  1466  1499 E ApplicationHelper: Fail to get PackageManager
05-22 01:36:55.092  1466  1499 E ApplicationHelper: Fail to get PackageManager
05-22 01:36:55.092  1466  1499 E ApplicationHelper: Fail to get PackageManager
05-22 01:36:55.092  1466  1499 E ApplicationHelper: Fail to get PackageManager
05-22 01:36:55.096  1466  1499 E ApplicationHelper: Fail to get PackageManager
05-22 01:36:55.116  1466  1466 E ScreenIntentReceiver: notifyChange failed
05-22 01:36:55.124  1466  1499 E ApplicationHelper: Fail to get PackageManager
05-22 01:36:55.127  1466  1499 E ApplicationHelper: Fail to get PackageManager
05-22 01:36:55.129  1466  1499 E ApplicationHelper: Fail to get PackageManager
05-22 01:36:55.129  1466  1499 E ApplicationHelper: Fail to get PackageManager
05-22 01:36:55.133  1466  1499 E ApplicationHelper: Fail to get PackageManager
05-22 01:36:55.134  1466  1499 E ApplicationHelper: Fail to get PackageManager
05-22 01:36:55.135  1466  1499 E ApplicationHelper: Fail to get PackageManager
05-22 01:36:55.156  1466  1499 E ApplicationHelper: Fail to get PackageManager
05-22 01:36:55.166  1466  1466 E ScreenIntentReceiver: notifyChange failed
05-22 01:36:55.172  1466  1499 E ApplicationHelper: Fail to get PackageManager
05-22 01:36:55.174  1466  1499 E ApplicationHelper: Fail to get PackageManager
05-22 01:36:55.176  1466  1499 E ApplicationHelper: Fail to get PackageManager
05-22 01:36:55.177  1466  1499 E ApplicationHelper: Fail to get PackageManager
05-22 01:36:55.177  1466  1499 E ApplicationHelper: Fail to get PackageManager
05-22 01:36:55.177  1466  1499 E ApplicationHelper: Fail to get PackageManager
05-22 01:36:55.178  1466  1499 E ApplicationHelper: Fail to get PackageManager
05-22 01:36:55.178  1466  1499 E ApplicationHelper: Fail to get PackageManager
05-22 01:36:55.193  1466  1499 E ApplicationHelper: Fail to get PackageManager
05-22 01:36:57.105  1466  1499 E ApplicationHelper: Fail to get PackageManager
05-22 01:36:57.108  1466  1499 E ApplicationHelper: Fail to get PackageManager
05-22 01:37:00.595  1466  1499 E ApplicationHelper: Fail to get PackageManager
05-22 01:37:01.026  1466  1499 E ApplicationHelper: Fail to get PackageManager
05-22 01:37:01.188  1466  1499 E ApplicationHelper: Fail to get PackageManager
05-22 01:37:18.873  1466  1499 E ApplicationHelper: Fail to get PackageManager
05-22 01:37:21.173  1466  1499 E ApplicationHelper: Fail to get PackageManager
05-22 01:37:37.703  1466  1499 E hefenggg: vibrateInternal device = 0, opPkg = android, effect = Mono{mEffect=Composed{segments=[Prebaked{effect=CLICK, strength=MEDIUM, fallback=true}], repeat=-1}}, reason = Wake Up, isVirbation = false, mIsCallingOrDisconnected = true
05-22 01:37:37.745  1466  1499 E ApplicationHelper: Fail to get PackageManager
05-22 01:37:37.746  1466  1499 E ApplicationHelper: Fail to get PackageManager
05-22 01:37:37.746  1466  1499 E ApplicationHelper: Fail to get PackageManager
05-22 01:37:37.746  1466  1499 E ApplicationHelper: Fail to get PackageManager
05-22 01:37:37.747  1466  1499 E ApplicationHelper: Fail to get PackageManager
05-22 01:37:37.752  1466  1466 E ScreenIntentReceiver: notifyChange failed
05-22 01:37:37.768  1466  1499 E ApplicationHelper: Fail to get PackageManager
05-22 01:37:37.774  1466  1499 E ApplicationHelper: Fail to get PackageManager
05-22 01:37:37.776  1466  1499 E ApplicationHelper: Fail to get PackageManager
05-22 01:37:37.776  1466  1499 E ApplicationHelper: Fail to get PackageManager
05-22 01:37:37.785  1466  1499 E ApplicationHelper: Fail to get PackageManager
05-22 01:37:37.787  1466  1499 E ApplicationHelper: Fail to get PackageManager
05-22 01:37:37.790  1466  1499 E ApplicationHelper: Fail to get PackageManager
05-22 01:37:37.811  1466  1499 E ApplicationHelper: Fail to get PackageManager
05-22 01:37:37.814  1466  1499 E ApplicationHelper: Fail to get PackageManager
05-22 01:37:38.021  1466  1466 E ScreenIntentReceiver: notifyChange failed
05-22 01:37:38.027  1466  1499 E ApplicationHelper: Fail to get PackageManager
05-22 01:37:38.028  1466  1499 E ApplicationHelper: Fail to get PackageManager
05-22 01:37:38.032  1466  1499 E ApplicationHelper: Fail to get PackageManager
05-22 01:37:38.033  1466  1499 E ApplicationHelper: Fail to get PackageManager
05-22 01:37:38.035  1466  1499 E ApplicationHelper: Fail to get PackageManager
05-22 01:37:38.036  1466  1499 E ApplicationHelper: Fail to get PackageManager
05-22 01:37:38.036  1466  1499 E ApplicationHelper: Fail to get PackageManager
05-22 01:37:38.057  1466  1499 E ApplicationHelper: Fail to get PackageManager
05-22 01:37:39.279  1466  1499 E ApplicationHelper: Fail to get PackageManager
05-22 01:37:39.279  1466  1499 E ApplicationHelper: Fail to get PackageManager
05-22 01:37:39.279  1466  1499 E ApplicationHelper: Fail to get PackageManager
05-22 01:37:39.279  1466  1499 E ApplicationHelper: Fail to get PackageManager
05-22 01:37:39.279  1466  1499 E ApplicationHelper: Fail to get PackageManager
05-22 01:37:39.279  1466  1499 E ApplicationHelper: Fail to get PackageManager
05-22 01:37:39.279  1466  1499 E ApplicationHelper: Fail to get PackageManager
05-22 01:37:39.284  1466  1466 E ScreenIntentReceiver: notifyChange failed
05-22 01:37:39.297  1466  1499 E ApplicationHelper: Fail to get PackageManager
05-22 01:37:39.302  1466  1499 E ApplicationHelper: Fail to get PackageManager
05-22 01:37:39.309  1466  1499 E ApplicationHelper: Fail to get PackageManager
05-22 01:37:39.309  1466  1499 E ApplicationHelper: Fail to get PackageManager
05-22 01:37:39.310  1466  1499 E ApplicationHelper: Fail to get PackageManager
05-22 01:37:39.311  1466  1499 E ApplicationHelper: Fail to get PackageManager
05-22 01:37:39.315  1466  1499 E ApplicationHelper: Fail to get PackageManager
05-22 01:37:39.327  1466  1499 E ApplicationHelper: Fail to get PackageManager
05-22 01:37:40.254  1466  1969 E hefenggg: performHapticFeedbackInternal device = 0, opPkg = com.android.systemui, always = true, constant = 16, reason = View#performHapticFeedback, fromIme = false
05-22 01:37:40.254  1466  1969 E hefenggg: vibrateInternal device = 0, opPkg = com.android.systemui, effect = Mono{mEffect=Composed{segments=[Prebaked{effect=CLICK, strength=MEDIUM, fallback=true}], repeat=-1}}, reason = performHapticFeedback(constant=16): View#performHapticFeedback, isVirbation = false, mIsCallingOrDisconnected = true
05-22 01:37:40.259  1466  1499 E ApplicationHelper: Fail to get PackageManager
05-22 01:37:40.263  1466  1499 E ApplicationHelper: Fail to get PackageManager
05-22 01:37:40.264  1466  1499 E ApplicationHelper: Fail to get PackageManager
05-22 01:37:40.270  1466  1788 E FingerprintProvider/default: onPointerUp received during client: null
05-22 01:37:40.627  1466  1466 E ScreenIntentReceiver: notifyChange failed
05-22 01:37:40.733  1466  1499 E ApplicationHelper: Fail to get PackageManager
05-22 01:37:41.137  1466  1499 E ApplicationHelper: Fail to get PackageManager
05-22 01:37:41.142  1466  1499 E ApplicationHelper: Fail to get PackageManager
05-22 01:37:41.156  1466  1499 E ApplicationHelper: Fail to get PackageManager
05-22 01:37:41.161  1466  1499 E ApplicationHelper: Fail to get PackageManager
05-22 01:37:41.171  1466  1499 E ApplicationHelper: Fail to get PackageManager
05-22 01:37:41.176  1466  1499 E ApplicationHelper: Fail to get PackageManager
05-22 01:37:41.179  1466  1499 E ApplicationHelper: Fail to get PackageManager
05-22 01:37:41.198  1466  1499 E ApplicationHelper: Fail to get PackageManager
05-22 01:37:41.206  1466  1499 E ApplicationHelper: Fail to get PackageManager
05-22 01:37:41.209  1466  1499 E ApplicationHelper: Fail to get PackageManager
05-22 01:37:41.212  1466  1499 E ApplicationHelper: Fail to get PackageManager
05-22 01:37:41.213  1466  1499 E ApplicationHelper: Fail to get PackageManager
05-22 01:37:41.222  1466  1499 E ApplicationHelper: Fail to get PackageManager
05-22 01:37:41.222  1466  1499 E ApplicationHelper: Fail to get PackageManager
05-22 01:37:41.227  1466  1499 E ApplicationHelper: Fail to get PackageManager
05-22 01:37:41.228  1466  1499 E ApplicationHelper: Fail to get PackageManager
05-22 01:37:41.232  1466  1499 E ApplicationHelper: Fail to get PackageManager
05-22 01:37:41.233  1466  1499 E ApplicationHelper: Fail to get PackageManager
05-22 01:37:41.240  1466  1499 E ApplicationHelper: Fail to get PackageManager
05-22 01:37:41.242  1466  1499 E ApplicationHelper: Fail to get PackageManager
05-22 01:37:41.249  1466  1499 E ApplicationHelper: Fail to get PackageManager
05-22 01:37:41.250  1466  1499 E ApplicationHelper: Fail to get PackageManager
05-22 01:37:41.256  1466  1499 E ApplicationHelper: Fail to get PackageManager
05-22 01:37:41.257  1466  1499 E ApplicationHelper: Fail to get PackageManager
05-22 01:37:41.263  1466  1499 E ApplicationHelper: Fail to get PackageManager
05-22 01:37:41.265  1466  1499 E ApplicationHelper: Fail to get PackageManager
05-22 01:37:42.269  1466  1499 E ApplicationHelper: Fail to get PackageManager
05-22 01:37:43.425  1466  2850 E hefenggg: performHapticFeedbackInternal device = 0, opPkg = com.android.systemui, always = false, constant = 1, reason = View#performHapticFeedback, fromIme = false
05-22 01:37:43.426  1466  2850 E hefenggg: vibrateInternal device = 0, opPkg = com.android.systemui, effect = Mono{mEffect=Composed{segments=[Prebaked{effect=CLICK, strength=MEDIUM, fallback=true}], repeat=-1}}, reason = performHapticFeedback(constant=1): View#performHapticFeedback, isVirbation = false, mIsCallingOrDisconnected = true
05-22 01:37:43.830  1466  1499 E ApplicationHelper: Fail to get PackageManager
05-22 01:37:44.064  1466  2850 E hefenggg: performHapticFeedbackInternal device = 0, opPkg = com.android.systemui, always = false, constant = 1, reason = View#performHapticFeedback, fromIme = false
05-22 01:37:44.064  1466  2850 E hefenggg: vibrateInternal device = 0, opPkg = com.android.systemui, effect = Mono{mEffect=Composed{segments=[Prebaked{effect=CLICK, strength=MEDIUM, fallback=true}], repeat=-1}}, reason = performHapticFeedback(constant=1): View#performHapticFeedback, isVirbation = false, mIsCallingOrDisconnected = true
05-22 01:37:44.710  1466  1499 E ApplicationHelper: Fail to get PackageManager
05-22 01:37:44.759  1466  1499 E ApplicationHelper: Fail to get PackageManager
05-22 01:37:44.761  1466  1499 E ApplicationHelper: Fail to get PackageManager
05-22 01:37:44.769  1466  1499 E ApplicationHelper: Fail to get PackageManager
05-22 01:37:44.769  1466  1499 E ApplicationHelper: Fail to get PackageManager
05-22 01:37:46.683  1466  3702 E ActivityTaskManager: callerProcess.processName :  com.android.systemui
05-22 01:37:46.743  1466  1499 E ApplicationHelper: Fail to get PackageManager
05-22 01:37:46.808  1466  1466 E MBrainLocalService: notifyAppSwitch failed
05-22 01:37:47.061  1466  1499 E ApplicationHelper: Fail to get PackageManager
05-22 01:37:47.064  1466  1499 E ApplicationHelper: Fail to get PackageManager
05-22 01:37:47.064  1466  1499 E ApplicationHelper: Fail to get PackageManager
05-22 01:37:47.072  1466  1499 E ApplicationHelper: Fail to get PackageManager
05-22 01:37:47.079  1466  1499 E ApplicationHelper: Fail to get PackageManager
05-22 01:37:47.110  1466  1499 E ApplicationHelper: Fail to get PackageManager
05-22 01:37:47.193  1466  1499 E ApplicationHelper: Fail to get PackageManager
05-22 01:37:47.208  1466  1499 E ApplicationHelper: Fail to get PackageManager
05-22 01:37:47.341  1466  1499 E ApplicationHelper: Fail to get PackageManager
05-22 01:37:47.341  1466  1499 E ApplicationHelper: Fail to get PackageManager
05-22 01:37:47.415  1466  1499 E ApplicationHelper: Fail to get PackageManager
05-22 01:37:47.637  1466  1499 E ApplicationHelper: Fail to get PackageManager
05-22 01:37:47.637  1466  1499 E ApplicationHelper: Fail to get PackageManager
05-22 01:37:47.644  1466  1499 E ApplicationHelper: Fail to get PackageManager
05-22 01:37:47.644  1466  1499 E ApplicationHelper: Fail to get PackageManager
05-22 01:37:49.887  1466  1969 E hefenggg: performHapticFeedbackInternal device = 0, opPkg = com.android.systemui, always = true, constant = 16, reason = View#performHapticFeedback, fromIme = false
05-22 01:37:49.887  1466  1969 E hefenggg: vibrateInternal device = 0, opPkg = com.android.systemui, effect = Mono{mEffect=Composed{segments=[Prebaked{effect=CLICK, strength=MEDIUM, fallback=true}], repeat=-1}}, reason = performHapticFeedback(constant=16): View#performHapticFeedback, isVirbation = false, mIsCallingOrDisconnected = true
05-22 01:37:49.895  1466  1788 E FingerprintProvider/default: onPointerUp received during client: null
05-22 01:37:50.900  1466 26666 E AdbDebuggingManager: Caught an exception opening the socket: java.io.IOException: Connection refused
05-22 01:37:51.308  1466  1499 E ApplicationHelper: Fail to get PackageManager
05-22 01:37:51.308  1466  1499 E ApplicationHelper: Fail to get PackageManager
05-22 01:37:51.324  1466  1499 E ApplicationHelper: Fail to get PackageManager
05-22 01:37:51.330  1466  1499 E ApplicationHelper: Fail to get PackageManager
05-22 01:37:51.334  1466  1499 E ApplicationHelper: Fail to get PackageManager
05-22 01:37:51.337  1466  1499 E ApplicationHelper: Fail to get PackageManager
05-22 01:37:51.377  1466  1499 E ApplicationHelper: Fail to get PackageManager
